Archive member included to satisfy reference by file (symbol)

C:\Users\unknown\Documents\LPCWorkspace\lpc_chip_175x_6x\Debug\liblpc_chip_175x_6x.a(adc_17xx_40xx.o)
                              ./Example/src/FRTOS.o (Chip_ADC_Init)
C:\Users\unknown\Documents\LPCWorkspace\lpc_chip_175x_6x\Debug\liblpc_chip_175x_6x.a(chip_17xx_40xx.o)
                              ./freeRTOS/src/port.o (SystemCoreClock)
C:\Users\unknown\Documents\LPCWorkspace\lpc_chip_175x_6x\Debug\liblpc_chip_175x_6x.a(clock_17xx_40xx.o)
                              C:\Users\unknown\Documents\LPCWorkspace\lpc_chip_175x_6x\Debug\liblpc_chip_175x_6x.a(chip_17xx_40xx.o) (Chip_Clock_EnablePLL)
C:\Users\unknown\Documents\LPCWorkspace\lpc_chip_175x_6x\Debug\liblpc_chip_175x_6x.a(iocon_17xx_40xx.o)
                              ./Example/src/FRTOS.o (Chip_IOCON_PinMux)
C:\Users\unknown\Documents\LPCWorkspace\lpc_chip_175x_6x\Debug\liblpc_chip_175x_6x.a(sysinit_17xx_40xx.o)
                              ./Example/src/sysinit.o (Chip_SystemInit)
C:\Users\unknown\Documents\LPCWorkspace\lpc_chip_175x_6x\Debug\liblpc_chip_175x_6x.a(timer_17xx_40xx.o)
                              ./Example/src/FRTOS.o (Chip_TIMER_Init)
c:/nxp/lpcxpresso_8.2.2_650/lpcxpresso/tools/bin/../lib/gcc/arm-none-eabi/5.4.1/../../../../arm-none-eabi/lib/armv7-m\libcr_semihost.a(_cr__main.o)
                              ./Example/src/cr_startup_lpc175x_6x.o (__main)
c:/nxp/lpcxpresso_8.2.2_650/lpcxpresso/tools/bin/../lib/gcc/arm-none-eabi/5.4.1/../../../../arm-none-eabi/lib/armv7-m\libcr_c.a(memcpy.o)
                              ./freeRTOS/src/queue.o (memcpy)
c:/nxp/lpcxpresso_8.2.2_650/lpcxpresso/tools/bin/../lib/gcc/arm-none-eabi/5.4.1/../../../../arm-none-eabi/lib/armv7-m\libcr_c.a(memset.o)
                              ./freeRTOS/src/tasks.o (memset)
c:/nxp/lpcxpresso_8.2.2_650/lpcxpresso/tools/bin/../lib/gcc/arm-none-eabi/5.4.1/../../../../arm-none-eabi/lib/armv7-m\libcr_c.a(alloc.o)
                              ./freeRTOS/src/heap_3.o (malloc)
c:/nxp/lpcxpresso_8.2.2_650/lpcxpresso/tools/bin/../lib/gcc/arm-none-eabi/5.4.1/../../../../arm-none-eabi/lib/armv7-m\libcr_c.a(initio.o)
                              c:/nxp/lpcxpresso_8.2.2_650/lpcxpresso/tools/bin/../lib/gcc/arm-none-eabi/5.4.1/../../../../arm-none-eabi/lib/armv7-m\libcr_semihost.a(_cr__main.o) (_initio)
c:/nxp/lpcxpresso_8.2.2_650/lpcxpresso/tools/bin/../lib/gcc/arm-none-eabi/5.4.1/../../../../arm-none-eabi/lib/armv7-m\libcr_c.a(setvbuf.o)
                              c:/nxp/lpcxpresso_8.2.2_650/lpcxpresso/tools/bin/../lib/gcc/arm-none-eabi/5.4.1/../../../../arm-none-eabi/lib/armv7-m\libcr_c.a(initio.o) (setvbuf)
c:/nxp/lpcxpresso_8.2.2_650/lpcxpresso/tools/bin/../lib/gcc/arm-none-eabi/5.4.1/../../../../arm-none-eabi/lib/armv7-m\libcr_c.a(stdio.o)
                              c:/nxp/lpcxpresso_8.2.2_650/lpcxpresso/tools/bin/../lib/gcc/arm-none-eabi/5.4.1/../../../../arm-none-eabi/lib/armv7-m\libcr_c.a(initio.o) (__Ciob)
c:/nxp/lpcxpresso_8.2.2_650/lpcxpresso/tools/bin/../lib/gcc/arm-none-eabi/5.4.1/../../../../arm-none-eabi/lib/armv7-m\libcr_c.a(__fillbuf.o)
                              c:/nxp/lpcxpresso_8.2.2_650/lpcxpresso/tools/bin/../lib/gcc/arm-none-eabi/5.4.1/../../../../arm-none-eabi/lib/armv7-m\libcr_c.a(stdio.o) (__filbuf)
c:/nxp/lpcxpresso_8.2.2_650/lpcxpresso/tools/bin/../lib/gcc/arm-none-eabi/5.4.1/../../../../arm-none-eabi/lib/armv7-m\libcr_c.a(__init_alloc.o)
                              c:/nxp/lpcxpresso_8.2.2_650/lpcxpresso/tools/bin/../lib/gcc/arm-none-eabi/5.4.1/../../../../arm-none-eabi/lib/armv7-m\libcr_c.a(alloc.o) (__heaps)
c:/nxp/lpcxpresso_8.2.2_650/lpcxpresso/tools/bin/../lib/gcc/arm-none-eabi/5.4.1/../../../../arm-none-eabi/lib/armv7-m\libcr_c.a(_cr_sbrk.o)
                              c:/nxp/lpcxpresso_8.2.2_650/lpcxpresso/tools/bin/../lib/gcc/arm-none-eabi/5.4.1/../../../../arm-none-eabi/lib/armv7-m\libcr_c.a(alloc.o) (_sbrk)
c:/nxp/lpcxpresso_8.2.2_650/lpcxpresso/tools/bin/../lib/gcc/arm-none-eabi/5.4.1/../../../../arm-none-eabi/lib/armv7-m\libcr_c.a(_deferredlazyseek.o)
                              c:/nxp/lpcxpresso_8.2.2_650/lpcxpresso/tools/bin/../lib/gcc/arm-none-eabi/5.4.1/../../../../arm-none-eabi/lib/armv7-m\libcr_c.a(__fillbuf.o) (_deferredlazyseek)
c:/nxp/lpcxpresso_8.2.2_650/lpcxpresso/tools/bin/../lib/gcc/arm-none-eabi/5.4.1/../../../../arm-none-eabi/lib/armv7-m\libcr_c.a(_fdopen.o)
                              c:/nxp/lpcxpresso_8.2.2_650/lpcxpresso/tools/bin/../lib/gcc/arm-none-eabi/5.4.1/../../../../arm-none-eabi/lib/armv7-m\libcr_c.a(initio.o) (_fdopen)
c:/nxp/lpcxpresso_8.2.2_650/lpcxpresso/tools/bin/../lib/gcc/arm-none-eabi/5.4.1/../../../../arm-none-eabi/lib/armv7-m\libcr_c.a(_fflush.o)
                              c:/nxp/lpcxpresso_8.2.2_650/lpcxpresso/tools/bin/../lib/gcc/arm-none-eabi/5.4.1/../../../../arm-none-eabi/lib/armv7-m\libcr_c.a(__fillbuf.o) (_fflush)
[...]
Memory Configuration

Name             Origin             Length             Attributes
MFlash512        0x00000000         0x00080000         xr
RamLoc32         0x10000000         0x00008000         xrw
RamAHB32         0x2007c000         0x00008000         xrw
*default*        0x00000000         0xffffffff

Linker script and memory map

LOAD ./freeRTOS/src/FreeRTOSCommonHooks.o
LOAD ./freeRTOS/src/croutine.o
LOAD ./freeRTOS/src/event_groups.o
LOAD ./freeRTOS/src/heap_3.o
LOAD ./freeRTOS/src/list.o
LOAD ./freeRTOS/src/port.o
LOAD ./freeRTOS/src/queue.o
LOAD ./freeRTOS/src/tasks.o
LOAD ./freeRTOS/src/timers.o
LOAD ./Example/src/FRTOS.o
LOAD ./Example/src/cr_startup_lpc175x_6x.o
LOAD ./Example/src/crp.o
LOAD ./Example/src/sysinit.o
LOAD C:\Users\unknown\Documents\LPCWorkspace\lpc_chip_175x_6x\Debug\liblpc_chip_175x_6x.a
START GROUP
LOAD c:/nxp/lpcxpresso_8.2.2_650/lpcxpresso/tools/bin/../lib/gcc/arm-none-eabi/5.4.1/../../../../arm-none-eabi/lib/armv7-m\libcr_semihost.a
LOAD c:/nxp/lpcxpresso_8.2.2_650/lpcxpresso/tools/bin/../lib/gcc/arm-none-eabi/5.4.1/../../../../arm-none-eabi/lib/armv7-m\libcr_c.a
LOAD c:/nxp/lpcxpresso_8.2.2_650/lpcxpresso/tools/bin/../lib/gcc/arm-none-eabi/5.4.1/armv7-m\libcr_eabihelpers.a
END GROUP
                0x00000000                __base_MFlash512 = 0x0
                0x00000000                __base_Flash = 0x0
                0x00080000                __top_MFlash512 = 0x80000
                0x00080000                __top_Flash = 0x80000
                0x10000000                __base_RamLoc32 = 0x10000000
                0x10000000                __base_RAM = 0x10000000
                0x10008000                __top_RamLoc32 = 0x10008000
                0x10008000                __top_RAM = 0x10008000
                0x2007c000                __base_RamAHB32 = 0x2007c000
                0x2007c000                __base_RAM2 = 0x2007c000
                0x20084000                __top_RamAHB32 = 0x20084000
                0x20084000                __top_RAM2 = 0x20084000

.text           0x00000000     0x3604
 FILL mask 0xff
                0x00000000                __vectors_start__ = ABSOLUTE (.)
 *(.isr_vector)
 .isr_vector    0x00000000       0xcc ./Example/src/cr_startup_lpc175x_6x.o
                0x00000000                g_pfnVectors
                0x000000cc                . = ALIGN (0x4)
                0x000000cc                __section_table_start = .
                0x000000cc                __data_section_table = .
                0x000000cc        0x4 LONG 0x3604 LOADADDR (.data)
                0x000000d0        0x4 LONG 0x10000000 ADDR (.data)
                0x000000d4        0x4 LONG 0x10 SIZEOF (.data)
                0x000000d8        0x4 LONG 0x3604 LOADADDR (.data_RAM2)
                0x000000dc        0x4 LONG 0x2007c000 ADDR (.data_RAM2)
                0x000000e0        0x4 LONG 0x0 SIZEOF (.data_RAM2)
                0x000000e4                __data_section_table_end = .
                0x000000e4                __bss_section_table = .
                0x000000e4        0x4 LONG 0x10000010 ADDR (.bss)
                0x000000e8        0x4 LONG 0x28c SIZEOF (.bss)
                0x000000ec        0x4 LONG 0x2007c000 ADDR (.bss_RAM2)
                0x000000f0        0x4 LONG 0x0 SIZEOF (.bss_RAM2)
                0x000000f4                __bss_section_table_end = .
                0x000000f4                __section_table_end = .
 *(.after_vectors*)
 .after_vectors
                0x000000f4      0x144 ./Example/src/cr_startup_lpc175x_6x.o
                0x000000f4                data_init
                0x00000138                bss_init
                0x00000170                ResetISR
                0x000001e8                NMI_Handler
                0x000001f0                HardFault_Handler
                0x000001f8                MemManage_Handler
                0x00000200                BusFault_Handler
                0x00000208                UsageFault_Handler
                0x00000218                DebugMon_Handler
                0x00000230                UART1_IRQHandler
                0x00000230                EINT3_IRQHandler
                0x00000230                I2C1_IRQHandler
                0x00000230                TIMER3_IRQHandler
                0x00000230                UART0_IRQHandler
                0x00000230                USBActivity_IRQHandler
                0x00000230                CANActivity_IRQHandler
                0x00000230                EINT2_IRQHandler
                0x00000230                IntDefaultHandler
                0x00000230                PLL0_IRQHandler
                0x00000230                I2C0_IRQHandler
                0x00000230                PLL1_IRQHandler
                0x00000230                SSP0_IRQHandler
                0x00000230                I2S_IRQHandler
                0x00000230                I2C2_IRQHandler
                0x00000230                RTC_IRQHandler
                0x00000230                SPI_IRQHandler
                0x00000230                RIT_IRQHandler
                0x00000230                EINT1_IRQHandler
                0x00000230                TIMER1_IRQHandler
                0x00000230                UART2_IRQHandler
                0x00000230                SSP1_IRQHandler
                0x00000230                USB_IRQHandler
                0x00000230                BOD_IRQHandler
                0x00000230                PWM1_IRQHandler
                0x00000230                WDT_IRQHandler
                0x00000230                QEI_IRQHandler
                0x00000230                EINT0_IRQHandler
                0x00000230                ETH_IRQHandler
                0x00000230                CAN_IRQHandler
                0x00000230                DMA_IRQHandler
                0x00000230                TIMER2_IRQHandler
                0x00000230                UART3_IRQHandler
                0x00000230                MCPWM_IRQHandler
 *(.text*)
 .text.vApplicationTickHook
                0x00000238        0xc ./freeRTOS/src/FreeRTOSCommonHooks.o
                0x00000238                vApplicationTickHook
 .text.pvPortMalloc
                0x00000244       0x24 ./freeRTOS/src/heap_3.o
                0x00000244                pvPortMalloc
 .text.vPortFree
                0x00000268       0x24 ./freeRTOS/src/heap_3.o
                0x00000268                vPortFree
 .text.vListInitialise
                0x0000028c       0x40 ./freeRTOS/src/list.o
                0x0000028c                vListInitialise
 .text.vListInitialiseItem
                0x000002cc       0x18 ./freeRTOS/src/list.o
                0x000002cc                vListInitialiseItem
 .text.vListInsertEnd
                0x000002e4       0x48 ./freeRTOS/src/list.o
                0x000002e4                vListInsertEnd
 .text.vListInsert
                0x0000032c       0x70 ./freeRTOS/src/list.o
                0x0000032c                vListInsert
 .text.uxListRemove
                0x0000039c       0x54 ./freeRTOS/src/list.o
                0x0000039c                uxListRemove
 .text.pxPortInitialiseStack
                0x000003f0       0x58 ./freeRTOS/src/port.o
                0x000003f0                pxPortInitialiseStack
 .text.prvTaskExitError
                0x00000448       0x1c ./freeRTOS/src/port.o
 *fill*         0x00000464        0xc ff
 .text.SVC_Handler
                0x00000470       0x28 ./freeRTOS/src/port.o
                0x00000470                SVC_Handler
 .text.prvPortStartFirstTask
                0x00000498       0x20 ./freeRTOS/src/port.o
 .text.xPortStartScheduler
                0x000004b8       0x3c ./freeRTOS/src/port.o
                0x000004b8                xPortStartScheduler
 .text.vPortEnterCritical
                0x000004f4       0x30 ./freeRTOS/src/port.o
                0x000004f4                vPortEnterCritical
 .text.vPortExitCritical
                0x00000524       0x30 ./freeRTOS/src/port.o
                0x00000524                vPortExitCritical
 *fill*         0x00000554        0xc ff
 .text.PendSV_Handler
                0x00000560       0x48 ./freeRTOS/src/port.o
                0x00000560                PendSV_Handler
 .text.SysTick_Handler
                0x000005a8       0x40 ./freeRTOS/src/port.o
                0x000005a8                SysTick_Handler
 .text.vPortSuppressTicksAndSleep
                0x000005e8      0x184 ./freeRTOS/src/port.o
                0x000005e8                vPortSuppressTicksAndSleep
 .text.vPortSetupTimerInterrupt
                0x0000076c       0x78 ./freeRTOS/src/port.o
                0x0000076c                vPortSetupTimerInterrupt
 .text.xQueueGenericReset
                0x000007e4       0xb4 ./freeRTOS/src/queue.o
                0x000007e4                xQueueGenericReset
 .text.xQueueGenericCreate
                0x00000898       0x58 ./freeRTOS/src/queue.o
                0x00000898                xQueueGenericCreate
 .text.prvInitialiseNewQueue
                0x000008f0       0x48 ./freeRTOS/src/queue.o
 .text.xQueueGenericSend
                0x00000938      0x154 ./freeRTOS/src/queue.o
                0x00000938                xQueueGenericSend
 .text.xQueueGiveFromISR
                0x00000a8c       0xa8 ./freeRTOS/src/queue.o
                0x00000a8c                xQueueGiveFromISR
 .text.xQueueGenericReceive
                0x00000b34      0x1b0 ./freeRTOS/src/queue.o
                0x00000b34                xQueueGenericReceive
 .text.prvCopyDataToQueue
                0x00000ce4       0xd4 ./freeRTOS/src/queue.o
 .text.prvCopyDataFromQueue
                0x00000db8       0x4c ./freeRTOS/src/queue.o
 .text.prvUnlockQueue
                0x00000e04       0xa4 ./freeRTOS/src/queue.o
 .text.prvIsQueueEmpty
                0x00000ea8       0x2c ./freeRTOS/src/queue.o
 .text.prvIsQueueFull
                0x00000ed4       0x30 ./freeRTOS/src/queue.o
 .text.xTaskCreate
                0x00000f04       0x84 ./freeRTOS/src/tasks.o
                0x00000f04                xTaskCreate
 .text.prvInitialiseNewTask
                0x00000f88       0xf0 ./freeRTOS/src/tasks.o
 .text.prvAddNewTaskToReadyList
                0x00001078       0xdc ./freeRTOS/src/tasks.o
 .text.vTaskStartScheduler
                0x00001154       0x6c ./freeRTOS/src/tasks.o
                0x00001154                vTaskStartScheduler
 .text.vTaskSuspendAll
                0x000011c0       0x1c ./freeRTOS/src/tasks.o
                0x000011c0                vTaskSuspendAll
 .text.prvGetExpectedIdleTime
                0x000011dc       0x74 ./freeRTOS/src/tasks.o
 .text.xTaskResumeAll
                0x00001250      0x11c ./freeRTOS/src/tasks.o
                0x00001250                xTaskResumeAll
 .text.vTaskStepTick
                0x0000136c       0x24 ./freeRTOS/src/tasks.o
                0x0000136c                vTaskStepTick
 .text.xTaskIncrementTick
                0x00001390      0x16c ./freeRTOS/src/tasks.o
                0x00001390                xTaskIncrementTick
 .text.vTaskSwitchContext
                0x000014fc       0x8c ./freeRTOS/src/tasks.o
                0x000014fc                vTaskSwitchContext
 .text.vTaskPlaceOnEventList
                0x00001588       0x2c ./freeRTOS/src/tasks.o
                0x00001588                vTaskPlaceOnEventList
 .text.xTaskRemoveFromEventList
                0x000015b4       0xac ./freeRTOS/src/tasks.o
                0x000015b4                xTaskRemoveFromEventList
 .text.vTaskSetTimeOutState
                0x00001660       0x2c ./freeRTOS/src/tasks.o
                0x00001660                vTaskSetTimeOutState
 .text.xTaskCheckForTimeOut
                0x0000168c       0x88 ./freeRTOS/src/tasks.o
                0x0000168c                xTaskCheckForTimeOut
 .text.vTaskMissedYield
                0x00001714       0x18 ./freeRTOS/src/tasks.o
                0x00001714                vTaskMissedYield
 .text.prvIdleTask
                0x0000172c       0x54 ./freeRTOS/src/tasks.o
 .text.eTaskConfirmSleepModeStatus
                0x00001780       0x5c ./freeRTOS/src/tasks.o
                0x00001780                eTaskConfirmSleepModeStatus
 .text.prvInitialiseTaskLists
                0x000017dc       0x80 ./freeRTOS/src/tasks.o
 .text.prvCheckTasksWaitingTermination
                0x0000185c       0x78 ./freeRTOS/src/tasks.o
 .text.prvDeleteTCB
                0x000018d4       0x20 ./freeRTOS/src/tasks.o
 .text.prvResetNextTaskUnblockTime
                0x000018f4       0x48 ./freeRTOS/src/tasks.o
 .text.vTaskPriorityInherit
                0x0000193c       0xec ./freeRTOS/src/tasks.o
                0x0000193c                vTaskPriorityInherit
 .text.xTaskPriorityDisinherit
                0x00001a28       0xc8 ./freeRTOS/src/tasks.o
                0x00001a28                xTaskPriorityDisinherit
 .text.pvTaskIncrementMutexHeldCount
                0x00001af0       0x28 ./freeRTOS/src/tasks.o
                0x00001af0                pvTaskIncrementMutexHeldCount
 .text.prvAddCurrentTaskToDelayedList
                0x00001b18       0xcc ./freeRTOS/src/tasks.o
 .text.NVIC_EnableIRQ
                0x00001be4       0x30 ./Example/src/FRTOS.o
 .text.NVIC_DisableIRQ
                0x00001c14       0x34 ./Example/src/FRTOS.o
 .text.NVIC_ClearPendingIRQ
                0x00001c48       0x34 ./Example/src/FRTOS.o
 .text.Chip_IOCON_Init
                0x00001c7c       0x18 ./Example/src/FRTOS.o
 .text.Chip_GPIO_Init
                0x00001c94       0x18 ./Example/src/FRTOS.o
 .text.Chip_GPIO_SetPinState
                0x00001cac       0x68 ./Example/src/FRTOS.o
 .text.Chip_GPIO_GetPinState
                0x00001d14       0x38 ./Example/src/FRTOS.o
 .text.Chip_GPIO_SetPinDIROutput
                0x00001d4c       0x38 ./Example/src/FRTOS.o
 .text.Chip_GPIO_SetPinDIRInput
                0x00001d84       0x3c ./Example/src/FRTOS.o
 .text.Chip_GPIO_SetPinDIR
                0x00001dc0       0x44 ./Example/src/FRTOS.o
 .text.Chip_GPIO_SetDir
                0x00001e04       0x34 ./Example/src/FRTOS.o
 .text.Chip_TIMER_MatchPending
                0x00001e38       0x34 ./Example/src/FRTOS.o
 .text.Chip_TIMER_ClearMatch
                0x00001e6c       0x28 ./Example/src/FRTOS.o
 .text.Chip_TIMER_Enable
                0x00001e94       0x20 ./Example/src/FRTOS.o
 .text.Chip_TIMER_SetMatch
                0x00001eb4       0x28 ./Example/src/FRTOS.o
 .text.Chip_TIMER_MatchEnableInt
                0x00001edc       0x34 ./Example/src/FRTOS.o
 .text.Chip_TIMER_ResetOnMatchEnable
                0x00001f10       0x34 ./Example/src/FRTOS.o
 .text.ADC_IRQHandler
                0x00001f44       0x44 ./Example/src/FRTOS.o
                0x00001f44                ADC_IRQHandler
 .text.TIMER0_IRQHandler
                0x00001f88       0x58 ./Example/src/FRTOS.o
                0x00001f88                TIMER0_IRQHandler
 .text.ADC_Config
                0x00001fe0       0x94 ./Example/src/FRTOS.o
                0x00001fe0                ADC_Config
 .text.Timer_Config
                0x00002074       0x5c ./Example/src/FRTOS.o
                0x00002074                Timer_Config
 .text.GPIO_Config
                0x000020d0       0x58 ./Example/src/FRTOS.o
                0x000020d0                GPIO_Config
 .text.uC_StartUp
                0x00002128       0x14 ./Example/src/FRTOS.o
                0x00002128                uC_StartUp
 .text.vTaskSM  0x0000213c       0xe8 ./Example/src/FRTOS.o
 .text.DatosADC
                0x00002224      0x138 ./Example/src/FRTOS.o
 .text.main     0x0000235c      0x104 ./Example/src/FRTOS.o
                0x0000235c                main
 .text.Valvula_On
                0x00002460       0x18 ./Example/src/FRTOS.o
                0x00002460                Valvula_On
 .text.EstadoPulsador
                0x00002478       0x24 ./Example/src/FRTOS.o
                0x00002478                EstadoPulsador
 .text.ConvertirTemperatura
                0x0000249c       0x1c ./Example/src/FRTOS.o
                0x0000249c                ConvertirTemperatura
 .text.ConvertirPresion
                0x000024b8       0x24 ./Example/src/FRTOS.o
                0x000024b8                ConvertirPresion
 .text.SendRS485
                0x000024dc       0x18 ./Example/src/FRTOS.o
                0x000024dc                SendRS485
 .text.SystemInit
                0x000024f4       0x24 ./Example/src/sysinit.o
                0x000024f4                SystemInit
 .text.getFullConvClk
                0x00002518       0x10 C:\Users\unknown\Documents\LPCWorkspace\lpc_chip_175x_6x\Debug\liblpc_chip_175x_6x.a(adc_17xx_40xx.o)
 .text.getClkDiv
                0x00002528       0x4c C:\Users\unknown\Documents\LPCWorkspace\lpc_chip_175x_6x\Debug\liblpc_chip_175x_6x.a(adc_17xx_40xx.o)
 .text.setStartMode
                0x00002574       0x2c C:\Users\unknown\Documents\LPCWorkspace\lpc_chip_175x_6x\Debug\liblpc_chip_175x_6x.a(adc_17xx_40xx.o)
                0x00002574                setStartMode
 .text.readAdcVal
                0x000025a0       0x40 C:\Users\unknown\Documents\LPCWorkspace\lpc_chip_175x_6x\Debug\liblpc_chip_175x_6x.a(adc_17xx_40xx.o)
                0x000025a0                readAdcVal
 .text.Chip_ADC_Init
                0x000025e0       0x74 C:\Users\unknown\Documents\LPCWorkspace\lpc_chip_175x_6x\Debug\liblpc_chip_175x_6x.a(adc_17xx_40xx.o)
                0x000025e0                Chip_ADC_Init
 .text.Chip_ADC_ReadValue
                0x00002654       0x24 C:\Users\unknown\Documents\LPCWorkspace\lpc_chip_175x_6x\Debug\liblpc_chip_175x_6x.a(adc_17xx_40xx.o)
                0x00002654                Chip_ADC_ReadValue
 .text.Chip_ADC_Int_SetChannelCmd
                0x00002678       0x48 C:\Users\unknown\Documents\LPCWorkspace\lpc_chip_175x_6x\Debug\liblpc_chip_175x_6x.a(adc_17xx_40xx.o)
                0x00002678                Chip_ADC_Int_SetChannelCmd
 .text.Chip_ADC_SetStartMode
                0x000026c0       0x50 C:\Users\unknown\Documents\LPCWorkspace\lpc_chip_175x_6x\Debug\liblpc_chip_175x_6x.a(adc_17xx_40xx.o)
                0x000026c0                Chip_ADC_SetStartMode
 .text.Chip_ADC_SetSampleRate
                0x00002710       0x50 C:\Users\unknown\Documents\LPCWorkspace\lpc_chip_175x_6x\Debug\liblpc_chip_175x_6x.a(adc_17xx_40xx.o)
                0x00002710                Chip_ADC_SetSampleRate
 .text.Chip_ADC_EnableChannel
                0x00002760       0x54 C:\Users\unknown\Documents\LPCWorkspace\lpc_chip_175x_6x\Debug\liblpc_chip_175x_6x.a(adc_17xx_40xx.o)
                0x00002760                Chip_ADC_EnableChannel
 .text.Chip_ADC_SetBurstCmd
                0x000027b4       0x3c C:\Users\unknown\Documents\LPCWorkspace\lpc_chip_175x_6x\Debug\liblpc_chip_175x_6x.a(adc_17xx_40xx.o)
                0x000027b4                Chip_ADC_SetBurstCmd
 .text.SystemCoreClockUpdate
                0x000027f0       0x18 C:\Users\unknown\Documents\LPCWorkspace\lpc_chip_175x_6x\Debug\liblpc_chip_175x_6x.a(chip_17xx_40xx.o)
                0x000027f0                SystemCoreClockUpdate
 .text.Chip_Clock_IsMainPLLEnabled
                0x00002808       0x24 C:\Users\unknown\Documents\LPCWorkspace\lpc_chip_175x_6x\Debug\liblpc_chip_175x_6x.a(clock_17xx_40xx.o)
 .text.Chip_Clock_IsMainPLLConnected
                0x0000282c       0x24 C:\Users\unknown\Documents\LPCWorkspace\lpc_chip_175x_6x\Debug\liblpc_chip_175x_6x.a(clock_17xx_40xx.o)
 .text.Chip_Clock_FeedPLL
                0x00002850       0x34 C:\Users\unknown\Documents\LPCWorkspace\lpc_chip_175x_6x\Debug\liblpc_chip_175x_6x.a(clock_17xx_40xx.o)
 .text.Chip_Clock_GetMainPLLSource
                0x00002884       0x20 C:\Users\unknown\Documents\LPCWorkspace\lpc_chip_175x_6x\Debug\liblpc_chip_175x_6x.a(clock_17xx_40xx.o)
 .text.Chip_Clock_GetMainOscRate
                0x000028a4       0x14 C:\Users\unknown\Documents\LPCWorkspace\lpc_chip_175x_6x\Debug\liblpc_chip_175x_6x.a(clock_17xx_40xx.o)
 .text.Chip_Clock_GetIntOscRate
                0x000028b8       0x14 C:\Users\unknown\Documents\LPCWorkspace\lpc_chip_175x_6x\Debug\liblpc_chip_175x_6x.a(clock_17xx_40xx.o)
 .text.Chip_Clock_GetRTCOscRate
                0x000028cc       0x14 C:\Users\unknown\Documents\LPCWorkspace\lpc_chip_175x_6x\Debug\liblpc_chip_175x_6x.a(clock_17xx_40xx.o)
 .text.Chip_Clock_GetMainPLLInClockRate
                0x000028e0       0x10 C:\Users\unknown\Documents\LPCWorkspace\lpc_chip_175x_6x\Debug\liblpc_chip_175x_6x.a(clock_17xx_40xx.o)
 .text.Chip_Clock_EnablePLL
                0x000028f0       0x44 C:\Users\unknown\Documents\LPCWorkspace\lpc_chip_175x_6x\Debug\liblpc_chip_175x_6x.a(clock_17xx_40xx.o)
                0x000028f0                Chip_Clock_EnablePLL
 .text.Chip_Clock_DisablePLL
                0x00002934       0x48 C:\Users\unknown\Documents\LPCWorkspace\lpc_chip_175x_6x\Debug\liblpc_chip_175x_6x.a(clock_17xx_40xx.o)
                0x00002934                Chip_Clock_DisablePLL
 .text.Chip_Clock_SetupPLL
                0x0000297c       0x5c C:\Users\unknown\Documents\LPCWorkspace\lpc_chip_175x_6x\Debug\liblpc_chip_175x_6x.a(clock_17xx_40xx.o)
                0x0000297c                Chip_Clock_SetupPLL
 .text.Chip_Clock_EnablePeriphClock
                0x000029d8       0x34 C:\Users\unknown\Documents\LPCWorkspace\lpc_chip_175x_6x\Debug\liblpc_chip_175x_6x.a(clock_17xx_40xx.o)
                0x000029d8                Chip_Clock_EnablePeriphClock
 .text.Chip_Clock_DisablePeriphClock
                0x00002a0c       0x34 C:\Users\unknown\Documents\LPCWorkspace\lpc_chip_175x_6x\Debug\liblpc_chip_175x_6x.a(clock_17xx_40xx.o)
                0x00002a0c                Chip_Clock_DisablePeriphClock
 .text.Chip_Clock_GetCPUClockSource
                0x00002a40       0x24 C:\Users\unknown\Documents\LPCWorkspace\lpc_chip_175x_6x\Debug\liblpc_chip_175x_6x.a(clock_17xx_40xx.o)
                0x00002a40                Chip_Clock_GetCPUClockSource
 .text.Chip_Clock_SetCPUClockDiv
                0x00002a64       0x20 C:\Users\unknown\Documents\LPCWorkspace\lpc_chip_175x_6x\Debug\liblpc_chip_175x_6x.a(clock_17xx_40xx.o)
                0x00002a64                Chip_Clock_SetCPUClockDiv
 .text.Chip_Clock_GetCPUClockDiv
                0x00002a84       0x1c C:\Users\unknown\Documents\LPCWorkspace\lpc_chip_175x_6x\Debug\liblpc_chip_175x_6x.a(clock_17xx_40xx.o)
                0x00002a84                Chip_Clock_GetCPUClockDiv
 .text.Chip_Clock_GetPCLKDiv
                0x00002aa0       0x8c C:\Users\unknown\Documents\LPCWorkspace\lpc_chip_175x_6x\Debug\liblpc_chip_175x_6x.a(clock_17xx_40xx.o)
                0x00002aa0                Chip_Clock_GetPCLKDiv
 .text.Chip_Clock_GetSYSCLKRate
                0x00002b2c       0x34 C:\Users\unknown\Documents\LPCWorkspace\lpc_chip_175x_6x\Debug\liblpc_chip_175x_6x.a(clock_17xx_40xx.o)
                0x00002b2c                Chip_Clock_GetSYSCLKRate
 .text.Chip_Clock_GetMainPLLOutClockRate
                0x00002b60       0x54 C:\Users\unknown\Documents\LPCWorkspace\lpc_chip_175x_6x\Debug\liblpc_chip_175x_6x.a(clock_17xx_40xx.o)
                0x00002b60                Chip_Clock_GetMainPLLOutClockRate
 .text.Chip_Clock_GetMainClockRate
                0x00002bb4       0x28 C:\Users\unknown\Documents\LPCWorkspace\lpc_chip_175x_6x\Debug\liblpc_chip_175x_6x.a(clock_17xx_40xx.o)
                0x00002bb4                Chip_Clock_GetMainClockRate
 .text.Chip_Clock_GetSystemClockRate
                0x00002bdc       0x18 C:\Users\unknown\Documents\LPCWorkspace\lpc_chip_175x_6x\Debug\liblpc_chip_175x_6x.a(clock_17xx_40xx.o)
                0x00002bdc                Chip_Clock_GetSystemClockRate
 .text.Chip_Clock_GetPeripheralClockRate
                0x00002bf4       0x28 C:\Users\unknown\Documents\LPCWorkspace\lpc_chip_175x_6x\Debug\liblpc_chip_175x_6x.a(clock_17xx_40xx.o)
                0x00002bf4                Chip_Clock_GetPeripheralClockRate
 .text.Chip_IOCON_PinMux
                0x00002c1c       0x94 C:\Users\unknown\Documents\LPCWorkspace\lpc_chip_175x_6x\Debug\liblpc_chip_175x_6x.a(iocon_17xx_40xx.o)
                0x00002c1c                Chip_IOCON_PinMux
 .text.Chip_Clock_IsMainPLLEnabled
                0x00002cb0       0x24 C:\Users\unknown\Documents\LPCWorkspace\lpc_chip_175x_6x\Debug\liblpc_chip_175x_6x.a(sysinit_17xx_40xx.o)
 .text.Chip_Clock_IsMainPLLLocked
                0x00002cd4       0x24 C:\Users\unknown\Documents\LPCWorkspace\lpc_chip_175x_6x\Debug\liblpc_chip_175x_6x.a(sysinit_17xx_40xx.o)
 .text.Chip_Clock_IsMainPLLConnected
                0x00002cf8       0x24 C:\Users\unknown\Documents\LPCWorkspace\lpc_chip_175x_6x\Debug\liblpc_chip_175x_6x.a(sysinit_17xx_40xx.o)
 .text.Chip_Clock_SetMainPLLSource
                0x00002d1c       0x20 C:\Users\unknown\Documents\LPCWorkspace\lpc_chip_175x_6x\Debug\liblpc_chip_175x_6x.a(sysinit_17xx_40xx.o)
 .text.Chip_SetupIrcClocking
                0x00002d3c       0x6c C:\Users\unknown\Documents\LPCWorkspace\lpc_chip_175x_6x\Debug\liblpc_chip_175x_6x.a(sysinit_17xx_40xx.o)
                0x00002d3c                Chip_SetupIrcClocking
 .text.Chip_SystemInit
                0x00002da8        0xc C:\Users\unknown\Documents\LPCWorkspace\lpc_chip_175x_6x\Debug\liblpc_chip_175x_6x.a(sysinit_17xx_40xx.o)
                0x00002da8                Chip_SystemInit
 .text.Chip_Timer_GetClockIndex
                0x00002db4       0x50 C:\Users\unknown\Documents\LPCWorkspace\lpc_chip_175x_6x\Debug\liblpc_chip_175x_6x.a(timer_17xx_40xx.o)
 .text.Chip_TIMER_Init
                0x00002e04       0x20 C:\Users\unknown\Documents\LPCWorkspace\lpc_chip_175x_6x\Debug\liblpc_chip_175x_6x.a(timer_17xx_40xx.o)
                0x00002e04                Chip_TIMER_Init
 .text.Chip_TIMER_DeInit
                0x00002e24       0x20 C:\Users\unknown\Documents\LPCWorkspace\lpc_chip_175x_6x\Debug\liblpc_chip_175x_6x.a(timer_17xx_40xx.o)
                0x00002e24                Chip_TIMER_DeInit
 .text.Chip_TIMER_Reset
                0x00002e44       0x3c C:\Users\unknown\Documents\LPCWorkspace\lpc_chip_175x_6x\Debug\liblpc_chip_175x_6x.a(timer_17xx_40xx.o)
                0x00002e44                Chip_TIMER_Reset
 .text.__main   0x00002e80       0x14 c:/nxp/lpcxpresso_8.2.2_650/lpcxpresso/tools/bin/../lib/gcc/arm-none-eabi/5.4.1/../../../../arm-none-eabi/lib/armv7-m\libcr_semihost.a(_cr__main.o)
                0x00002e80                __CR_SEMIHOST
                0x00002e80                __main
 .text.memcpy   0x00002e94        0x4 c:/nxp/lpcxpresso_8.2.2_650/lpcxpresso/tools/bin/../lib/gcc/arm-none-eabi/5.4.1/../../../../arm-none-eabi/lib/armv7-m\libcr_c.a(memcpy.o)
                0x00002e94                memcpy
 .text.memset   0x00002e98        0x4 c:/nxp/lpcxpresso_8.2.2_650/lpcxpresso/tools/bin/../lib/gcc/arm-none-eabi/5.4.1/../../../../arm-none-eabi/lib/armv7-m\libcr_c.a(memset.o)
                0x00002e98                memset
 .text.malloc   0x00002e9c       0xc8 c:/nxp/lpcxpresso_8.2.2_650/lpcxpresso/tools/bin/../lib/gcc/arm-none-eabi/5.4.1/../../../../arm-none-eabi/lib/armv7-m\libcr_c.a(alloc.o)
                0x00002e9c                malloc
 .text.free     0x00002f64       0x30 c:/nxp/lpcxpresso_8.2.2_650/lpcxpresso/tools/bin/../lib/gcc/arm-none-eabi/5.4.1/../../../../arm-none-eabi/lib/armv7-m\libcr_c.a(alloc.o)
                0x00002f64                free
 .text._Csys_alloc
                0x00002f94       0x20 c:/nxp/lpcxpresso_8.2.2_650/lpcxpresso/tools/bin/../lib/gcc/arm-none-eabi/5.4.1/../../../../arm-none-eabi/lib/armv7-m\libcr_c.a(alloc.o)
                0x00002f94                _Csys_alloc
 .text._initio  0x00002fb4       0xa4 c:/nxp/lpcxpresso_8.2.2_650/lpcxpresso/tools/bin/../lib/gcc/arm-none-eabi/5.4.1/../../../../arm-none-eabi/lib/armv7-m\libcr_c.a(initio.o)
                0x00002fb4                _initio
 .text.setvbuf  0x00003058       0x40 c:/nxp/lpcxpresso_8.2.2_650/lpcxpresso/tools/bin/../lib/gcc/arm-none-eabi/5.4.1/../../../../arm-none-eabi/lib/armv7-m\libcr_c.a(setvbuf.o)
                0x00003058                setvbuf
 .text._sbrk    0x00003098       0x40 c:/nxp/lpcxpresso_8.2.2_650/lpcxpresso/tools/bin/../lib/gcc/arm-none-eabi/5.4.1/../../../../arm-none-eabi/lib/armv7-m\libcr_c.a(_cr_sbrk.o)
                0x00003098                _sbrk
 .text._deferredlazyseek
                0x000030d8       0x44 c:/nxp/lpcxpresso_8.2.2_650/lpcxpresso/tools/bin/../lib/gcc/arm-none-eabi/5.4.1/../../../../arm-none-eabi/lib/armv7-m\libcr_c.a(_deferredlazyseek.o)
                0x000030d8                _deferredlazyseek
 .text._fdopen  0x0000311c       0x6a c:/nxp/lpcxpresso_8.2.2_650/lpcxpresso/tools/bin/../lib/gcc/arm-none-eabi/5.4.1/../../../../arm-none-eabi/lib/armv7-m\libcr_c.a(_fdopen.o)
                0x0000311c                _fdopen
 .text._fflush  0x00003186       0x58 c:/nxp/lpcxpresso_8.2.2_650/lpcxpresso/tools/bin/../lib/gcc/arm-none-eabi/5.4.1/../../../../arm-none-eabi/lib/armv7-m\libcr_c.a(_fflush.o)
                0x00003186                _fflush
 *fill*         0x000031de        0x2 ff
 .text._Cwritebuf
                0x000031e0       0x68 c:/nxp/lpcxpresso_8.2.2_650/lpcxpresso/tools/bin/../lib/gcc/arm-none-eabi/5.4.1/../../../../arm-none-eabi/lib/armv7-m\libcr_c.a(_writebuf.o)
                0x000031e0                _Cwritebuf
 .text.fclose   0x00003248       0x6c c:/nxp/lpcxpresso_8.2.2_650/lpcxpresso/tools/bin/../lib/gcc/arm-none-eabi/5.4.1/../../../../arm-none-eabi/lib/armv7-m\libcr_c.a(fclose.o)
                0x00003248                fclose
 .text.fflush   0x000032b4       0x30 c:/nxp/lpcxpresso_8.2.2_650/lpcxpresso/tools/bin/../lib/gcc/arm-none-eabi/5.4.1/../../../../arm-none-eabi/lib/armv7-m\libcr_c.a(fflush.o)
                0x000032b4                fflush
 .text.fseek    0x000032e4      0x110 c:/nxp/lpcxpresso_8.2.2_650/lpcxpresso/tools/bin/../lib/gcc/arm-none-eabi/5.4.1/../../../../arm-none-eabi/lib/armv7-m\libcr_c.a(fseek.o)
                0x000032e4                fseek
 .text.ftell    0x000033f4       0x4c c:/nxp/lpcxpresso_8.2.2_650/lpcxpresso/tools/bin/../lib/gcc/arm-none-eabi/5.4.1/../../../../arm-none-eabi/lib/armv7-m\libcr_c.a(ftell.o)
                0x000033f4                ftell
 .text.remove   0x00003440       0x14 c:/nxp/lpcxpresso_8.2.2_650/lpcxpresso/tools/bin/../lib/gcc/arm-none-eabi/5.4.1/../../../../arm-none-eabi/lib/armv7-m\libcr_c.a(remove.o)
                0x00003440                remove
 .text.strlen   0x00003454       0x4a c:/nxp/lpcxpresso_8.2.2_650/lpcxpresso/tools/bin/../lib/gcc/arm-none-eabi/5.4.1/../../../../arm-none-eabi/lib/armv7-m\libcr_c.a(strlen.o)
                0x00003454                strlen
 *fill*         0x0000349e        0x2 ff
 .text.__check_heap_overflow
                0x000034a0       0x18 c:/nxp/lpcxpresso_8.2.2_650/lpcxpresso/tools/bin/../lib/gcc/arm-none-eabi/5.4.1/../../../../arm-none-eabi/lib/armv7-m\libcr_c.a(_cr_check_heap.o)
                0x000034a0                __check_heap_overflow
 .text._do_fflush
                0x000034b8       0x44 c:/nxp/lpcxpresso_8.2.2_650/lpcxpresso/tools/bin/../lib/gcc/arm-none-eabi/5.4.1/../../../../arm-none-eabi/lib/armv7-m\libcr_c.a(_do_fflush.o)
                0x000034b8                _do_fflush
 .text.__aeabi_memcpy
                0x000034fc       0x34 c:/nxp/lpcxpresso_8.2.2_650/lpcxpresso/tools/bin/../lib/gcc/arm-none-eabi/5.4.1/armv7-m\libcr_eabihelpers.a(memcpy.o)
                0x000034fc                __aeabi_memcpy
                0x00003506                __aeabi_memcpy8
                0x00003506                __aeabi_memcpy4
 .text.__aeabi_memset_lowlevel
                0x00003530       0x32 c:/nxp/lpcxpresso_8.2.2_650/lpcxpresso/tools/bin/../lib/gcc/arm-none-eabi/5.4.1/armv7-m\libcr_eabihelpers.a(memcpy.o)
                0x00003530                __aeabi_lowlevel_memset
 *fill*         0x00003562        0x2 ff
 .text.__sys_appexit
                0x00003564        0xc c:/nxp/lpcxpresso_8.2.2_650/lpcxpresso/tools/bin/../lib/gcc/arm-none-eabi/5.4.1/../../../../arm-none-eabi/lib/armv7-m\libcr_semihost.a(__sys_appexit.o)
                0x00003564                __sys_appexit
                0x00003564                __exit
 .text.__sys_close
                0x00003570        0xc c:/nxp/lpcxpresso_8.2.2_650/lpcxpresso/tools/bin/../lib/gcc/arm-none-eabi/5.4.1/../../../../arm-none-eabi/lib/armv7-m\libcr_semihost.a(__sys_close.o)
                0x00003570                __sys_close
 .text.__sys_flen
                0x0000357c        0xc c:/nxp/lpcxpresso_8.2.2_650/lpcxpresso/tools/bin/../lib/gcc/arm-none-eabi/5.4.1/../../../../arm-none-eabi/lib/armv7-m\libcr_semihost.a(__sys_flen.o)
                0x0000357c                __sys_flen
 .text.__sys_istty
                0x00003588        0xc c:/nxp/lpcxpresso_8.2.2_650/lpcxpresso/tools/bin/../lib/gcc/arm-none-eabi/5.4.1/../../../../arm-none-eabi/lib/armv7-m\libcr_semihost.a(__sys_istty.o)
                0x00003588                __sys_istty
 .text.__sys_remove
                0x00003594        0xc c:/nxp/lpcxpresso_8.2.2_650/lpcxpresso/tools/bin/../lib/gcc/arm-none-eabi/5.4.1/../../../../arm-none-eabi/lib/armv7-m\libcr_semihost.a(__sys_remove.o)
                0x00003594                __sys_remove
 .text.__sys_seek
                0x000035a0        0xc c:/nxp/lpcxpresso_8.2.2_650/lpcxpresso/tools/bin/../lib/gcc/arm-none-eabi/5.4.1/../../../../arm-none-eabi/lib/armv7-m\libcr_semihost.a(__sys_seek.o)
                0x000035a0                __sys_seek
 .text.__sys_tmpnam
                0x000035ac        0xc c:/nxp/lpcxpresso_8.2.2_650/lpcxpresso/tools/bin/../lib/gcc/arm-none-eabi/5.4.1/../../../../arm-none-eabi/lib/armv7-m\libcr_semihost.a(__sys_tmpnam.o)
                0x000035ac                __sys_tmpnam
 .text.__sys_write
                0x000035b8        0xc c:/nxp/lpcxpresso_8.2.2_650/lpcxpresso/tools/bin/../lib/gcc/arm-none-eabi/5.4.1/../../../../arm-none-eabi/lib/armv7-m\libcr_semihost.a(__sys_write.o)
                0x000035b8                __sys_write
                0x000035b8                __write
 *(.rodata .rodata.* .constdata .constdata.*)
 .rodata        0x000035c4        0x5 ./freeRTOS/src/tasks.o
 *fill*         0x000035c9        0x3 ff
 .rodata        0x000035cc       0x11 ./Example/src/FRTOS.o
 *fill*         0x000035dd        0x3 ff
 .rodata.OscRateIn
                0x000035e0        0x4 ./Example/src/sysinit.o
                0x000035e0                OscRateIn
 .rodata.RTCOscRateIn
                0x000035e4        0x4 ./Example/src/sysinit.o
                0x000035e4                RTCOscRateIn
 .rodata.str1.1
                0x000035e8       0x18 c:/nxp/lpcxpresso_8.2.2_650/lpcxpresso/tools/bin/../lib/gcc/arm-none-eabi/5.4.1/../../../../arm-none-eabi/lib/armv7-m\libcr_c.a(alloc.o)
 .rodata.str1.1
                0x00003600        0x4 c:/nxp/lpcxpresso_8.2.2_650/lpcxpresso/tools/bin/../lib/gcc/arm-none-eabi/5.4.1/../../../../arm-none-eabi/lib/armv7-m\libcr_c.a(initio.o)
                0x00003604                . = ALIGN (0x4)

.glue_7         0x00003604        0x0
 .glue_7        0x00003604        0x0 linker stubs

.glue_7t        0x00003604        0x0
 .glue_7t       0x00003604        0x0 linker stubs

.vfp11_veneer   0x00003604        0x0
 .vfp11_veneer  0x00003604        0x0 linker stubs

.v4_bx          0x00003604        0x0
 .v4_bx         0x00003604        0x0 linker stubs

.iplt           0x00003604        0x0
 .iplt          0x00003604        0x0 ./freeRTOS/src/FreeRTOSCommonHooks.o

.rel.dyn        0x00003604        0x0
 .rel.iplt      0x00003604        0x0 ./freeRTOS/src/FreeRTOSCommonHooks.o

.ARM.extab
 *(.ARM.extab* .gnu.linkonce.armextab.*)
                0x00003604                __exidx_start = .

.ARM.exidx
 *(.ARM.exidx* .gnu.linkonce.armexidx.*)
                0x00003604                __exidx_end = .
                0x00003604                _etext = .

.data_RAM2      0x2007c000        0x0 load address 0x00003604
 FILL mask 0xff
                [!provide]                PROVIDE (__start_data_RAM2, .)
 *(.ramfunc.$RAM2)
 *(.ramfunc.$RamAHB32)
 *(.data.$RAM2*)
 *(.data.$RamAHB32*)
                0x2007c000                . = ALIGN (0x4)
                [!provide]                PROVIDE (__end_data_RAM2, .)

.uninit_RESERVED
                0x10000000        0x0
 *(.bss.$RESERVED*)
                0x10000000                . = ALIGN (0x4)
                0x10000000                _end_uninit_RESERVED = .

.data           0x10000000       0x10 load address 0x00003604
 FILL mask 0xff
                0x10000000                _data = .
 *(vtable)
 *(.ramfunc*)
 *(.data*)
 .data.uxCriticalNesting
                0x10000000        0x4 ./freeRTOS/src/port.o
 .data.Datos_Presion
                0x10000004        0x2 ./Example/src/FRTOS.o
                0x10000004                Datos_Presion
 *fill*         0x10000006        0x2 ff
 .data.Datos_Temperatura
                0x10000008        0x2 ./Example/src/FRTOS.o
                0x10000008                Datos_Temperatura
 *fill*         0x1000000a        0x2 ff
 .data.Datos_Pulsador
                0x1000000c        0x2 ./Example/src/FRTOS.o
                0x1000000c                Datos_Pulsador
                0x10000010                . = ALIGN (0x4)
 *fill*         0x1000000e        0x2 ff
                0x10000010                _edata = .

.igot.plt       0x10000010        0x0 load address 0x00003614
 .igot.plt      0x10000010        0x0 ./freeRTOS/src/FreeRTOSCommonHooks.o

.bss_RAM2       0x2007c000        0x0
                [!provide]                PROVIDE (__start_bss_RAM2, .)
 *(.bss.$RAM2*)
 *(.bss.$RamAHB32*)
                0x2007c000                . = ALIGN ((. != 0x0)?0x4:0x1)
                [!provide]                PROVIDE (__end_bss_RAM2, .)

.bss            0x10000010      0x28c
                0x10000010                _bss = .
 *(.bss*)
 .bss.ulTimerCountsForOneTick
                0x10000010        0x4 ./freeRTOS/src/port.o
 .bss.xMaximumPossibleSuppressedTicks
                0x10000014        0x4 ./freeRTOS/src/port.o
 .bss.ulStoppedTimerCompensation
                0x10000018        0x4 ./freeRTOS/src/port.o
 .bss.pxCurrentTCB
                0x1000001c        0x4 ./freeRTOS/src/tasks.o
                0x1000001c                pxCurrentTCB
 .bss.pxReadyTasksLists
                0x10000020       0x64 ./freeRTOS/src/tasks.o
 .bss.xDelayedTaskList1
                0x10000084       0x14 ./freeRTOS/src/tasks.o
 .bss.xDelayedTaskList2
                0x10000098       0x14 ./freeRTOS/src/tasks.o
 .bss.pxDelayedTaskList
                0x100000ac        0x4 ./freeRTOS/src/tasks.o
 .bss.pxOverflowDelayedTaskList
                0x100000b0        0x4 ./freeRTOS/src/tasks.o
 .bss.xPendingReadyList
                0x100000b4       0x14 ./freeRTOS/src/tasks.o
 .bss.xTasksWaitingTermination
                0x100000c8       0x14 ./freeRTOS/src/tasks.o
 .bss.uxDeletedTasksWaitingCleanUp
                0x100000dc        0x4 ./freeRTOS/src/tasks.o
 .bss.xSuspendedTaskList
                0x100000e0       0x14 ./freeRTOS/src/tasks.o
 .bss.uxCurrentNumberOfTasks
                0x100000f4        0x4 ./freeRTOS/src/tasks.o
 .bss.xTickCount
                0x100000f8        0x4 ./freeRTOS/src/tasks.o
 .bss.uxTopReadyPriority
                0x100000fc        0x4 ./freeRTOS/src/tasks.o
 .bss.xSchedulerRunning
                0x10000100        0x4 ./freeRTOS/src/tasks.o
 .bss.uxPendedTicks
                0x10000104        0x4 ./freeRTOS/src/tasks.o
 .bss.xYieldPending
                0x10000108        0x4 ./freeRTOS/src/tasks.o
 .bss.xNumOfOverflows
                0x1000010c        0x4 ./freeRTOS/src/tasks.o
 .bss.uxTaskNumber
                0x10000110        0x4 ./freeRTOS/src/tasks.o
 .bss.xNextTaskUnblockTime
                0x10000114        0x4 ./freeRTOS/src/tasks.o
 .bss.xIdleTaskHandle
                0x10000118        0x4 ./freeRTOS/src/tasks.o
 .bss.uxSchedulerSuspended
                0x1000011c        0x4 ./freeRTOS/src/tasks.o
 .bss.Semaphore_ADC
                0x10000120        0x4 ./Example/src/FRTOS.o
                0x10000120                Semaphore_ADC
 .bss.Semaphore_MUESTRA
                0x10000124        0x4 ./Example/src/FRTOS.o
                0x10000124                Semaphore_MUESTRA
 .bss.Semaphore_ANALISIS
                0x10000128        0x4 ./Example/src/FRTOS.o
                0x10000128                Semaphore_ANALISIS
 .bss.Cola_Temperatura
                0x1000012c        0x4 ./Example/src/FRTOS.o
                0x1000012c                Cola_Temperatura
 .bss.Cola_Presion
                0x10000130        0x4 ./Example/src/FRTOS.o
                0x10000130                Cola_Presion
 .bss.Handle_TaskSM
                0x10000134        0x4 ./Example/src/FRTOS.o
                0x10000134                Handle_TaskSM
 .bss.Handle_DatosADC
                0x10000138        0x4 ./Example/src/FRTOS.o
                0x10000138                Handle_DatosADC
 .bss.ADCSetup  0x1000013c        0x8 ./Example/src/FRTOS.o
 .bss.Contador.7762
                0x10000144        0x4 ./Example/src/FRTOS.o
 .bss._extra    0x10000148        0x4 c:/nxp/lpcxpresso_8.2.2_650/lpcxpresso/tools/bin/../lib/gcc/arm-none-eabi/5.4.1/../../../../arm-none-eabi/lib/armv7-m\libcr_c.a(initio.o)
                0x10000148                _extra
 .bss.__Ciob    0x1000014c      0x140 c:/nxp/lpcxpresso_8.2.2_650/lpcxpresso/tools/bin/../lib/gcc/arm-none-eabi/5.4.1/../../../../arm-none-eabi/lib/armv7-m\libcr_c.a(stdio.o)
                0x1000014c                __Ciob
 .bss.__heaps   0x1000028c        0x4 c:/nxp/lpcxpresso_8.2.2_650/lpcxpresso/tools/bin/../lib/gcc/arm-none-eabi/5.4.1/../../../../arm-none-eabi/lib/armv7-m\libcr_c.a(__init_alloc.o)
                0x1000028c                __heaps
 .bss.__end_of_heap
                0x10000290        0x4 c:/nxp/lpcxpresso_8.2.2_650/lpcxpresso/tools/bin/../lib/gcc/arm-none-eabi/5.4.1/../../../../arm-none-eabi/lib/armv7-m\libcr_c.a(__init_alloc.o)
                0x10000290                __end_of_heap
 .bss.errno     0x10000294        0x4 c:/nxp/lpcxpresso_8.2.2_650/lpcxpresso/tools/bin/../lib/gcc/arm-none-eabi/5.4.1/../../../../arm-none-eabi/lib/armv7-m\libcr_c.a(errno.o)
                0x10000294                errno
 *(COMMON)
 COMMON         0x10000298        0x4 C:\Users\unknown\Documents\LPCWorkspace\lpc_chip_175x_6x\Debug\liblpc_chip_175x_6x.a(chip_17xx_40xx.o)
                0x10000298                SystemCoreClock
                0x1000029c                . = ALIGN (0x4)
                0x1000029c                _ebss = .
                [!provide]                PROVIDE (end, .)

.noinit_RAM2    0x2007c000        0x0
 *(.noinit.$RAM2*)
 *(.noinit.$RamAHB32*)
                0x2007c000                . = ALIGN (0x4)

.noinit         0x1000029c        0x0
                0x1000029c                _noinit = .
 *(.noinit*)
                0x1000029c                . = ALIGN (0x4)
                0x1000029c                _end_noinit = .
                0x1000029c                PROVIDE (_pvHeapStart, DEFINED (__user_heap_base)?__user_heap_base:.)
                0x10008000                PROVIDE (_vStackTop, DEFINED (__user_stack_top)?__user_stack_top:(__top_RamLoc32 - 0x0))
                0xefff74b2                PROVIDE (__valid_user_code_checksum, (0x0 - ((((((_vStackTop + (ResetISR + 0x1)) + (NMI_Handler + 0x1)) + (HardFault_Handler + 0x1)) + (DEFINED (MemManage_Handler)?MemManage_Handler:0x0 + 0x1)) + (DEFINED (BusFault_Handler)?BusFault_Handler:0x0 + 0x1)) + (DEFINED (UsageFault_Handler)?UsageFault_Handler:0x0 + 0x1))))
OUTPUT(Segundo Parcial 2017.axf elf32-littlearm)

.debug_info     0x00000000     0x6b72
 .debug_info    0x00000000      0x222 ./freeRTOS/src/FreeRTOSCommonHooks.o
 .debug_info    0x00000222       0xe7 ./freeRTOS/src/heap_3.o
 .debug_info    0x00000309      0x296 ./freeRTOS/src/list.o
 .debug_info    0x0000059f      0x3b6 ./freeRTOS/src/port.o
 .debug_info    0x00000955      0xf1c ./freeRTOS/src/queue.o
 .debug_info    0x00001871     0x1972 ./freeRTOS/src/tasks.o
 .debug_info    0x000031e3     0x1153 ./Example/src/FRTOS.o
 .debug_info    0x00004336      0x253 ./Example/src/cr_startup_lpc175x_6x.o
 .debug_info    0x00004589      0x1c1 ./Example/src/sysinit.o
 .debug_info    0x0000474a      0x88d C:\Users\unknown\Documents\LPCWorkspace\lpc_chip_175x_6x\Debug\liblpc_chip_175x_6x.a(adc_17xx_40xx.o)
 .debug_info    0x00004fd7      0x51e C:\Users\unknown\Documents\LPCWorkspace\lpc_chip_175x_6x\Debug\liblpc_chip_175x_6x.a(chip_17xx_40xx.o)
 .debug_info    0x000054f5      0xb62 C:\Users\unknown\Documents\LPCWorkspace\lpc_chip_175x_6x\Debug\liblpc_chip_175x_6x.a(clock_17xx_40xx.o)
 .debug_info    0x00006057      0x2e9 C:\Users\unknown\Documents\LPCWorkspace\lpc_chip_175x_6x\Debug\liblpc_chip_175x_6x.a(iocon_17xx_40xx.o)
 .debug_info    0x00006340      0x439 C:\Users\unknown\Documents\LPCWorkspace\lpc_chip_175x_6x\Debug\liblpc_chip_175x_6x.a(sysinit_17xx_40xx.o)
 .debug_info    0x00006779      0x3f9 C:\Users\unknown\Documents\LPCWorkspace\lpc_chip_175x_6x\Debug\liblpc_chip_175x_6x.a(timer_17xx_40xx.o)

.debug_abbrev   0x00000000     0x182b
 .debug_abbrev  0x00000000      0x168 ./freeRTOS/src/FreeRTOSCommonHooks.o
 .debug_abbrev  0x00000168       0xa2 ./freeRTOS/src/heap_3.o
 .debug_abbrev  0x0000020a       0xc1 ./freeRTOS/src/list.o
 .debug_abbrev  0x000002cb      0x20d ./freeRTOS/src/port.o
 .debug_abbrev  0x000004d8      0x216 ./freeRTOS/src/queue.o
 .debug_abbrev  0x000006ee      0x2bd ./freeRTOS/src/tasks.o
 .debug_abbrev  0x000009ab      0x2dd ./Example/src/FRTOS.o
 .debug_abbrev  0x00000c88       0xf5 ./Example/src/cr_startup_lpc175x_6x.o
 .debug_abbrev  0x00000d7d       0xcc ./Example/src/sysinit.o
 .debug_abbrev  0x00000e49      0x1bc C:\Users\unknown\Documents\LPCWorkspace\lpc_chip_175x_6x\Debug\liblpc_chip_175x_6x.a(adc_17xx_40xx.o)
 .debug_abbrev  0x00001005      0x13c C:\Users\unknown\Documents\LPCWorkspace\lpc_chip_175x_6x\Debug\liblpc_chip_175x_6x.a(chip_17xx_40xx.o)
 .debug_abbrev  0x00001141      0x2ec C:\Users\unknown\Documents\LPCWorkspace\lpc_chip_175x_6x\Debug\liblpc_chip_175x_6x.a(clock_17xx_40xx.o)
 .debug_abbrev  0x0000142d      0x126 C:\Users\unknown\Documents\LPCWorkspace\lpc_chip_175x_6x\Debug\liblpc_chip_175x_6x.a(iocon_17xx_40xx.o)
 .debug_abbrev  0x00001553      0x175 C:\Users\unknown\Documents\LPCWorkspace\lpc_chip_175x_6x\Debug\liblpc_chip_175x_6x.a(sysinit_17xx_40xx.o)
 .debug_abbrev  0x000016c8      0x163 C:\Users\unknown\Documents\LPCWorkspace\lpc_chip_175x_6x\Debug\liblpc_chip_175x_6x.a(timer_17xx_40xx.o)

.debug_aranges  0x00000000      0x880
 .debug_aranges
                0x00000000       0x40 ./freeRTOS/src/FreeRTOSCommonHooks.o
 .debug_aranges
                0x00000040       0x28 ./freeRTOS/src/heap_3.o
 .debug_aranges
                0x00000068       0x40 ./freeRTOS/src/list.o
 .debug_aranges
                0x000000a8       0x78 ./freeRTOS/src/port.o
 .debug_aranges
                0x00000120      0x110 ./freeRTOS/src/queue.o
 .debug_aranges
                0x00000230      0x1e8 ./freeRTOS/src/tasks.o
 .debug_aranges
                0x00000418      0x118 ./Example/src/FRTOS.o
 .debug_aranges
                0x00000530       0x80 ./Example/src/cr_startup_lpc175x_6x.o
 .debug_aranges
                0x000005b0       0x20 ./Example/src/sysinit.o
 .debug_aranges
                0x000005d0       0x88 C:\Users\unknown\Documents\LPCWorkspace\lpc_chip_175x_6x\Debug\liblpc_chip_175x_6x.a(adc_17xx_40xx.o)
 .debug_aranges
                0x00000658       0x38 C:\Users\unknown\Documents\LPCWorkspace\lpc_chip_175x_6x\Debug\liblpc_chip_175x_6x.a(chip_17xx_40xx.o)
 .debug_aranges
                0x00000690      0x120 C:\Users\unknown\Documents\LPCWorkspace\lpc_chip_175x_6x\Debug\liblpc_chip_175x_6x.a(clock_17xx_40xx.o)
 .debug_aranges
                0x000007b0       0x30 C:\Users\unknown\Documents\LPCWorkspace\lpc_chip_175x_6x\Debug\liblpc_chip_175x_6x.a(iocon_17xx_40xx.o)
 .debug_aranges
                0x000007e0       0x60 C:\Users\unknown\Documents\LPCWorkspace\lpc_chip_175x_6x\Debug\liblpc_chip_175x_6x.a(sysinit_17xx_40xx.o)
 .debug_aranges
                0x00000840       0x40 C:\Users\unknown\Documents\LPCWorkspace\lpc_chip_175x_6x\Debug\liblpc_chip_175x_6x.a(timer_17xx_40xx.o)

.debug_ranges   0x00000000      0x790
 .debug_ranges  0x00000000       0x30 ./freeRTOS/src/FreeRTOSCommonHooks.o
 .debug_ranges  0x00000030       0x18 ./freeRTOS/src/heap_3.o
 .debug_ranges  0x00000048       0x30 ./freeRTOS/src/list.o
 .debug_ranges  0x00000078       0x68 ./freeRTOS/src/port.o
 .debug_ranges  0x000000e0      0x100 ./freeRTOS/src/queue.o
 .debug_ranges  0x000001e0      0x1d8 ./freeRTOS/src/tasks.o
 .debug_ranges  0x000003b8      0x108 ./Example/src/FRTOS.o
 .debug_ranges  0x000004c0       0x70 ./Example/src/cr_startup_lpc175x_6x.o
 .debug_ranges  0x00000530       0x10 ./Example/src/sysinit.o
 .debug_ranges  0x00000540       0x78 C:\Users\unknown\Documents\LPCWorkspace\lpc_chip_175x_6x\Debug\liblpc_chip_175x_6x.a(adc_17xx_40xx.o)
 .debug_ranges  0x000005b8       0x28 C:\Users\unknown\Documents\LPCWorkspace\lpc_chip_175x_6x\Debug\liblpc_chip_175x_6x.a(chip_17xx_40xx.o)
 .debug_ranges  0x000005e0      0x110 C:\Users\unknown\Documents\LPCWorkspace\lpc_chip_175x_6x\Debug\liblpc_chip_175x_6x.a(clock_17xx_40xx.o)
 .debug_ranges  0x000006f0       0x20 C:\Users\unknown\Documents\LPCWorkspace\lpc_chip_175x_6x\Debug\liblpc_chip_175x_6x.a(iocon_17xx_40xx.o)
 .debug_ranges  0x00000710       0x50 C:\Users\unknown\Documents\LPCWorkspace\lpc_chip_175x_6x\Debug\liblpc_chip_175x_6x.a(sysinit_17xx_40xx.o)
 .debug_ranges  0x00000760       0x30 C:\Users\unknown\Documents\LPCWorkspace\lpc_chip_175x_6x\Debug\liblpc_chip_175x_6x.a(timer_17xx_40xx.o)

.debug_macro    0x00000000     0x6459
 .debug_macro   0x00000000      0x268 ./freeRTOS/src/FreeRTOSCommonHooks.o
 .debug_macro   0x00000268      0x898 ./freeRTOS/src/FreeRTOSCommonHooks.o
 .debug_macro   0x00000b00       0x10 ./freeRTOS/src/FreeRTOSCommonHooks.o
 .debug_macro   0x00000b10      0x12d ./freeRTOS/src/FreeRTOSCommonHooks.o
 .debug_macro   0x00000c3d       0x16 ./freeRTOS/src/FreeRTOSCommonHooks.o
 .debug_macro   0x00000c53      0x5b2 ./freeRTOS/src/FreeRTOSCommonHooks.o
 .debug_macro   0x00001205       0xe8 ./freeRTOS/src/FreeRTOSCommonHooks.o
 .debug_macro   0x000012ed      0x168 ./freeRTOS/src/FreeRTOSCommonHooks.o
 .debug_macro   0x00001455       0xe4 ./freeRTOS/src/FreeRTOSCommonHooks.o
 .debug_macro   0x00001539       0x10 ./freeRTOS/src/FreeRTOSCommonHooks.o
 .debug_macro   0x00001549       0x1f ./freeRTOS/src/FreeRTOSCommonHooks.o
 .debug_macro   0x00001568      0x3f3 ./freeRTOS/src/FreeRTOSCommonHooks.o
 .debug_macro   0x0000195b       0xc0 ./freeRTOS/src/FreeRTOSCommonHooks.o
 .debug_macro   0x00001a1b       0x8c ./freeRTOS/src/FreeRTOSCommonHooks.o
 .debug_macro   0x00001aa7       0x22 ./freeRTOS/src/FreeRTOSCommonHooks.o
 .debug_macro   0x00001ac9       0x74 ./freeRTOS/src/FreeRTOSCommonHooks.o
 .debug_macro   0x00001b3d       0x10 ./freeRTOS/src/FreeRTOSCommonHooks.o
 .debug_macro   0x00001b4d       0x2d ./freeRTOS/src/FreeRTOSCommonHooks.o
 .debug_macro   0x00001b7a       0x3a ./freeRTOS/src/FreeRTOSCommonHooks.o
 .debug_macro   0x00001bb4       0x2d ./freeRTOS/src/FreeRTOSCommonHooks.o
 .debug_macro   0x00001be1      0xbb1 ./freeRTOS/src/FreeRTOSCommonHooks.o
 .debug_macro   0x00002792       0x58 ./freeRTOS/src/FreeRTOSCommonHooks.o
 .debug_macro   0x000027ea      0x230 ./freeRTOS/src/FreeRTOSCommonHooks.o
 .debug_macro   0x00002a1a       0x42 ./freeRTOS/src/FreeRTOSCommonHooks.o
 .debug_macro   0x00002a5c       0x52 ./freeRTOS/src/FreeRTOSCommonHooks.o
 .debug_macro   0x00002aae       0x78 ./freeRTOS/src/FreeRTOSCommonHooks.o
 .debug_macro   0x00002b26       0x82 ./freeRTOS/src/FreeRTOSCommonHooks.o
 .debug_macro   0x00002ba8      0x48c ./freeRTOS/src/FreeRTOSCommonHooks.o
 .debug_macro   0x00003034       0x34 ./freeRTOS/src/FreeRTOSCommonHooks.o
 .debug_macro   0x00003068      0x4c5 ./freeRTOS/src/FreeRTOSCommonHooks.o
 .debug_macro   0x0000352d      0x1b7 ./freeRTOS/src/FreeRTOSCommonHooks.o
 .debug_macro   0x000036e4       0x10 ./freeRTOS/src/FreeRTOSCommonHooks.o
 .debug_macro   0x000036f4      0x21b ./freeRTOS/src/FreeRTOSCommonHooks.o
 .debug_macro   0x0000390f      0x1b9 ./freeRTOS/src/FreeRTOSCommonHooks.o
 .debug_macro   0x00003ac8       0x40 ./freeRTOS/src/FreeRTOSCommonHooks.o
 .debug_macro   0x00003b08       0x22 ./freeRTOS/src/FreeRTOSCommonHooks.o
 .debug_macro   0x00003b2a      0x162 ./freeRTOS/src/FreeRTOSCommonHooks.o
 .debug_macro   0x00003c8c       0x94 ./freeRTOS/src/FreeRTOSCommonHooks.o
 .debug_macro   0x00003d20       0xb8 ./freeRTOS/src/FreeRTOSCommonHooks.o
 .debug_macro   0x00003dd8       0x4c ./freeRTOS/src/FreeRTOSCommonHooks.o
 .debug_macro   0x00003e24       0x16 ./freeRTOS/src/FreeRTOSCommonHooks.o
 .debug_macro   0x00003e3a      0x328 ./freeRTOS/src/FreeRTOSCommonHooks.o
 .debug_macro   0x00004162       0x49 ./freeRTOS/src/FreeRTOSCommonHooks.o
 .debug_macro   0x000041ab       0x16 ./freeRTOS/src/FreeRTOSCommonHooks.o
 .debug_macro   0x000041c1       0xca ./freeRTOS/src/FreeRTOSCommonHooks.o
 .debug_macro   0x0000428b       0x11 ./freeRTOS/src/FreeRTOSCommonHooks.o
 .debug_macro   0x0000429c       0xd4 ./freeRTOS/src/heap_3.o
 .debug_macro   0x00004370       0xb9 ./freeRTOS/src/list.o
 .debug_macro   0x00004429      0x159 ./freeRTOS/src/port.o
 .debug_macro   0x00004582      0x122 ./freeRTOS/src/queue.o
 .debug_macro   0x000046a4       0x94 ./freeRTOS/src/queue.o
 .debug_macro   0x00004738      0x185 ./freeRTOS/src/tasks.o
 .debug_macro   0x000048bd       0x11 ./freeRTOS/src/tasks.o
 .debug_macro   0x000048ce      0x319 ./Example/src/FRTOS.o
 .debug_macro   0x00004be7       0x7b ./Example/src/FRTOS.o
 .debug_macro   0x00004c62       0x18 ./Example/src/FRTOS.o
 .debug_macro   0x00004c7a       0x10 ./Example/src/FRTOS.o
 .debug_macro   0x00004c8a       0xe8 ./Example/src/FRTOS.o
 .debug_macro   0x00004d72       0x78 ./Example/src/FRTOS.o
 .debug_macro   0x00004dea       0x82 ./Example/src/FRTOS.o
 .debug_macro   0x00004e6c       0x1d ./Example/src/cr_startup_lpc175x_6x.o
 .debug_macro   0x00004e89      0x1e6 ./Example/src/sysinit.o
 .debug_macro   0x0000506f      0x1e6 C:\Users\unknown\Documents\LPCWorkspace\lpc_chip_175x_6x\Debug\liblpc_chip_175x_6x.a(adc_17xx_40xx.o)
 .debug_macro   0x00005255      0x886 C:\Users\unknown\Documents\LPCWorkspace\lpc_chip_175x_6x\Debug\liblpc_chip_175x_6x.a(adc_17xx_40xx.o)
 .debug_macro   0x00005adb      0x1e6 C:\Users\unknown\Documents\LPCWorkspace\lpc_chip_175x_6x\Debug\liblpc_chip_175x_6x.a(chip_17xx_40xx.o)
 .debug_macro   0x00005cc1      0x1e6 C:\Users\unknown\Documents\LPCWorkspace\lpc_chip_175x_6x\Debug\liblpc_chip_175x_6x.a(clock_17xx_40xx.o)
 .debug_macro   0x00005ea7      0x1e6 C:\Users\unknown\Documents\LPCWorkspace\lpc_chip_175x_6x\Debug\liblpc_chip_175x_6x.a(iocon_17xx_40xx.o)
 .debug_macro   0x0000608d      0x1e6 C:\Users\unknown\Documents\LPCWorkspace\lpc_chip_175x_6x\Debug\liblpc_chip_175x_6x.a(sysinit_17xx_40xx.o)
 .debug_macro   0x00006273      0x1e6 C:\Users\unknown\Documents\LPCWorkspace\lpc_chip_175x_6x\Debug\liblpc_chip_175x_6x.a(timer_17xx_40xx.o)

.debug_line     0x00000000     0x4ba7
 .debug_line    0x00000000      0x5c3 ./freeRTOS/src/FreeRTOSCommonHooks.o
 .debug_line    0x000005c3      0x23f ./freeRTOS/src/heap_3.o
 .debug_line    0x00000802      0x28d ./freeRTOS/src/list.o
 .debug_line    0x00000a8f      0x366 ./freeRTOS/src/port.o
 .debug_line    0x00000df5      0x685 ./freeRTOS/src/queue.o
 .debug_line    0x0000147a      0xbcb ./freeRTOS/src/tasks.o
 .debug_line    0x00002045      0x882 ./Example/src/FRTOS.o
 .debug_line    0x000028c7       0xdd ./Example/src/cr_startup_lpc175x_6x.o
 .debug_line    0x000029a4      0x414 ./Example/src/sysinit.o
 .debug_line    0x00002db8      0x534 C:\Users\unknown\Documents\LPCWorkspace\lpc_chip_175x_6x\Debug\liblpc_chip_175x_6x.a(adc_17xx_40xx.o)
 .debug_line    0x000032ec      0x45c C:\Users\unknown\Documents\LPCWorkspace\lpc_chip_175x_6x\Debug\liblpc_chip_175x_6x.a(chip_17xx_40xx.o)
 .debug_line    0x00003748      0x6d8 C:\Users\unknown\Documents\LPCWorkspace\lpc_chip_175x_6x\Debug\liblpc_chip_175x_6x.a(clock_17xx_40xx.o)
 .debug_line    0x00003e20      0x448 C:\Users\unknown\Documents\LPCWorkspace\lpc_chip_175x_6x\Debug\liblpc_chip_175x_6x.a(iocon_17xx_40xx.o)
 .debug_line    0x00004268      0x4d2 C:\Users\unknown\Documents\LPCWorkspace\lpc_chip_175x_6x\Debug\liblpc_chip_175x_6x.a(sysinit_17xx_40xx.o)
 .debug_line    0x0000473a      0x46d C:\Users\unknown\Documents\LPCWorkspace\lpc_chip_175x_6x\Debug\liblpc_chip_175x_6x.a(timer_17xx_40xx.o)

.debug_str      0x00000000    0x19bdf
 .debug_str     0x00000000    0x13c92 ./freeRTOS/src/FreeRTOSCommonHooks.o
                              0x13da3 (size before relaxing)
 .debug_str     0x00013c92      0x137 ./freeRTOS/src/heap_3.o
                               0x723e (size before relaxing)
 .debug_str     0x00013dc9      0x139 ./freeRTOS/src/list.o
                               0x6d57 (size before relaxing)
 .debug_str     0x00013f02      0x76a ./freeRTOS/src/port.o
                               0x793a (size before relaxing)
 .debug_str     0x0001466c      0xf75 ./freeRTOS/src/queue.o
                               0x82d3 (size before relaxing)
 .debug_str     0x000155e1     0x1b51 ./freeRTOS/src/tasks.o
                               0x9031 (size before relaxing)
 .debug_str     0x00017132     0x19bb ./Example/src/FRTOS.o
                              0x15ef3 (size before relaxing)
 .debug_str     0x00018aed      0x19f ./Example/src/cr_startup_lpc175x_6x.o
                               0x26b3 (size before relaxing)
 .debug_str     0x00018c8c       0x23 ./Example/src/sysinit.o
                              0x10993 (size before relaxing)
 .debug_str     0x00018caf      0x515 C:\Users\unknown\Documents\LPCWorkspace\lpc_chip_175x_6x\Debug\liblpc_chip_175x_6x.a(adc_17xx_40xx.o)
                              0x11034 (size before relaxing)
 .debug_str     0x000191c4      0x16b C:\Users\unknown\Documents\LPCWorkspace\lpc_chip_175x_6x\Debug\liblpc_chip_175x_6x.a(chip_17xx_40xx.o)
                              0x10d91 (size before relaxing)
 .debug_str     0x0001932f      0x623 C:\Users\unknown\Documents\LPCWorkspace\lpc_chip_175x_6x\Debug\liblpc_chip_175x_6x.a(clock_17xx_40xx.o)
                              0x113ff (size before relaxing)
 .debug_str     0x00019952       0x98 C:\Users\unknown\Documents\LPCWorkspace\lpc_chip_175x_6x\Debug\liblpc_chip_175x_6x.a(iocon_17xx_40xx.o)
                              0x1087c (size before relaxing)
 .debug_str     0x000199ea       0xc4 C:\Users\unknown\Documents\LPCWorkspace\lpc_chip_175x_6x\Debug\liblpc_chip_175x_6x.a(sysinit_17xx_40xx.o)
                              0x10a64 (size before relaxing)
 .debug_str     0x00019aae      0x131 C:\Users\unknown\Documents\LPCWorkspace\lpc_chip_175x_6x\Debug\liblpc_chip_175x_6x.a(timer_17xx_40xx.o)
                              0x10bad (size before relaxing)

.comment        0x00000000       0xdc
 .comment       0x00000000       0x6e ./freeRTOS/src/FreeRTOSCommonHooks.o
                                 0x6f (size before relaxing)
 .comment       0x0000006e       0x6f ./freeRTOS/src/heap_3.o
 .comment       0x0000006e       0x6f ./freeRTOS/src/list.o
 .comment       0x0000006e       0x6f ./freeRTOS/src/port.o
 .comment       0x0000006e       0x6f ./freeRTOS/src/queue.o
 .comment       0x0000006e       0x6f ./freeRTOS/src/tasks.o
 .comment       0x0000006e       0x6f ./Example/src/FRTOS.o
 .comment       0x0000006e       0x6f ./Example/src/cr_startup_lpc175x_6x.o
 .comment       0x0000006e       0x6f ./Example/src/sysinit.o
 .comment       0x0000006e       0x6f C:\Users\unknown\Documents\LPCWorkspace\lpc_chip_175x_6x\Debug\liblpc_chip_175x_6x.a(adc_17xx_40xx.o)
 .comment       0x0000006e       0x6f C:\Users\unknown\Documents\LPCWorkspace\lpc_chip_175x_6x\Debug\liblpc_chip_175x_6x.a(chip_17xx_40xx.o)
 .comment       0x0000006e       0x6f C:\Users\unknown\Documents\LPCWorkspace\lpc_chip_175x_6x\Debug\liblpc_chip_175x_6x.a(clock_17xx_40xx.o)
 .comment       0x0000006e       0x6f C:\Users\unknown\Documents\LPCWorkspace\lpc_chip_175x_6x\Debug\liblpc_chip_175x_6x.a(iocon_17xx_40xx.o)
 .comment       0x0000006e       0x6f C:\Users\unknown\Documents\LPCWorkspace\lpc_chip_175x_6x\Debug\liblpc_chip_175x_6x.a(sysinit_17xx_40xx.o)
 .comment       0x0000006e       0x6f C:\Users\unknown\Documents\LPCWorkspace\lpc_chip_175x_6x\Debug\liblpc_chip_175x_6x.a(timer_17xx_40xx.o)
 .comment       0x0000006e       0x6e c:/nxp/lpcxpresso_8.2.2_650/lpcxpresso/tools/bin/../lib/gcc/arm-none-eabi/5.4.1/../../../../arm-none-eabi/lib/armv7-m\libcr_semihost.a(_cr__main.o)
                                 0x6f (size before relaxing)
 .comment       0x000000dc       0x6f c:/nxp/lpcxpresso_8.2.2_650/lpcxpresso/tools/bin/../lib/gcc/arm-none-eabi/5.4.1/../../../../arm-none-eabi/lib/armv7-m\libcr_c.a(memcpy.o)
 .comment       0x000000dc       0x6f c:/nxp/lpcxpresso_8.2.2_650/lpcxpresso/tools/bin/../lib/gcc/arm-none-eabi/5.4.1/../../../../arm-none-eabi/lib/armv7-m\libcr_c.a(memset.o)
 .comment       0x000000dc       0x6f c:/nxp/lpcxpresso_8.2.2_650/lpcxpresso/tools/bin/../lib/gcc/arm-none-eabi/5.4.1/../../../../arm-none-eabi/lib/armv7-m\libcr_c.a(alloc.o)
 .comment       0x000000dc       0x6f c:/nxp/lpcxpresso_8.2.2_650/lpcxpresso/tools/bin/../lib/gcc/arm-none-eabi/5.4.1/../../../../arm-none-eabi/lib/armv7-m\libcr_c.a(initio.o)
 .comment       0x000000dc       0x6f c:/nxp/lpcxpresso_8.2.2_650/lpcxpresso/tools/bin/../lib/gcc/arm-none-eabi/5.4.1/../../../../arm-none-eabi/lib/armv7-m\libcr_c.a(setvbuf.o)
 .comment       0x000000dc       0x6f c:/nxp/lpcxpresso_8.2.2_650/lpcxpresso/tools/bin/../lib/gcc/arm-none-eabi/5.4.1/../../../../arm-none-eabi/lib/armv7-m\libcr_c.a(stdio.o)
 .comment       0x000000dc       0x6f c:/nxp/lpcxpresso_8.2.2_650/lpcxpresso/tools/bin/../lib/gcc/arm-none-eabi/5.4.1/../../../../arm-none-eabi/lib/armv7-m\libcr_c.a(__init_alloc.o)
 .comment       0x000000dc       0x6f c:/nxp/lpcxpresso_8.2.2_650/lpcxpresso/tools/bin/../lib/gcc/arm-none-eabi/5.4.1/../../../../arm-none-eabi/lib/armv7-m\libcr_c.a(_cr_sbrk.o)
 .comment       0x000000dc       0x6f c:/nxp/lpcxpresso_8.2.2_650/lpcxpresso/tools/bin/../lib/gcc/arm-none-eabi/5.4.1/../../../../arm-none-eabi/lib/armv7-m\libcr_c.a(_deferredlazyseek.o)
 .comment       0x000000dc       0x6f c:/nxp/lpcxpresso_8.2.2_650/lpcxpresso/tools/bin/../lib/gcc/arm-none-eabi/5.4.1/../../../../arm-none-eabi/lib/armv7-m\libcr_c.a(_fdopen.o)
 .comment       0x000000dc       0x6f c:/nxp/lpcxpresso_8.2.2_650/lpcxpresso/tools/bin/../lib/gcc/arm-none-eabi/5.4.1/../../../../arm-none-eabi/lib/armv7-m\libcr_c.a(_fflush.o)
 .comment       0x000000dc       0x6f c:/nxp/lpcxpresso_8.2.2_650/lpcxpresso/tools/bin/../lib/gcc/arm-none-eabi/5.4.1/../../../../arm-none-eabi/lib/armv7-m\libcr_c.a(_writebuf.o)
 .comment       0x000000dc       0x6f c:/nxp/lpcxpresso_8.2.2_650/lpcxpresso/tools/bin/../lib/gcc/arm-none-eabi/5.4.1/../../../../arm-none-eabi/lib/armv7-m\libcr_c.a(errno.o)
 .comment       0x000000dc       0x6f c:/nxp/lpcxpresso_8.2.2_650/lpcxpresso/tools/bin/../lib/gcc/arm-none-eabi/5.4.1/../../../../arm-none-eabi/lib/armv7-m\libcr_c.a(fclose.o)
 .comment       0x000000dc       0x6f c:/nxp/lpcxpresso_8.2.2_650/lpcxpresso/tools/bin/../lib/gcc/arm-none-eabi/5.4.1/../../../../arm-none-eabi/lib/armv7-m\libcr_c.a(fflush.o)
 .comment       0x000000dc       0x6f c:/nxp/lpcxpresso_8.2.2_650/lpcxpresso/tools/bin/../lib/gcc/arm-none-eabi/5.4.1/../../../../arm-none-eabi/lib/armv7-m\libcr_c.a(fseek.o)
 .comment       0x000000dc       0x6f c:/nxp/lpcxpresso_8.2.2_650/lpcxpresso/tools/bin/../lib/gcc/arm-none-eabi/5.4.1/../../../../arm-none-eabi/lib/armv7-m\libcr_c.a(ftell.o)
 .comment       0x000000dc       0x6f c:/nxp/lpcxpresso_8.2.2_650/lpcxpresso/tools/bin/../lib/gcc/arm-none-eabi/5.4.1/../../../../arm-none-eabi/lib/armv7-m\libcr_c.a(remove.o)
 .comment       0x000000dc       0x6f c:/nxp/lpcxpresso_8.2.2_650/lpcxpresso/tools/bin/../lib/gcc/arm-none-eabi/5.4.1/../../../../arm-none-eabi/lib/armv7-m\libcr_c.a(strlen.o)
 .comment       0x000000dc       0x6f c:/nxp/lpcxpresso_8.2.2_650/lpcxpresso/tools/bin/../lib/gcc/arm-none-eabi/5.4.1/../../../../arm-none-eabi/lib/armv7-m\libcr_c.a(_cr_check_heap.o)
 .comment       0x000000dc       0x6f c:/nxp/lpcxpresso_8.2.2_650/lpcxpresso/tools/bin/../lib/gcc/arm-none-eabi/5.4.1/../../../../arm-none-eabi/lib/armv7-m\libcr_c.a(_do_fflush.o)

.ARM.attributes
                0x00000000       0x31
 .ARM.attributes
                0x00000000       0x33 ./freeRTOS/src/FreeRTOSCommonHooks.o
 .ARM.attributes
                0x00000033       0x33 ./freeRTOS/src/heap_3.o
 .ARM.attributes
                0x00000066       0x33 ./freeRTOS/src/list.o
 .ARM.attributes
                0x00000099       0x33 ./freeRTOS/src/port.o
 .ARM.attributes
                0x000000cc       0x33 ./freeRTOS/src/queue.o
 .ARM.attributes
                0x000000ff       0x33 ./freeRTOS/src/tasks.o
 .ARM.attributes
                0x00000132       0x33 ./Example/src/FRTOS.o
 .ARM.attributes
                0x00000165       0x33 ./Example/src/cr_startup_lpc175x_6x.o
 .ARM.attributes
                0x00000198       0x33 ./Example/src/sysinit.o
 .ARM.attributes
                0x000001cb       0x33 C:\Users\unknown\Documents\LPCWorkspace\lpc_chip_175x_6x\Debug\liblpc_chip_175x_6x.a(adc_17xx_40xx.o)
 .ARM.attributes
                0x000001fe       0x33 C:\Users\unknown\Documents\LPCWorkspace\lpc_chip_175x_6x\Debug\liblpc_chip_175x_6x.a(chip_17xx_40xx.o)
 .ARM.attributes
                0x00000231       0x33 C:\Users\unknown\Documents\LPCWorkspace\lpc_chip_175x_6x\Debug\liblpc_chip_175x_6x.a(clock_17xx_40xx.o)
 .ARM.attributes
                0x00000264       0x33 C:\Users\unknown\Documents\LPCWorkspace\lpc_chip_175x_6x\Debug\liblpc_chip_175x_6x.a(iocon_17xx_40xx.o)
 .ARM.attributes
                0x00000297       0x33 C:\Users\unknown\Documents\LPCWorkspace\lpc_chip_175x_6x\Debug\liblpc_chip_175x_6x.a(sysinit_17xx_40xx.o)
 .ARM.attributes
                0x000002ca       0x33 C:\Users\unknown\Documents\LPCWorkspace\lpc_chip_175x_6x\Debug\liblpc_chip_175x_6x.a(timer_17xx_40xx.o)
 .ARM.attributes
                0x000002fd       0x33 c:/nxp/lpcxpresso_8.2.2_650/lpcxpresso/tools/bin/../lib/gcc/arm-none-eabi/5.4.1/../../../../arm-none-eabi/lib/armv7-m\libcr_semihost.a(_cr__main.o)
 .ARM.attributes
                0x00000330       0x33 c:/nxp/lpcxpresso_8.2.2_650/lpcxpresso/tools/bin/../lib/gcc/arm-none-eabi/5.4.1/../../../../arm-none-eabi/lib/armv7-m\libcr_c.a(memcpy.o)
 .ARM.attributes
                0x00000363       0x33 c:/nxp/lpcxpresso_8.2.2_650/lpcxpresso/tools/bin/../lib/gcc/arm-none-eabi/5.4.1/../../../../arm-none-eabi/lib/armv7-m\libcr_c.a(memset.o)
 .ARM.attributes
                0x00000396       0x33 c:/nxp/lpcxpresso_8.2.2_650/lpcxpresso/tools/bin/../lib/gcc/arm-none-eabi/5.4.1/../../../../arm-none-eabi/lib/armv7-m\libcr_c.a(alloc.o)
 .ARM.attributes
                0x000003c9       0x33 c:/nxp/lpcxpresso_8.2.2_650/lpcxpresso/tools/bin/../lib/gcc/arm-none-eabi/5.4.1/../../../../arm-none-eabi/lib/armv7-m\libcr_c.a(initio.o)
 .ARM.attributes
                0x000003fc       0x33 c:/nxp/lpcxpresso_8.2.2_650/lpcxpresso/tools/bin/../lib/gcc/arm-none-eabi/5.4.1/../../../../arm-none-eabi/lib/armv7-m\libcr_c.a(setvbuf.o)
 .ARM.attributes
                0x0000042f       0x33 c:/nxp/lpcxpresso_8.2.2_650/lpcxpresso/tools/bin/../lib/gcc/arm-none-eabi/5.4.1/../../../../arm-none-eabi/lib/armv7-m\libcr_c.a(stdio.o)
 .ARM.attributes
                0x00000462       0x33 c:/nxp/lpcxpresso_8.2.2_650/lpcxpresso/tools/bin/../lib/gcc/arm-none-eabi/5.4.1/../../../../arm-none-eabi/lib/armv7-m\libcr_c.a(__init_alloc.o)
 .ARM.attributes
                0x00000495       0x33 c:/nxp/lpcxpresso_8.2.2_650/lpcxpresso/tools/bin/../lib/gcc/arm-none-eabi/5.4.1/../../../../arm-none-eabi/lib/armv7-m\libcr_c.a(_cr_sbrk.o)
 .ARM.attributes
                0x000004c8       0x33 c:/nxp/lpcxpresso_8.2.2_650/lpcxpresso/tools/bin/../lib/gcc/arm-none-eabi/5.4.1/../../../../arm-none-eabi/lib/armv7-m\libcr_c.a(_deferredlazyseek.o)
 .ARM.attributes
                0x000004fb       0x33 c:/nxp/lpcxpresso_8.2.2_650/lpcxpresso/tools/bin/../lib/gcc/arm-none-eabi/5.4.1/../../../../arm-none-eabi/lib/armv7-m\libcr_c.a(_fdopen.o)
 .ARM.attributes
                0x0000052e       0x33 c:/nxp/lpcxpresso_8.2.2_650/lpcxpresso/tools/bin/../lib/gcc/arm-none-eabi/5.4.1/../../../../arm-none-eabi/lib/armv7-m\libcr_c.a(_fflush.o)
 .ARM.attributes
                0x00000561       0x33 c:/nxp/lpcxpresso_8.2.2_650/lpcxpresso/tools/bin/../lib/gcc/arm-none-eabi/5.4.1/../../../../arm-none-eabi/lib/armv7-m\libcr_c.a(_writebuf.o)
 .ARM.attributes
                0x00000594       0x33 c:/nxp/lpcxpresso_8.2.2_650/lpcxpresso/tools/bin/../lib/gcc/arm-none-eabi/5.4.1/../../../../arm-none-eabi/lib/armv7-m\libcr_c.a(errno.o)
 .ARM.attributes
                0x000005c7       0x33 c:/nxp/lpcxpresso_8.2.2_650/lpcxpresso/tools/bin/../lib/gcc/arm-none-eabi/5.4.1/../../../../arm-none-eabi/lib/armv7-m\libcr_c.a(fclose.o)
 .ARM.attributes
                0x000005fa       0x33 c:/nxp/lpcxpresso_8.2.2_650/lpcxpresso/tools/bin/../lib/gcc/arm-none-eabi/5.4.1/../../../../arm-none-eabi/lib/armv7-m\libcr_c.a(fflush.o)
 .ARM.attributes
                0x0000062d       0x33 c:/nxp/lpcxpresso_8.2.2_650/lpcxpresso/tools/bin/../lib/gcc/arm-none-eabi/5.4.1/../../../../arm-none-eabi/lib/armv7-m\libcr_c.a(fseek.o)
 .ARM.attributes
                0x00000660       0x33 c:/nxp/lpcxpresso_8.2.2_650/lpcxpresso/tools/bin/../lib/gcc/arm-none-eabi/5.4.1/../../../../arm-none-eabi/lib/armv7-m\libcr_c.a(ftell.o)
 .ARM.attributes
                0x00000693       0x33 c:/nxp/lpcxpresso_8.2.2_650/lpcxpresso/tools/bin/../lib/gcc/arm-none-eabi/5.4.1/../../../../arm-none-eabi/lib/armv7-m\libcr_c.a(remove.o)
 .ARM.attributes
                0x000006c6       0x33 c:/nxp/lpcxpresso_8.2.2_650/lpcxpresso/tools/bin/../lib/gcc/arm-none-eabi/5.4.1/../../../../arm-none-eabi/lib/armv7-m\libcr_c.a(strlen.o)
 .ARM.attributes
                0x000006f9       0x33 c:/nxp/lpcxpresso_8.2.2_650/lpcxpresso/tools/bin/../lib/gcc/arm-none-eabi/5.4.1/../../../../arm-none-eabi/lib/armv7-m\libcr_c.a(_cr_check_heap.o)
 .ARM.attributes
                0x0000072c       0x33 c:/nxp/lpcxpresso_8.2.2_650/lpcxpresso/tools/bin/../lib/gcc/arm-none-eabi/5.4.1/../../../../arm-none-eabi/lib/armv7-m\libcr_c.a(_do_fflush.o)
 .ARM.attributes
                0x0000075f       0x21 c:/nxp/lpcxpresso_8.2.2_650/lpcxpresso/tools/bin/../lib/gcc/arm-none-eabi/5.4.1/armv7-m\libcr_eabihelpers.a(memcpy.o)
 .ARM.attributes
                0x00000780       0x21 c:/nxp/lpcxpresso_8.2.2_650/lpcxpresso/tools/bin/../lib/gcc/arm-none-eabi/5.4.1/../../../../arm-none-eabi/lib/armv7-m\libcr_semihost.a(__sys_appexit.o)
 .ARM.attributes
                0x000007a1       0x21 c:/nxp/lpcxpresso_8.2.2_650/lpcxpresso/tools/bin/../lib/gcc/arm-none-eabi/5.4.1/../../../../arm-none-eabi/lib/armv7-m\libcr_semihost.a(__sys_close.o)
 .ARM.attributes
                0x000007c2       0x21 c:/nxp/lpcxpresso_8.2.2_650/lpcxpresso/tools/bin/../lib/gcc/arm-none-eabi/5.4.1/../../../../arm-none-eabi/lib/armv7-m\libcr_semihost.a(__sys_flen.o)
 .ARM.attributes
                0x000007e3       0x21 c:/nxp/lpcxpresso_8.2.2_650/lpcxpresso/tools/bin/../lib/gcc/arm-none-eabi/5.4.1/../../../../arm-none-eabi/lib/armv7-m\libcr_semihost.a(__sys_istty.o)
 .ARM.attributes
                0x00000804       0x21 c:/nxp/lpcxpresso_8.2.2_650/lpcxpresso/tools/bin/../lib/gcc/arm-none-eabi/5.4.1/../../../../arm-none-eabi/lib/armv7-m\libcr_semihost.a(__sys_remove.o)
 .ARM.attributes
                0x00000825       0x21 c:/nxp/lpcxpresso_8.2.2_650/lpcxpresso/tools/bin/../lib/gcc/arm-none-eabi/5.4.1/../../../../arm-none-eabi/lib/armv7-m\libcr_semihost.a(__sys_seek.o)
 .ARM.attributes
                0x00000846       0x21 c:/nxp/lpcxpresso_8.2.2_650/lpcxpresso/tools/bin/../lib/gcc/arm-none-eabi/5.4.1/../../../../arm-none-eabi/lib/armv7-m\libcr_semihost.a(__sys_tmpnam.o)
 .ARM.attributes
                0x00000867       0x21 c:/nxp/lpcxpresso_8.2.2_650/lpcxpresso/tools/bin/../lib/gcc/arm-none-eabi/5.4.1/../../../../arm-none-eabi/lib/armv7-m\libcr_semihost.a(__sys_write.o)

.debug_frame    0x00000000     0x2058
 .debug_frame   0x00000000       0xb4 ./freeRTOS/src/FreeRTOSCommonHooks.o
 .debug_frame   0x000000b4       0x58 ./freeRTOS/src/heap_3.o
 .debug_frame   0x0000010c       0xd8 ./freeRTOS/src/list.o
 .debug_frame   0x000001e4      0x178 ./freeRTOS/src/port.o
 .debug_frame   0x0000035c      0x498 ./freeRTOS/src/queue.o
 .debug_frame   0x000007f4      0x864 ./freeRTOS/src/tasks.o
 .debug_frame   0x00001058      0x4b0 ./Example/src/FRTOS.o
 .debug_frame   0x00001508      0x170 ./Example/src/cr_startup_lpc175x_6x.o
 .debug_frame   0x00001678       0x34 ./Example/src/sysinit.o
 .debug_frame   0x000016ac      0x218 C:\Users\unknown\Documents\LPCWorkspace\lpc_chip_175x_6x\Debug\liblpc_chip_175x_6x.a(adc_17xx_40xx.o)
 .debug_frame   0x000018c4       0x88 C:\Users\unknown\Documents\LPCWorkspace\lpc_chip_175x_6x\Debug\liblpc_chip_175x_6x.a(chip_17xx_40xx.o)
 .debug_frame   0x0000194c      0x490 C:\Users\unknown\Documents\LPCWorkspace\lpc_chip_175x_6x\Debug\liblpc_chip_175x_6x.a(clock_17xx_40xx.o)
 .debug_frame   0x00001ddc       0x80 C:\Users\unknown\Documents\LPCWorkspace\lpc_chip_175x_6x\Debug\liblpc_chip_175x_6x.a(iocon_17xx_40xx.o)
 .debug_frame   0x00001e5c      0x12c C:\Users\unknown\Documents\LPCWorkspace\lpc_chip_175x_6x\Debug\liblpc_chip_175x_6x.a(sysinit_17xx_40xx.o)
 .debug_frame   0x00001f88       0xd0 C:\Users\unknown\Documents\LPCWorkspace\lpc_chip_175x_6x\Debug\liblpc_chip_175x_6x.a(timer_17xx_40xx.o)
