Archive member included to satisfy reference by file (symbol)

C:\Users\unknown\Documents\LPCWorkspace\lpc_chip_175x_6x\Debug\liblpc_chip_175x_6x.a(adc_17xx_40xx.o)
                              ./Example/src/FRTOS.o (Chip_ADC_Init)
C:\Users\unknown\Documents\LPCWorkspace\lpc_chip_175x_6x\Debug\liblpc_chip_175x_6x.a(chip_17xx_40xx.o)
                              ./freeRTOS/src/port.o (SystemCoreClock)
C:\Users\unknown\Documents\LPCWorkspace\lpc_chip_175x_6x\Debug\liblpc_chip_175x_6x.a(clock_17xx_40xx.o)
                              C:\Users\unknown\Documents\LPCWorkspace\lpc_chip_175x_6x\Debug\liblpc_chip_175x_6x.a(chip_17xx_40xx.o) (Chip_Clock_EnablePLL)
C:\Users\unknown\Documents\LPCWorkspace\lpc_chip_175x_6x\Debug\liblpc_chip_175x_6x.a(i2c_17xx_40xx.o)
                              ./Example/src/FRTOS.o (Chip_I2C_MasterSend)
C:\Users\unknown\Documents\LPCWorkspace\lpc_chip_175x_6x\Debug\liblpc_chip_175x_6x.a(iocon_17xx_40xx.o)
                              ./Example/src/FRTOS.o (Chip_IOCON_PinMux)
C:\Users\unknown\Documents\LPCWorkspace\lpc_chip_175x_6x\Debug\liblpc_chip_175x_6x.a(sysinit_17xx_40xx.o)
                              ./Example/src/sysinit.o (Chip_SystemInit)
C:\Users\unknown\Documents\LPCWorkspace\lpc_chip_175x_6x\Debug\liblpc_chip_175x_6x.a(timer_17xx_40xx.o)
                              ./Example/src/FRTOS.o (Chip_TIMER_Init)
c:/nxp/lpcxpresso_8.2.2_650/lpcxpresso/tools/bin/../lib/gcc/arm-none-eabi/5.4.1/../../../../arm-none-eabi/lib/armv7-m\libcr_semihost.a(_cr__main.o)
                              ./Example/src/cr_startup_lpc175x_6x.o (__main)
c:/nxp/lpcxpresso_8.2.2_650/lpcxpresso/tools/bin/../lib/gcc/arm-none-eabi/5.4.1/../../../../arm-none-eabi/lib/armv7-m\libcr_c.a(memcpy.o)
                              ./freeRTOS/src/queue.o (memcpy)
c:/nxp/lpcxpresso_8.2.2_650/lpcxpresso/tools/bin/../lib/gcc/arm-none-eabi/5.4.1/../../../../arm-none-eabi/lib/armv7-m\libcr_c.a(memset.o)
                              ./freeRTOS/src/tasks.o (memset)
c:/nxp/lpcxpresso_8.2.2_650/lpcxpresso/tools/bin/../lib/gcc/arm-none-eabi/5.4.1/../../../../arm-none-eabi/lib/armv7-m\libcr_c.a(alloc.o)
                              ./freeRTOS/src/heap_3.o (malloc)
c:/nxp/lpcxpresso_8.2.2_650/lpcxpresso/tools/bin/../lib/gcc/arm-none-eabi/5.4.1/../../../../arm-none-eabi/lib/armv7-m\libcr_c.a(initio.o)
                              c:/nxp/lpcxpresso_8.2.2_650/lpcxpresso/tools/bin/../lib/gcc/arm-none-eabi/5.4.1/../../../../arm-none-eabi/lib/armv7-m\libcr_semihost.a(_cr__main.o) (_initio)
c:/nxp/lpcxpresso_8.2.2_650/lpcxpresso/tools/bin/../lib/gcc/arm-none-eabi/5.4.1/../../../../arm-none-eabi/lib/armv7-m\libcr_c.a(setvbuf.o)
                              c:/nxp/lpcxpresso_8.2.2_650/lpcxpresso/tools/bin/../lib/gcc/arm-none-eabi/5.4.1/../../../../arm-none-eabi/lib/armv7-m\libcr_c.a(initio.o) (setvbuf)
c:/nxp/lpcxpresso_8.2.2_650/lpcxpresso/tools/bin/../lib/gcc/arm-none-eabi/5.4.1/../../../../arm-none-eabi/lib/armv7-m\libcr_c.a(stdio.o)
                              c:/nxp/lpcxpresso_8.2.2_650/lpcxpresso/tools/bin/../lib/gcc/arm-none-eabi/5.4.1/../../../../arm-none-eabi/lib/armv7-m\libcr_c.a(initio.o) (__Ciob)
c:/nxp/lpcxpresso_8.2.2_650/lpcxpresso/tools/bin/../lib/gcc/arm-none-eabi/5.4.1/../../../../arm-none-eabi/lib/armv7-m\libcr_c.a(__fillbuf.o)
                              c:/nxp/lpcxpresso_8.2.2_650/lpcxpresso/tools/bin/../lib/gcc/arm-none-eabi/5.4.1/../../../../arm-none-eabi/lib/armv7-m\libcr_c.a(stdio.o) (__filbuf)
c:/nxp/lpcxpresso_8.2.2_650/lpcxpresso/tools/bin/../lib/gcc/arm-none-eabi/5.4.1/../../../../arm-none-eabi/lib/armv7-m\libcr_c.a(__init_alloc.o)
                              c:/nxp/lpcxpresso_8.2.2_650/lpcxpresso/tools/bin/../lib/gcc/arm-none-eabi/5.4.1/../../../../arm-none-eabi/lib/armv7-m\libcr_c.a(alloc.o) (__heaps)
c:/nxp/lpcxpresso_8.2.2_650/lpcxpresso/tools/bin/../lib/gcc/arm-none-eabi/5.4.1/../../../../arm-none-eabi/lib/armv7-m\libcr_c.a(_cr_sbrk.o)
                              c:/nxp/lpcxpresso_8.2.2_650/lpcxpresso/tools/bin/../lib/gcc/arm-none-eabi/5.4.1/../../../../arm-none-eabi/lib/armv7-m\libcr_c.a(alloc.o) (_sbrk)
c:/nxp/lpcxpresso_8.2.2_650/lpcxpresso/tools/bin/../lib/gcc/arm-none-eabi/5.4.1/../../../../arm-none-eabi/lib/armv7-m\libcr_c.a(_deferredlazyseek.o)
                              c:/nxp/lpcxpresso_8.2.2_650/lpcxpresso/tools/bin/../lib/gcc/arm-none-eabi/5.4.1/../../../../arm-none-eabi/lib/armv7-m\libcr_c.a(__fillbuf.o) (_deferredlazyseek)
c:/nxp/lpcxpresso_8.2.2_650/lpcxpresso/tools/bin/../lib/gcc/arm-none-eabi/5.4.1/../../../../arm-none-eabi/lib/armv7-m\libcr_c.a(_fdopen.o)
                              c:/nxp/lpcxpresso_8.2.2_650/lpcxpresso/tools/bin/../lib/gcc/arm-none-eabi/5.4.1/../../../../arm-none-eabi/lib/armv7-m\libcr_c.a(initio.o) (_fdopen)
c:/nxp/lpcxpresso_8.2.2_650/lpcxpresso/tools/bin/../lib/gcc/arm-none-eabi/5.4.1/../../../../arm-none-eabi/lib/armv7-m\libcr_c.a(_fflush.o)
[...]
Memory Configuration

Name             Origin             Length             Attributes
MFlash512        0x00000000         0x00080000         xr
RamLoc32         0x10000000         0x00008000         xrw
RamAHB32         0x2007c000         0x00008000         xrw
*default*        0x00000000         0xffffffff

Linker script and memory map

LOAD ./freeRTOS/src/FreeRTOSCommonHooks.o
LOAD ./freeRTOS/src/croutine.o
LOAD ./freeRTOS/src/event_groups.o
LOAD ./freeRTOS/src/heap_3.o
LOAD ./freeRTOS/src/list.o
LOAD ./freeRTOS/src/port.o
LOAD ./freeRTOS/src/queue.o
LOAD ./freeRTOS/src/tasks.o
LOAD ./freeRTOS/src/timers.o
LOAD ./Example/src/FRTOS.o
LOAD ./Example/src/cr_startup_lpc175x_6x.o
LOAD ./Example/src/crp.o
LOAD ./Example/src/sysinit.o
LOAD C:\Users\unknown\Documents\LPCWorkspace\lpc_chip_175x_6x\Debug\liblpc_chip_175x_6x.a
START GROUP
LOAD c:/nxp/lpcxpresso_8.2.2_650/lpcxpresso/tools/bin/../lib/gcc/arm-none-eabi/5.4.1/../../../../arm-none-eabi/lib/armv7-m\libcr_semihost.a
LOAD c:/nxp/lpcxpresso_8.2.2_650/lpcxpresso/tools/bin/../lib/gcc/arm-none-eabi/5.4.1/../../../../arm-none-eabi/lib/armv7-m\libcr_c.a
LOAD c:/nxp/lpcxpresso_8.2.2_650/lpcxpresso/tools/bin/../lib/gcc/arm-none-eabi/5.4.1/armv7-m\libcr_eabihelpers.a
END GROUP
                0x00000000                __base_MFlash512 = 0x0
                0x00000000                __base_Flash = 0x0
                0x00080000                __top_MFlash512 = 0x80000
                0x00080000                __top_Flash = 0x80000
                0x10000000                __base_RamLoc32 = 0x10000000
                0x10000000                __base_RAM = 0x10000000
                0x10008000                __top_RamLoc32 = 0x10008000
                0x10008000                __top_RAM = 0x10008000
                0x2007c000                __base_RamAHB32 = 0x2007c000
                0x2007c000                __base_RAM2 = 0x2007c000
                0x20084000                __top_RamAHB32 = 0x20084000
                0x20084000                __top_RAM2 = 0x20084000

.text           0x00000000     0x3810
 FILL mask 0xff
                0x00000000                __vectors_start__ = ABSOLUTE (.)
 *(.isr_vector)
 .isr_vector    0x00000000       0xcc ./Example/src/cr_startup_lpc175x_6x.o
                0x00000000                g_pfnVectors
                0x000000cc                . = ALIGN (0x4)
                0x000000cc                __section_table_start = .
                0x000000cc                __data_section_table = .
                0x000000cc        0x4 LONG 0x3810 LOADADDR (.data)
                0x000000d0        0x4 LONG 0x10000000 ADDR (.data)
                0x000000d4        0x4 LONG 0x60 SIZEOF (.data)
                0x000000d8        0x4 LONG 0x3810 LOADADDR (.data_RAM2)
                0x000000dc        0x4 LONG 0x2007c000 ADDR (.data_RAM2)
                0x000000e0        0x4 LONG 0x0 SIZEOF (.data_RAM2)
                0x000000e4                __data_section_table_end = .
                0x000000e4                __bss_section_table = .
                0x000000e4        0x4 LONG 0x10000060 ADDR (.bss)
                0x000000e8        0x4 LONG 0x280 SIZEOF (.bss)
                0x000000ec        0x4 LONG 0x2007c000 ADDR (.bss_RAM2)
                0x000000f0        0x4 LONG 0x0 SIZEOF (.bss_RAM2)
                0x000000f4                __bss_section_table_end = .
                0x000000f4                __section_table_end = .
 *(.after_vectors*)
 .after_vectors
                0x000000f4      0x144 ./Example/src/cr_startup_lpc175x_6x.o
                0x000000f4                data_init
                0x00000138                bss_init
                0x00000170                ResetISR
                0x000001e8                NMI_Handler
                0x000001f0                HardFault_Handler
                0x000001f8                MemManage_Handler
                0x00000200                BusFault_Handler
                0x00000208                UsageFault_Handler
                0x00000218                DebugMon_Handler
                0x00000230                UART1_IRQHandler
                0x00000230                EINT3_IRQHandler
                0x00000230                I2C1_IRQHandler
                0x00000230                TIMER3_IRQHandler
                0x00000230                UART0_IRQHandler
                0x00000230                USBActivity_IRQHandler
                0x00000230                CANActivity_IRQHandler
                0x00000230                EINT2_IRQHandler
                0x00000230                IntDefaultHandler
                0x00000230                PLL0_IRQHandler
                0x00000230                I2C0_IRQHandler
                0x00000230                PLL1_IRQHandler
                0x00000230                SSP0_IRQHandler
                0x00000230                I2S_IRQHandler
                0x00000230                I2C2_IRQHandler
                0x00000230                RTC_IRQHandler
                0x00000230                SPI_IRQHandler
                0x00000230                RIT_IRQHandler
                0x00000230                EINT1_IRQHandler
                0x00000230                TIMER1_IRQHandler
                0x00000230                UART2_IRQHandler
                0x00000230                SSP1_IRQHandler
                0x00000230                USB_IRQHandler
                0x00000230                BOD_IRQHandler
                0x00000230                PWM1_IRQHandler
                0x00000230                WDT_IRQHandler
                0x00000230                QEI_IRQHandler
                0x00000230                EINT0_IRQHandler
                0x00000230                ETH_IRQHandler
                0x00000230                CAN_IRQHandler
                0x00000230                DMA_IRQHandler
                0x00000230                TIMER2_IRQHandler
                0x00000230                UART3_IRQHandler
                0x00000230                MCPWM_IRQHandler
 *(.text*)
 .text.vApplicationTickHook
                0x00000238        0xc ./freeRTOS/src/FreeRTOSCommonHooks.o
                0x00000238                vApplicationTickHook
 .text.pvPortMalloc
                0x00000244       0x24 ./freeRTOS/src/heap_3.o
                0x00000244                pvPortMalloc
 .text.vPortFree
                0x00000268       0x24 ./freeRTOS/src/heap_3.o
                0x00000268                vPortFree
 .text.vListInitialise
                0x0000028c       0x40 ./freeRTOS/src/list.o
                0x0000028c                vListInitialise
 .text.vListInitialiseItem
                0x000002cc       0x18 ./freeRTOS/src/list.o
                0x000002cc                vListInitialiseItem
 .text.vListInsertEnd
                0x000002e4       0x48 ./freeRTOS/src/list.o
                0x000002e4                vListInsertEnd
 .text.vListInsert
                0x0000032c       0x70 ./freeRTOS/src/list.o
                0x0000032c                vListInsert
 .text.uxListRemove
                0x0000039c       0x54 ./freeRTOS/src/list.o
                0x0000039c                uxListRemove
 .text.pxPortInitialiseStack
                0x000003f0       0x58 ./freeRTOS/src/port.o
                0x000003f0                pxPortInitialiseStack
 .text.prvTaskExitError
                0x00000448       0x1c ./freeRTOS/src/port.o
 *fill*         0x00000464        0xc ff
 .text.SVC_Handler
                0x00000470       0x28 ./freeRTOS/src/port.o
                0x00000470                SVC_Handler
 .text.prvPortStartFirstTask
                0x00000498       0x20 ./freeRTOS/src/port.o
 .text.xPortStartScheduler
                0x000004b8       0x3c ./freeRTOS/src/port.o
                0x000004b8                xPortStartScheduler
 .text.vPortEnterCritical
                0x000004f4       0x30 ./freeRTOS/src/port.o
                0x000004f4                vPortEnterCritical
 .text.vPortExitCritical
                0x00000524       0x30 ./freeRTOS/src/port.o
                0x00000524                vPortExitCritical
 *fill*         0x00000554        0xc ff
 .text.PendSV_Handler
                0x00000560       0x48 ./freeRTOS/src/port.o
                0x00000560                PendSV_Handler
 .text.SysTick_Handler
                0x000005a8       0x40 ./freeRTOS/src/port.o
                0x000005a8                SysTick_Handler
 .text.vPortSuppressTicksAndSleep
                0x000005e8      0x184 ./freeRTOS/src/port.o
                0x000005e8                vPortSuppressTicksAndSleep
 .text.vPortSetupTimerInterrupt
                0x0000076c       0x78 ./freeRTOS/src/port.o
                0x0000076c                vPortSetupTimerInterrupt
 .text.xQueueGenericReset
                0x000007e4       0xb4 ./freeRTOS/src/queue.o
                0x000007e4                xQueueGenericReset
 .text.xQueueGenericCreate
                0x00000898       0x58 ./freeRTOS/src/queue.o
                0x00000898                xQueueGenericCreate
 .text.prvInitialiseNewQueue
                0x000008f0       0x48 ./freeRTOS/src/queue.o
 .text.xQueueGenericSend
                0x00000938      0x154 ./freeRTOS/src/queue.o
                0x00000938                xQueueGenericSend
 .text.xQueueGiveFromISR
                0x00000a8c       0xa8 ./freeRTOS/src/queue.o
                0x00000a8c                xQueueGiveFromISR
 .text.xQueueGenericReceive
                0x00000b34      0x1b0 ./freeRTOS/src/queue.o
                0x00000b34                xQueueGenericReceive
 .text.uxQueueSpacesAvailable
                0x00000ce4       0x2c ./freeRTOS/src/queue.o
                0x00000ce4                uxQueueSpacesAvailable
 .text.prvCopyDataToQueue
                0x00000d10       0xd4 ./freeRTOS/src/queue.o
 .text.prvCopyDataFromQueue
                0x00000de4       0x4c ./freeRTOS/src/queue.o
 .text.prvUnlockQueue
                0x00000e30       0xa4 ./freeRTOS/src/queue.o
 .text.prvIsQueueEmpty
                0x00000ed4       0x2c ./freeRTOS/src/queue.o
 .text.prvIsQueueFull
                0x00000f00       0x30 ./freeRTOS/src/queue.o
 .text.xTaskCreate
                0x00000f30       0x84 ./freeRTOS/src/tasks.o
                0x00000f30                xTaskCreate
 .text.prvInitialiseNewTask
                0x00000fb4       0xf0 ./freeRTOS/src/tasks.o
 .text.prvAddNewTaskToReadyList
                0x000010a4       0xdc ./freeRTOS/src/tasks.o
 .text.vTaskDelay
                0x00001180       0x48 ./freeRTOS/src/tasks.o
                0x00001180                vTaskDelay
 .text.vTaskStartScheduler
                0x000011c8       0x6c ./freeRTOS/src/tasks.o
                0x000011c8                vTaskStartScheduler
 .text.vTaskSuspendAll
                0x00001234       0x1c ./freeRTOS/src/tasks.o
                0x00001234                vTaskSuspendAll
 .text.prvGetExpectedIdleTime
                0x00001250       0x74 ./freeRTOS/src/tasks.o
 .text.xTaskResumeAll
                0x000012c4      0x11c ./freeRTOS/src/tasks.o
                0x000012c4                xTaskResumeAll
 .text.vTaskStepTick
                0x000013e0       0x24 ./freeRTOS/src/tasks.o
                0x000013e0                vTaskStepTick
 .text.xTaskIncrementTick
                0x00001404      0x16c ./freeRTOS/src/tasks.o
                0x00001404                xTaskIncrementTick
 .text.vTaskSwitchContext
                0x00001570       0x8c ./freeRTOS/src/tasks.o
                0x00001570                vTaskSwitchContext
 .text.vTaskPlaceOnEventList
                0x000015fc       0x2c ./freeRTOS/src/tasks.o
                0x000015fc                vTaskPlaceOnEventList
 .text.xTaskRemoveFromEventList
                0x00001628       0xac ./freeRTOS/src/tasks.o
                0x00001628                xTaskRemoveFromEventList
 .text.vTaskSetTimeOutState
                0x000016d4       0x2c ./freeRTOS/src/tasks.o
                0x000016d4                vTaskSetTimeOutState
 .text.xTaskCheckForTimeOut
                0x00001700       0x88 ./freeRTOS/src/tasks.o
                0x00001700                xTaskCheckForTimeOut
 .text.vTaskMissedYield
                0x00001788       0x18 ./freeRTOS/src/tasks.o
                0x00001788                vTaskMissedYield
 .text.prvIdleTask
                0x000017a0       0x54 ./freeRTOS/src/tasks.o
 .text.eTaskConfirmSleepModeStatus
                0x000017f4       0x5c ./freeRTOS/src/tasks.o
                0x000017f4                eTaskConfirmSleepModeStatus
 .text.prvInitialiseTaskLists
                0x00001850       0x80 ./freeRTOS/src/tasks.o
 .text.prvCheckTasksWaitingTermination
                0x000018d0       0x78 ./freeRTOS/src/tasks.o
 .text.prvDeleteTCB
                0x00001948       0x20 ./freeRTOS/src/tasks.o
 .text.prvResetNextTaskUnblockTime
                0x00001968       0x48 ./freeRTOS/src/tasks.o
 .text.vTaskPriorityInherit
                0x000019b0       0xec ./freeRTOS/src/tasks.o
                0x000019b0                vTaskPriorityInherit
 .text.xTaskPriorityDisinherit
                0x00001a9c       0xc8 ./freeRTOS/src/tasks.o
                0x00001a9c                xTaskPriorityDisinherit
 .text.pvTaskIncrementMutexHeldCount
                0x00001b64       0x28 ./freeRTOS/src/tasks.o
                0x00001b64                pvTaskIncrementMutexHeldCount
 .text.prvAddCurrentTaskToDelayedList
                0x00001b8c       0xcc ./freeRTOS/src/tasks.o
 .text.NVIC_EnableIRQ
                0x00001c58       0x30 ./Example/src/FRTOS.o
 .text.NVIC_DisableIRQ
                0x00001c88       0x34 ./Example/src/FRTOS.o
 .text.NVIC_ClearPendingIRQ
                0x00001cbc       0x34 ./Example/src/FRTOS.o
 .text.Chip_GPIO_Init
                0x00001cf0       0x18 ./Example/src/FRTOS.o
 .text.Chip_GPIO_SetPinState
                0x00001d08       0x68 ./Example/src/FRTOS.o
 .text.Chip_GPIO_GetPinState
                0x00001d70       0x38 ./Example/src/FRTOS.o
 .text.Chip_GPIO_SetPinDIROutput
                0x00001da8       0x38 ./Example/src/FRTOS.o
 .text.Chip_GPIO_SetPinDIRInput
                0x00001de0       0x3c ./Example/src/FRTOS.o
 .text.Chip_GPIO_SetPinDIR
                0x00001e1c       0x44 ./Example/src/FRTOS.o
 .text.Chip_GPIO_SetDir
                0x00001e60       0x34 ./Example/src/FRTOS.o
 .text.Chip_TIMER_MatchPending
                0x00001e94       0x34 ./Example/src/FRTOS.o
 .text.Chip_TIMER_ClearMatch
                0x00001ec8       0x28 ./Example/src/FRTOS.o
 .text.Chip_TIMER_Enable
                0x00001ef0       0x20 ./Example/src/FRTOS.o
 .text.Chip_TIMER_SetMatch
                0x00001f10       0x28 ./Example/src/FRTOS.o
 .text.Chip_TIMER_MatchEnableInt
                0x00001f38       0x34 ./Example/src/FRTOS.o
 .text.Chip_TIMER_ResetOnMatchEnable
                0x00001f6c       0x34 ./Example/src/FRTOS.o
 .text.ADC_IRQHandler
                0x00001fa0       0x44 ./Example/src/FRTOS.o
                0x00001fa0                ADC_IRQHandler
 .text.TIMER0_IRQHandler
                0x00001fe4       0x58 ./Example/src/FRTOS.o
                0x00001fe4                TIMER0_IRQHandler
 .text.ADC_Config
                0x0000203c       0x70 ./Example/src/FRTOS.o
                0x0000203c                ADC_Config
 .text.Timer_Config
                0x000020ac       0x64 ./Example/src/FRTOS.o
                0x000020ac                Timer_Config
 .text.GPIO_Config
                0x00002110       0x8c ./Example/src/FRTOS.o
                0x00002110                GPIO_Config
 .text.uC_StartUp
                0x0000219c       0x14 ./Example/src/FRTOS.o
                0x0000219c                uC_StartUp
 .text.vTaskSM  0x000021b0      0x134 ./Example/src/FRTOS.o
 .text.DatosI2C
                0x000022e4       0xd4 ./Example/src/FRTOS.o
 .text.main     0x000023b8       0xa8 ./Example/src/FRTOS.o
                0x000023b8                main
 .text.Motor_On
                0x00002460       0x18 ./Example/src/FRTOS.o
                0x00002460                Motor_On
 .text.Motor_Off
                0x00002478       0x18 ./Example/src/FRTOS.o
                0x00002478                Motor_Off
 .text.Ventilador_On
                0x00002490       0x18 ./Example/src/FRTOS.o
                0x00002490                Ventilador_On
 .text.Ventilador_Off
                0x000024a8       0x18 ./Example/src/FRTOS.o
                0x000024a8                Ventilador_Off
 .text.Luz_On   0x000024c0       0x18 ./Example/src/FRTOS.o
                0x000024c0                Luz_On
 .text.Luz_Off  0x000024d8       0x18 ./Example/src/FRTOS.o
                0x000024d8                Luz_Off
 .text.EstadoPuerta
                0x000024f0       0x24 ./Example/src/FRTOS.o
                0x000024f0                EstadoPuerta
 .text.EstadoMotor
                0x00002514       0x24 ./Example/src/FRTOS.o
                0x00002514                EstadoMotor
 .text.Boton_Apagado
                0x00002538       0x24 ./Example/src/FRTOS.o
                0x00002538                Boton_Apagado
 .text.SystemInit
                0x0000255c       0x24 ./Example/src/sysinit.o
                0x0000255c                SystemInit
 .text.getFullConvClk
                0x00002580       0x10 C:\Users\unknown\Documents\LPCWorkspace\lpc_chip_175x_6x\Debug\liblpc_chip_175x_6x.a(adc_17xx_40xx.o)
 .text.getClkDiv
                0x00002590       0x4c C:\Users\unknown\Documents\LPCWorkspace\lpc_chip_175x_6x\Debug\liblpc_chip_175x_6x.a(adc_17xx_40xx.o)
 .text.setStartMode
                0x000025dc       0x2c C:\Users\unknown\Documents\LPCWorkspace\lpc_chip_175x_6x\Debug\liblpc_chip_175x_6x.a(adc_17xx_40xx.o)
                0x000025dc                setStartMode
 .text.readAdcVal
                0x00002608       0x40 C:\Users\unknown\Documents\LPCWorkspace\lpc_chip_175x_6x\Debug\liblpc_chip_175x_6x.a(adc_17xx_40xx.o)
                0x00002608                readAdcVal
 .text.Chip_ADC_Init
                0x00002648       0x74 C:\Users\unknown\Documents\LPCWorkspace\lpc_chip_175x_6x\Debug\liblpc_chip_175x_6x.a(adc_17xx_40xx.o)
                0x00002648                Chip_ADC_Init
 .text.Chip_ADC_ReadValue
                0x000026bc       0x24 C:\Users\unknown\Documents\LPCWorkspace\lpc_chip_175x_6x\Debug\liblpc_chip_175x_6x.a(adc_17xx_40xx.o)
                0x000026bc                Chip_ADC_ReadValue
 .text.Chip_ADC_Int_SetChannelCmd
                0x000026e0       0x48 C:\Users\unknown\Documents\LPCWorkspace\lpc_chip_175x_6x\Debug\liblpc_chip_175x_6x.a(adc_17xx_40xx.o)
                0x000026e0                Chip_ADC_Int_SetChannelCmd
 .text.Chip_ADC_SetStartMode
                0x00002728       0x50 C:\Users\unknown\Documents\LPCWorkspace\lpc_chip_175x_6x\Debug\liblpc_chip_175x_6x.a(adc_17xx_40xx.o)
                0x00002728                Chip_ADC_SetStartMode
 .text.Chip_ADC_SetSampleRate
                0x00002778       0x50 C:\Users\unknown\Documents\LPCWorkspace\lpc_chip_175x_6x\Debug\liblpc_chip_175x_6x.a(adc_17xx_40xx.o)
                0x00002778                Chip_ADC_SetSampleRate
 .text.Chip_ADC_EnableChannel
                0x000027c8       0x54 C:\Users\unknown\Documents\LPCWorkspace\lpc_chip_175x_6x\Debug\liblpc_chip_175x_6x.a(adc_17xx_40xx.o)
                0x000027c8                Chip_ADC_EnableChannel
 .text.Chip_ADC_SetBurstCmd
                0x0000281c       0x3c C:\Users\unknown\Documents\LPCWorkspace\lpc_chip_175x_6x\Debug\liblpc_chip_175x_6x.a(adc_17xx_40xx.o)
                0x0000281c                Chip_ADC_SetBurstCmd
 .text.SystemCoreClockUpdate
                0x00002858       0x18 C:\Users\unknown\Documents\LPCWorkspace\lpc_chip_175x_6x\Debug\liblpc_chip_175x_6x.a(chip_17xx_40xx.o)
                0x00002858                SystemCoreClockUpdate
 .text.Chip_Clock_IsMainPLLEnabled
                0x00002870       0x24 C:\Users\unknown\Documents\LPCWorkspace\lpc_chip_175x_6x\Debug\liblpc_chip_175x_6x.a(clock_17xx_40xx.o)
 .text.Chip_Clock_IsMainPLLConnected
                0x00002894       0x24 C:\Users\unknown\Documents\LPCWorkspace\lpc_chip_175x_6x\Debug\liblpc_chip_175x_6x.a(clock_17xx_40xx.o)
 .text.Chip_Clock_FeedPLL
                0x000028b8       0x34 C:\Users\unknown\Documents\LPCWorkspace\lpc_chip_175x_6x\Debug\liblpc_chip_175x_6x.a(clock_17xx_40xx.o)
 .text.Chip_Clock_GetMainPLLSource
                0x000028ec       0x20 C:\Users\unknown\Documents\LPCWorkspace\lpc_chip_175x_6x\Debug\liblpc_chip_175x_6x.a(clock_17xx_40xx.o)
 .text.Chip_Clock_GetMainOscRate
                0x0000290c       0x14 C:\Users\unknown\Documents\LPCWorkspace\lpc_chip_175x_6x\Debug\liblpc_chip_175x_6x.a(clock_17xx_40xx.o)
 .text.Chip_Clock_GetIntOscRate
                0x00002920       0x14 C:\Users\unknown\Documents\LPCWorkspace\lpc_chip_175x_6x\Debug\liblpc_chip_175x_6x.a(clock_17xx_40xx.o)
 .text.Chip_Clock_GetRTCOscRate
                0x00002934       0x14 C:\Users\unknown\Documents\LPCWorkspace\lpc_chip_175x_6x\Debug\liblpc_chip_175x_6x.a(clock_17xx_40xx.o)
 .text.Chip_Clock_GetMainPLLInClockRate
                0x00002948       0x10 C:\Users\unknown\Documents\LPCWorkspace\lpc_chip_175x_6x\Debug\liblpc_chip_175x_6x.a(clock_17xx_40xx.o)
 .text.Chip_Clock_EnablePLL
                0x00002958       0x44 C:\Users\unknown\Documents\LPCWorkspace\lpc_chip_175x_6x\Debug\liblpc_chip_175x_6x.a(clock_17xx_40xx.o)
                0x00002958                Chip_Clock_EnablePLL
 .text.Chip_Clock_DisablePLL
                0x0000299c       0x48 C:\Users\unknown\Documents\LPCWorkspace\lpc_chip_175x_6x\Debug\liblpc_chip_175x_6x.a(clock_17xx_40xx.o)
                0x0000299c                Chip_Clock_DisablePLL
 .text.Chip_Clock_SetupPLL
                0x000029e4       0x5c C:\Users\unknown\Documents\LPCWorkspace\lpc_chip_175x_6x\Debug\liblpc_chip_175x_6x.a(clock_17xx_40xx.o)
                0x000029e4                Chip_Clock_SetupPLL
 .text.Chip_Clock_EnablePeriphClock
                0x00002a40       0x34 C:\Users\unknown\Documents\LPCWorkspace\lpc_chip_175x_6x\Debug\liblpc_chip_175x_6x.a(clock_17xx_40xx.o)
                0x00002a40                Chip_Clock_EnablePeriphClock
 .text.Chip_Clock_GetCPUClockSource
                0x00002a74       0x24 C:\Users\unknown\Documents\LPCWorkspace\lpc_chip_175x_6x\Debug\liblpc_chip_175x_6x.a(clock_17xx_40xx.o)
                0x00002a74                Chip_Clock_GetCPUClockSource
 .text.Chip_Clock_SetCPUClockDiv
                0x00002a98       0x20 C:\Users\unknown\Documents\LPCWorkspace\lpc_chip_175x_6x\Debug\liblpc_chip_175x_6x.a(clock_17xx_40xx.o)
                0x00002a98                Chip_Clock_SetCPUClockDiv
 .text.Chip_Clock_GetCPUClockDiv
                0x00002ab8       0x1c C:\Users\unknown\Documents\LPCWorkspace\lpc_chip_175x_6x\Debug\liblpc_chip_175x_6x.a(clock_17xx_40xx.o)
                0x00002ab8                Chip_Clock_GetCPUClockDiv
 .text.Chip_Clock_GetPCLKDiv
                0x00002ad4       0x8c C:\Users\unknown\Documents\LPCWorkspace\lpc_chip_175x_6x\Debug\liblpc_chip_175x_6x.a(clock_17xx_40xx.o)
                0x00002ad4                Chip_Clock_GetPCLKDiv
 .text.Chip_Clock_GetSYSCLKRate
                0x00002b60       0x34 C:\Users\unknown\Documents\LPCWorkspace\lpc_chip_175x_6x\Debug\liblpc_chip_175x_6x.a(clock_17xx_40xx.o)
                0x00002b60                Chip_Clock_GetSYSCLKRate
 .text.Chip_Clock_GetMainPLLOutClockRate
                0x00002b94       0x54 C:\Users\unknown\Documents\LPCWorkspace\lpc_chip_175x_6x\Debug\liblpc_chip_175x_6x.a(clock_17xx_40xx.o)
                0x00002b94                Chip_Clock_GetMainPLLOutClockRate
 .text.Chip_Clock_GetMainClockRate
                0x00002be8       0x28 C:\Users\unknown\Documents\LPCWorkspace\lpc_chip_175x_6x\Debug\liblpc_chip_175x_6x.a(clock_17xx_40xx.o)
                0x00002be8                Chip_Clock_GetMainClockRate
 .text.Chip_Clock_GetSystemClockRate
                0x00002c10       0x18 C:\Users\unknown\Documents\LPCWorkspace\lpc_chip_175x_6x\Debug\liblpc_chip_175x_6x.a(clock_17xx_40xx.o)
                0x00002c10                Chip_Clock_GetSystemClockRate
 .text.Chip_Clock_GetPeripheralClockRate
                0x00002c28       0x28 C:\Users\unknown\Documents\LPCWorkspace\lpc_chip_175x_6x\Debug\liblpc_chip_175x_6x.a(clock_17xx_40xx.o)
                0x00002c28                Chip_Clock_GetPeripheralClockRate
 .text.startMasterXfer
                0x00002c50       0x20 C:\Users\unknown\Documents\LPCWorkspace\lpc_chip_175x_6x\Debug\liblpc_chip_175x_6x.a(i2c_17xx_40xx.o)
 .text.startSlaverXfer
                0x00002c70       0x20 C:\Users\unknown\Documents\LPCWorkspace\lpc_chip_175x_6x\Debug\liblpc_chip_175x_6x.a(i2c_17xx_40xx.o)
 .text.isI2CBusFree
                0x00002c90       0x24 C:\Users\unknown\Documents\LPCWorkspace\lpc_chip_175x_6x\Debug\liblpc_chip_175x_6x.a(i2c_17xx_40xx.o)
 .text.Chip_I2C_EventHandler
                0x00002cb4       0x4c C:\Users\unknown\Documents\LPCWorkspace\lpc_chip_175x_6x\Debug\liblpc_chip_175x_6x.a(i2c_17xx_40xx.o)
                0x00002cb4                Chip_I2C_EventHandler
 .text.Chip_I2C_MasterTransfer
                0x00002d00       0x9c C:\Users\unknown\Documents\LPCWorkspace\lpc_chip_175x_6x\Debug\liblpc_chip_175x_6x.a(i2c_17xx_40xx.o)
                0x00002d00                Chip_I2C_MasterTransfer
 .text.Chip_I2C_MasterSend
                0x00002d9c       0x58 C:\Users\unknown\Documents\LPCWorkspace\lpc_chip_175x_6x\Debug\liblpc_chip_175x_6x.a(i2c_17xx_40xx.o)
                0x00002d9c                Chip_I2C_MasterSend
 .text.Chip_I2C_MasterRead
                0x00002df4       0x54 C:\Users\unknown\Documents\LPCWorkspace\lpc_chip_175x_6x\Debug\liblpc_chip_175x_6x.a(i2c_17xx_40xx.o)
                0x00002df4                Chip_I2C_MasterRead
 .text.Chip_IOCON_PinMux
                0x00002e48       0x94 C:\Users\unknown\Documents\LPCWorkspace\lpc_chip_175x_6x\Debug\liblpc_chip_175x_6x.a(iocon_17xx_40xx.o)
                0x00002e48                Chip_IOCON_PinMux
 .text.Chip_Clock_IsMainPLLEnabled
                0x00002edc       0x24 C:\Users\unknown\Documents\LPCWorkspace\lpc_chip_175x_6x\Debug\liblpc_chip_175x_6x.a(sysinit_17xx_40xx.o)
 .text.Chip_Clock_IsMainPLLLocked
                0x00002f00       0x24 C:\Users\unknown\Documents\LPCWorkspace\lpc_chip_175x_6x\Debug\liblpc_chip_175x_6x.a(sysinit_17xx_40xx.o)
 .text.Chip_Clock_IsMainPLLConnected
                0x00002f24       0x24 C:\Users\unknown\Documents\LPCWorkspace\lpc_chip_175x_6x\Debug\liblpc_chip_175x_6x.a(sysinit_17xx_40xx.o)
 .text.Chip_Clock_SetMainPLLSource
                0x00002f48       0x20 C:\Users\unknown\Documents\LPCWorkspace\lpc_chip_175x_6x\Debug\liblpc_chip_175x_6x.a(sysinit_17xx_40xx.o)
 .text.Chip_SetupIrcClocking
                0x00002f68       0x6c C:\Users\unknown\Documents\LPCWorkspace\lpc_chip_175x_6x\Debug\liblpc_chip_175x_6x.a(sysinit_17xx_40xx.o)
                0x00002f68                Chip_SetupIrcClocking
 .text.Chip_SystemInit
                0x00002fd4        0xc C:\Users\unknown\Documents\LPCWorkspace\lpc_chip_175x_6x\Debug\liblpc_chip_175x_6x.a(sysinit_17xx_40xx.o)
                0x00002fd4                Chip_SystemInit
 .text.Chip_Timer_GetClockIndex
                0x00002fe0       0x50 C:\Users\unknown\Documents\LPCWorkspace\lpc_chip_175x_6x\Debug\liblpc_chip_175x_6x.a(timer_17xx_40xx.o)
 .text.Chip_TIMER_Init
                0x00003030       0x20 C:\Users\unknown\Documents\LPCWorkspace\lpc_chip_175x_6x\Debug\liblpc_chip_175x_6x.a(timer_17xx_40xx.o)
                0x00003030                Chip_TIMER_Init
 .text.Chip_TIMER_Reset
                0x00003050       0x3c C:\Users\unknown\Documents\LPCWorkspace\lpc_chip_175x_6x\Debug\liblpc_chip_175x_6x.a(timer_17xx_40xx.o)
                0x00003050                Chip_TIMER_Reset
 .text.__main   0x0000308c       0x14 c:/nxp/lpcxpresso_8.2.2_650/lpcxpresso/tools/bin/../lib/gcc/arm-none-eabi/5.4.1/../../../../arm-none-eabi/lib/armv7-m\libcr_semihost.a(_cr__main.o)
                0x0000308c                __CR_SEMIHOST
                0x0000308c                __main
 .text.memcpy   0x000030a0        0x4 c:/nxp/lpcxpresso_8.2.2_650/lpcxpresso/tools/bin/../lib/gcc/arm-none-eabi/5.4.1/../../../../arm-none-eabi/lib/armv7-m\libcr_c.a(memcpy.o)
                0x000030a0                memcpy
 .text.memset   0x000030a4        0x4 c:/nxp/lpcxpresso_8.2.2_650/lpcxpresso/tools/bin/../lib/gcc/arm-none-eabi/5.4.1/../../../../arm-none-eabi/lib/armv7-m\libcr_c.a(memset.o)
                0x000030a4                memset
 .text.malloc   0x000030a8       0xc8 c:/nxp/lpcxpresso_8.2.2_650/lpcxpresso/tools/bin/../lib/gcc/arm-none-eabi/5.4.1/../../../../arm-none-eabi/lib/armv7-m\libcr_c.a(alloc.o)
                0x000030a8                malloc
 .text.free     0x00003170       0x30 c:/nxp/lpcxpresso_8.2.2_650/lpcxpresso/tools/bin/../lib/gcc/arm-none-eabi/5.4.1/../../../../arm-none-eabi/lib/armv7-m\libcr_c.a(alloc.o)
                0x00003170                free
 .text._Csys_alloc
                0x000031a0       0x20 c:/nxp/lpcxpresso_8.2.2_650/lpcxpresso/tools/bin/../lib/gcc/arm-none-eabi/5.4.1/../../../../arm-none-eabi/lib/armv7-m\libcr_c.a(alloc.o)
                0x000031a0                _Csys_alloc
 .text._initio  0x000031c0       0xa4 c:/nxp/lpcxpresso_8.2.2_650/lpcxpresso/tools/bin/../lib/gcc/arm-none-eabi/5.4.1/../../../../arm-none-eabi/lib/armv7-m\libcr_c.a(initio.o)
                0x000031c0                _initio
 .text.setvbuf  0x00003264       0x40 c:/nxp/lpcxpresso_8.2.2_650/lpcxpresso/tools/bin/../lib/gcc/arm-none-eabi/5.4.1/../../../../arm-none-eabi/lib/armv7-m\libcr_c.a(setvbuf.o)
                0x00003264                setvbuf
 .text._sbrk    0x000032a4       0x40 c:/nxp/lpcxpresso_8.2.2_650/lpcxpresso/tools/bin/../lib/gcc/arm-none-eabi/5.4.1/../../../../arm-none-eabi/lib/armv7-m\libcr_c.a(_cr_sbrk.o)
                0x000032a4                _sbrk
 .text._deferredlazyseek
                0x000032e4       0x44 c:/nxp/lpcxpresso_8.2.2_650/lpcxpresso/tools/bin/../lib/gcc/arm-none-eabi/5.4.1/../../../../arm-none-eabi/lib/armv7-m\libcr_c.a(_deferredlazyseek.o)
                0x000032e4                _deferredlazyseek
 .text._fdopen  0x00003328       0x6a c:/nxp/lpcxpresso_8.2.2_650/lpcxpresso/tools/bin/../lib/gcc/arm-none-eabi/5.4.1/../../../../arm-none-eabi/lib/armv7-m\libcr_c.a(_fdopen.o)
                0x00003328                _fdopen
 .text._fflush  0x00003392       0x58 c:/nxp/lpcxpresso_8.2.2_650/lpcxpresso/tools/bin/../lib/gcc/arm-none-eabi/5.4.1/../../../../arm-none-eabi/lib/armv7-m\libcr_c.a(_fflush.o)
                0x00003392                _fflush
 *fill*         0x000033ea        0x2 ff
 .text._Cwritebuf
                0x000033ec       0x68 c:/nxp/lpcxpresso_8.2.2_650/lpcxpresso/tools/bin/../lib/gcc/arm-none-eabi/5.4.1/../../../../arm-none-eabi/lib/armv7-m\libcr_c.a(_writebuf.o)
                0x000033ec                _Cwritebuf
 .text.fclose   0x00003454       0x6c c:/nxp/lpcxpresso_8.2.2_650/lpcxpresso/tools/bin/../lib/gcc/arm-none-eabi/5.4.1/../../../../arm-none-eabi/lib/armv7-m\libcr_c.a(fclose.o)
                0x00003454                fclose
 .text.fflush   0x000034c0       0x30 c:/nxp/lpcxpresso_8.2.2_650/lpcxpresso/tools/bin/../lib/gcc/arm-none-eabi/5.4.1/../../../../arm-none-eabi/lib/armv7-m\libcr_c.a(fflush.o)
                0x000034c0                fflush
 .text.fseek    0x000034f0      0x110 c:/nxp/lpcxpresso_8.2.2_650/lpcxpresso/tools/bin/../lib/gcc/arm-none-eabi/5.4.1/../../../../arm-none-eabi/lib/armv7-m\libcr_c.a(fseek.o)
                0x000034f0                fseek
 .text.ftell    0x00003600       0x4c c:/nxp/lpcxpresso_8.2.2_650/lpcxpresso/tools/bin/../lib/gcc/arm-none-eabi/5.4.1/../../../../arm-none-eabi/lib/armv7-m\libcr_c.a(ftell.o)
                0x00003600                ftell
 .text.remove   0x0000364c       0x14 c:/nxp/lpcxpresso_8.2.2_650/lpcxpresso/tools/bin/../lib/gcc/arm-none-eabi/5.4.1/../../../../arm-none-eabi/lib/armv7-m\libcr_c.a(remove.o)
                0x0000364c                remove
 .text.strlen   0x00003660       0x4a c:/nxp/lpcxpresso_8.2.2_650/lpcxpresso/tools/bin/../lib/gcc/arm-none-eabi/5.4.1/../../../../arm-none-eabi/lib/armv7-m\libcr_c.a(strlen.o)
                0x00003660                strlen
 *fill*         0x000036aa        0x2 ff
 .text.__check_heap_overflow
                0x000036ac       0x18 c:/nxp/lpcxpresso_8.2.2_650/lpcxpresso/tools/bin/../lib/gcc/arm-none-eabi/5.4.1/../../../../arm-none-eabi/lib/armv7-m\libcr_c.a(_cr_check_heap.o)
                0x000036ac                __check_heap_overflow
 .text._do_fflush
                0x000036c4       0x44 c:/nxp/lpcxpresso_8.2.2_650/lpcxpresso/tools/bin/../lib/gcc/arm-none-eabi/5.4.1/../../../../arm-none-eabi/lib/armv7-m\libcr_c.a(_do_fflush.o)
                0x000036c4                _do_fflush
 .text.__aeabi_memcpy
                0x00003708       0x34 c:/nxp/lpcxpresso_8.2.2_650/lpcxpresso/tools/bin/../lib/gcc/arm-none-eabi/5.4.1/armv7-m\libcr_eabihelpers.a(memcpy.o)
                0x00003708                __aeabi_memcpy
                0x00003712                __aeabi_memcpy8
                0x00003712                __aeabi_memcpy4
 .text.__aeabi_memset_lowlevel
                0x0000373c       0x32 c:/nxp/lpcxpresso_8.2.2_650/lpcxpresso/tools/bin/../lib/gcc/arm-none-eabi/5.4.1/armv7-m\libcr_eabihelpers.a(memcpy.o)
                0x0000373c                __aeabi_lowlevel_memset
 *fill*         0x0000376e        0x2 ff
 .text.__sys_appexit
                0x00003770        0xc c:/nxp/lpcxpresso_8.2.2_650/lpcxpresso/tools/bin/../lib/gcc/arm-none-eabi/5.4.1/../../../../arm-none-eabi/lib/armv7-m\libcr_semihost.a(__sys_appexit.o)
                0x00003770                __sys_appexit
                0x00003770                __exit
 .text.__sys_close
                0x0000377c        0xc c:/nxp/lpcxpresso_8.2.2_650/lpcxpresso/tools/bin/../lib/gcc/arm-none-eabi/5.4.1/../../../../arm-none-eabi/lib/armv7-m\libcr_semihost.a(__sys_close.o)
                0x0000377c                __sys_close
 .text.__sys_flen
                0x00003788        0xc c:/nxp/lpcxpresso_8.2.2_650/lpcxpresso/tools/bin/../lib/gcc/arm-none-eabi/5.4.1/../../../../arm-none-eabi/lib/armv7-m\libcr_semihost.a(__sys_flen.o)
                0x00003788                __sys_flen
 .text.__sys_istty
                0x00003794        0xc c:/nxp/lpcxpresso_8.2.2_650/lpcxpresso/tools/bin/../lib/gcc/arm-none-eabi/5.4.1/../../../../arm-none-eabi/lib/armv7-m\libcr_semihost.a(__sys_istty.o)
                0x00003794                __sys_istty
 .text.__sys_remove
                0x000037a0        0xc c:/nxp/lpcxpresso_8.2.2_650/lpcxpresso/tools/bin/../lib/gcc/arm-none-eabi/5.4.1/../../../../arm-none-eabi/lib/armv7-m\libcr_semihost.a(__sys_remove.o)
                0x000037a0                __sys_remove
 .text.__sys_seek
                0x000037ac        0xc c:/nxp/lpcxpresso_8.2.2_650/lpcxpresso/tools/bin/../lib/gcc/arm-none-eabi/5.4.1/../../../../arm-none-eabi/lib/armv7-m\libcr_semihost.a(__sys_seek.o)
                0x000037ac                __sys_seek
 .text.__sys_tmpnam
                0x000037b8        0xc c:/nxp/lpcxpresso_8.2.2_650/lpcxpresso/tools/bin/../lib/gcc/arm-none-eabi/5.4.1/../../../../arm-none-eabi/lib/armv7-m\libcr_semihost.a(__sys_tmpnam.o)
                0x000037b8                __sys_tmpnam
 .text.__sys_write
                0x000037c4        0xc c:/nxp/lpcxpresso_8.2.2_650/lpcxpresso/tools/bin/../lib/gcc/arm-none-eabi/5.4.1/../../../../arm-none-eabi/lib/armv7-m\libcr_semihost.a(__sys_write.o)
                0x000037c4                __sys_write
                0x000037c4                __write
 *(.rodata .rodata.* .constdata .constdata.*)
 .rodata        0x000037d0        0x5 ./freeRTOS/src/tasks.o
 *fill*         0x000037d5        0x3 ff
 .rodata        0x000037d8       0x11 ./Example/src/FRTOS.o
 *fill*         0x000037e9        0x3 ff
 .rodata.OscRateIn
                0x000037ec        0x4 ./Example/src/sysinit.o
                0x000037ec                OscRateIn
 .rodata.RTCOscRateIn
                0x000037f0        0x4 ./Example/src/sysinit.o
                0x000037f0                RTCOscRateIn
 .rodata.str1.1
                0x000037f4       0x18 c:/nxp/lpcxpresso_8.2.2_650/lpcxpresso/tools/bin/../lib/gcc/arm-none-eabi/5.4.1/../../../../arm-none-eabi/lib/armv7-m\libcr_c.a(alloc.o)
 .rodata.str1.1
                0x0000380c        0x4 c:/nxp/lpcxpresso_8.2.2_650/lpcxpresso/tools/bin/../lib/gcc/arm-none-eabi/5.4.1/../../../../arm-none-eabi/lib/armv7-m\libcr_c.a(initio.o)
                0x00003810                . = ALIGN (0x4)

.glue_7         0x00003810        0x0
 .glue_7        0x00003810        0x0 linker stubs

.glue_7t        0x00003810        0x0
 .glue_7t       0x00003810        0x0 linker stubs

.vfp11_veneer   0x00003810        0x0
 .vfp11_veneer  0x00003810        0x0 linker stubs

.v4_bx          0x00003810        0x0
 .v4_bx         0x00003810        0x0 linker stubs

.iplt           0x00003810        0x0
 .iplt          0x00003810        0x0 ./freeRTOS/src/FreeRTOSCommonHooks.o

.rel.dyn        0x00003810        0x0
 .rel.iplt      0x00003810        0x0 ./freeRTOS/src/FreeRTOSCommonHooks.o

.ARM.extab
 *(.ARM.extab* .gnu.linkonce.armextab.*)
                0x00003810                __exidx_start = .

.ARM.exidx
 *(.ARM.exidx* .gnu.linkonce.armexidx.*)
                0x00003810                __exidx_end = .
                0x00003810                _etext = .

.data_RAM2      0x2007c000        0x0 load address 0x00003810
 FILL mask 0xff
                [!provide]                PROVIDE (__start_data_RAM2, .)
 *(.ramfunc.$RAM2)
 *(.ramfunc.$RamAHB32)
 *(.data.$RAM2*)
 *(.data.$RamAHB32*)
                0x2007c000                . = ALIGN (0x4)
                [!provide]                PROVIDE (__end_data_RAM2, .)

.uninit_RESERVED
                0x10000000        0x0
 *(.bss.$RESERVED*)
                0x10000000                . = ALIGN (0x4)
                0x10000000                _end_uninit_RESERVED = .

.data           0x10000000       0x60 load address 0x00003810
 FILL mask 0xff
                0x10000000                _data = .
 *(vtable)
 *(.ramfunc*)
 *(.data*)
 .data.uxCriticalNesting
                0x10000000        0x4 ./freeRTOS/src/port.o
 .data.Datos_Tx
                0x10000004        0x6 ./Example/src/FRTOS.o
                0x10000004                Datos_Tx
 *fill*         0x1000000a        0x2 ff
 .data.i2c      0x1000000c       0x54 C:\Users\unknown\Documents\LPCWorkspace\lpc_chip_175x_6x\Debug\liblpc_chip_175x_6x.a(i2c_17xx_40xx.o)
                0x10000060                . = ALIGN (0x4)
                0x10000060                _edata = .

.igot.plt       0x10000060        0x0 load address 0x00003870
 .igot.plt      0x10000060        0x0 ./freeRTOS/src/FreeRTOSCommonHooks.o

.bss_RAM2       0x2007c000        0x0
                [!provide]                PROVIDE (__start_bss_RAM2, .)
 *(.bss.$RAM2*)
 *(.bss.$RamAHB32*)
                0x2007c000                . = ALIGN ((. != 0x0)?0x4:0x1)
                [!provide]                PROVIDE (__end_bss_RAM2, .)

.bss            0x10000060      0x280
                0x10000060                _bss = .
 *(.bss*)
 .bss.ulTimerCountsForOneTick
                0x10000060        0x4 ./freeRTOS/src/port.o
 .bss.xMaximumPossibleSuppressedTicks
                0x10000064        0x4 ./freeRTOS/src/port.o
 .bss.ulStoppedTimerCompensation
                0x10000068        0x4 ./freeRTOS/src/port.o
 .bss.pxCurrentTCB
                0x1000006c        0x4 ./freeRTOS/src/tasks.o
                0x1000006c                pxCurrentTCB
 .bss.pxReadyTasksLists
                0x10000070       0x64 ./freeRTOS/src/tasks.o
 .bss.xDelayedTaskList1
                0x100000d4       0x14 ./freeRTOS/src/tasks.o
 .bss.xDelayedTaskList2
                0x100000e8       0x14 ./freeRTOS/src/tasks.o
 .bss.pxDelayedTaskList
                0x100000fc        0x4 ./freeRTOS/src/tasks.o
 .bss.pxOverflowDelayedTaskList
                0x10000100        0x4 ./freeRTOS/src/tasks.o
 .bss.xPendingReadyList
                0x10000104       0x14 ./freeRTOS/src/tasks.o
 .bss.xTasksWaitingTermination
                0x10000118       0x14 ./freeRTOS/src/tasks.o
 .bss.uxDeletedTasksWaitingCleanUp
                0x1000012c        0x4 ./freeRTOS/src/tasks.o
 .bss.xSuspendedTaskList
                0x10000130       0x14 ./freeRTOS/src/tasks.o
 .bss.uxCurrentNumberOfTasks
                0x10000144        0x4 ./freeRTOS/src/tasks.o
 .bss.xTickCount
                0x10000148        0x4 ./freeRTOS/src/tasks.o
 .bss.uxTopReadyPriority
                0x1000014c        0x4 ./freeRTOS/src/tasks.o
 .bss.xSchedulerRunning
                0x10000150        0x4 ./freeRTOS/src/tasks.o
 .bss.uxPendedTicks
                0x10000154        0x4 ./freeRTOS/src/tasks.o
 .bss.xYieldPending
                0x10000158        0x4 ./freeRTOS/src/tasks.o
 .bss.xNumOfOverflows
                0x1000015c        0x4 ./freeRTOS/src/tasks.o
 .bss.uxTaskNumber
                0x10000160        0x4 ./freeRTOS/src/tasks.o
 .bss.xNextTaskUnblockTime
                0x10000164        0x4 ./freeRTOS/src/tasks.o
 .bss.xIdleTaskHandle
                0x10000168        0x4 ./freeRTOS/src/tasks.o
 .bss.uxSchedulerSuspended
                0x1000016c        0x4 ./freeRTOS/src/tasks.o
 .bss.Semaphore_ADC
                0x10000170        0x4 ./Example/src/FRTOS.o
                0x10000170                Semaphore_ADC
 .bss.Semaphore_I2C
                0x10000174        0x4 ./Example/src/FRTOS.o
                0x10000174                Semaphore_I2C
 .bss.Cola_Aperturas
                0x10000178        0x4 ./Example/src/FRTOS.o
                0x10000178                Cola_Aperturas
 .bss.Cola_Aperturas_Finales
                0x1000017c        0x4 ./Example/src/FRTOS.o
                0x1000017c                Cola_Aperturas_Finales
 .bss.Datos_Rx  0x10000180        0x4 ./Example/src/FRTOS.o
                0x10000180                Datos_Rx
 .bss.ADCSetup  0x10000184        0x8 ./Example/src/FRTOS.o
 .bss._extra    0x1000018c        0x4 c:/nxp/lpcxpresso_8.2.2_650/lpcxpresso/tools/bin/../lib/gcc/arm-none-eabi/5.4.1/../../../../arm-none-eabi/lib/armv7-m\libcr_c.a(initio.o)
                0x1000018c                _extra
 .bss.__Ciob    0x10000190      0x140 c:/nxp/lpcxpresso_8.2.2_650/lpcxpresso/tools/bin/../lib/gcc/arm-none-eabi/5.4.1/../../../../arm-none-eabi/lib/armv7-m\libcr_c.a(stdio.o)
                0x10000190                __Ciob
 .bss.__heaps   0x100002d0        0x4 c:/nxp/lpcxpresso_8.2.2_650/lpcxpresso/tools/bin/../lib/gcc/arm-none-eabi/5.4.1/../../../../arm-none-eabi/lib/armv7-m\libcr_c.a(__init_alloc.o)
                0x100002d0                __heaps
 .bss.__end_of_heap
                0x100002d4        0x4 c:/nxp/lpcxpresso_8.2.2_650/lpcxpresso/tools/bin/../lib/gcc/arm-none-eabi/5.4.1/../../../../arm-none-eabi/lib/armv7-m\libcr_c.a(__init_alloc.o)
                0x100002d4                __end_of_heap
 .bss.errno     0x100002d8        0x4 c:/nxp/lpcxpresso_8.2.2_650/lpcxpresso/tools/bin/../lib/gcc/arm-none-eabi/5.4.1/../../../../arm-none-eabi/lib/armv7-m\libcr_c.a(errno.o)
                0x100002d8                errno
 *(COMMON)
 COMMON         0x100002dc        0x4 C:\Users\unknown\Documents\LPCWorkspace\lpc_chip_175x_6x\Debug\liblpc_chip_175x_6x.a(chip_17xx_40xx.o)
                0x100002dc                SystemCoreClock
                0x100002e0                . = ALIGN (0x4)
                0x100002e0                _ebss = .
                [!provide]                PROVIDE (end, .)

.noinit_RAM2    0x2007c000        0x0
 *(.noinit.$RAM2*)
 *(.noinit.$RamAHB32*)
                0x2007c000                . = ALIGN (0x4)

.noinit         0x100002e0        0x0
                0x100002e0                _noinit = .
 *(.noinit*)
                0x100002e0                . = ALIGN (0x4)
                0x100002e0                _end_noinit = .
                0x100002e0                PROVIDE (_pvHeapStart, DEFINED (__user_heap_base)?__user_heap_base:.)
                0x10008000                PROVIDE (_vStackTop, DEFINED (__user_stack_top)?__user_stack_top:(__top_RamLoc32 - 0x0))
                0xefff74b2                PROVIDE (__valid_user_code_checksum, (0x0 - ((((((_vStackTop + (ResetISR + 0x1)) + (NMI_Handler + 0x1)) + (HardFault_Handler + 0x1)) + (DEFINED (MemManage_Handler)?MemManage_Handler:0x0 + 0x1)) + (DEFINED (BusFault_Handler)?BusFault_Handler:0x0 + 0x1)) + (DEFINED (UsageFault_Handler)?UsageFault_Handler:0x0 + 0x1))))
OUTPUT(Segundo parcial 2016.axf elf32-littlearm)

.debug_info     0x00000000     0x778d
 .debug_info    0x00000000      0x222 ./freeRTOS/src/FreeRTOSCommonHooks.o
 .debug_info    0x00000222       0xe7 ./freeRTOS/src/heap_3.o
 .debug_info    0x00000309      0x296 ./freeRTOS/src/list.o
 .debug_info    0x0000059f      0x3b6 ./freeRTOS/src/port.o
 .debug_info    0x00000955      0xf1c ./freeRTOS/src/queue.o
 .debug_info    0x00001871     0x1972 ./freeRTOS/src/tasks.o
 .debug_info    0x000031e3      0xefe ./Example/src/FRTOS.o
 .debug_info    0x000040e1      0x253 ./Example/src/cr_startup_lpc175x_6x.o
 .debug_info    0x00004334      0x1c1 ./Example/src/sysinit.o
 .debug_info    0x000044f5      0x88d C:\Users\unknown\Documents\LPCWorkspace\lpc_chip_175x_6x\Debug\liblpc_chip_175x_6x.a(adc_17xx_40xx.o)
 .debug_info    0x00004d82      0x51e C:\Users\unknown\Documents\LPCWorkspace\lpc_chip_175x_6x\Debug\liblpc_chip_175x_6x.a(chip_17xx_40xx.o)
 .debug_info    0x000052a0      0xb62 C:\Users\unknown\Documents\LPCWorkspace\lpc_chip_175x_6x\Debug\liblpc_chip_175x_6x.a(clock_17xx_40xx.o)
 .debug_info    0x00005e02      0xe70 C:\Users\unknown\Documents\LPCWorkspace\lpc_chip_175x_6x\Debug\liblpc_chip_175x_6x.a(i2c_17xx_40xx.o)
 .debug_info    0x00006c72      0x2e9 C:\Users\unknown\Documents\LPCWorkspace\lpc_chip_175x_6x\Debug\liblpc_chip_175x_6x.a(iocon_17xx_40xx.o)
 .debug_info    0x00006f5b      0x439 C:\Users\unknown\Documents\LPCWorkspace\lpc_chip_175x_6x\Debug\liblpc_chip_175x_6x.a(sysinit_17xx_40xx.o)
 .debug_info    0x00007394      0x3f9 C:\Users\unknown\Documents\LPCWorkspace\lpc_chip_175x_6x\Debug\liblpc_chip_175x_6x.a(timer_17xx_40xx.o)

.debug_abbrev   0x00000000     0x1a9c
 .debug_abbrev  0x00000000      0x168 ./freeRTOS/src/FreeRTOSCommonHooks.o
 .debug_abbrev  0x00000168       0xa2 ./freeRTOS/src/heap_3.o
 .debug_abbrev  0x0000020a       0xc1 ./freeRTOS/src/list.o
 .debug_abbrev  0x000002cb      0x20d ./freeRTOS/src/port.o
 .debug_abbrev  0x000004d8      0x216 ./freeRTOS/src/queue.o
 .debug_abbrev  0x000006ee      0x2bd ./freeRTOS/src/tasks.o
 .debug_abbrev  0x000009ab      0x2a0 ./Example/src/FRTOS.o
 .debug_abbrev  0x00000c4b       0xf5 ./Example/src/cr_startup_lpc175x_6x.o
 .debug_abbrev  0x00000d40       0xcc ./Example/src/sysinit.o
 .debug_abbrev  0x00000e0c      0x1bc C:\Users\unknown\Documents\LPCWorkspace\lpc_chip_175x_6x\Debug\liblpc_chip_175x_6x.a(adc_17xx_40xx.o)
 .debug_abbrev  0x00000fc8      0x13c C:\Users\unknown\Documents\LPCWorkspace\lpc_chip_175x_6x\Debug\liblpc_chip_175x_6x.a(chip_17xx_40xx.o)
 .debug_abbrev  0x00001104      0x2ec C:\Users\unknown\Documents\LPCWorkspace\lpc_chip_175x_6x\Debug\liblpc_chip_175x_6x.a(clock_17xx_40xx.o)
 .debug_abbrev  0x000013f0      0x2ae C:\Users\unknown\Documents\LPCWorkspace\lpc_chip_175x_6x\Debug\liblpc_chip_175x_6x.a(i2c_17xx_40xx.o)
 .debug_abbrev  0x0000169e      0x126 C:\Users\unknown\Documents\LPCWorkspace\lpc_chip_175x_6x\Debug\liblpc_chip_175x_6x.a(iocon_17xx_40xx.o)
 .debug_abbrev  0x000017c4      0x175 C:\Users\unknown\Documents\LPCWorkspace\lpc_chip_175x_6x\Debug\liblpc_chip_175x_6x.a(sysinit_17xx_40xx.o)
 .debug_abbrev  0x00001939      0x163 C:\Users\unknown\Documents\LPCWorkspace\lpc_chip_175x_6x\Debug\liblpc_chip_175x_6x.a(timer_17xx_40xx.o)

.debug_aranges  0x00000000      0x9a8
 .debug_aranges
                0x00000000       0x40 ./freeRTOS/src/FreeRTOSCommonHooks.o
 .debug_aranges
                0x00000040       0x28 ./freeRTOS/src/heap_3.o
 .debug_aranges
                0x00000068       0x40 ./freeRTOS/src/list.o
 .debug_aranges
                0x000000a8       0x78 ./freeRTOS/src/port.o
 .debug_aranges
                0x00000120      0x110 ./freeRTOS/src/queue.o
 .debug_aranges
                0x00000230      0x1e8 ./freeRTOS/src/tasks.o
 .debug_aranges
                0x00000418      0x128 ./Example/src/FRTOS.o
 .debug_aranges
                0x00000540       0x80 ./Example/src/cr_startup_lpc175x_6x.o
 .debug_aranges
                0x000005c0       0x20 ./Example/src/sysinit.o
 .debug_aranges
                0x000005e0       0x88 C:\Users\unknown\Documents\LPCWorkspace\lpc_chip_175x_6x\Debug\liblpc_chip_175x_6x.a(adc_17xx_40xx.o)
 .debug_aranges
                0x00000668       0x38 C:\Users\unknown\Documents\LPCWorkspace\lpc_chip_175x_6x\Debug\liblpc_chip_175x_6x.a(chip_17xx_40xx.o)
 .debug_aranges
                0x000006a0      0x120 C:\Users\unknown\Documents\LPCWorkspace\lpc_chip_175x_6x\Debug\liblpc_chip_175x_6x.a(clock_17xx_40xx.o)
 .debug_aranges
                0x000007c0      0x118 C:\Users\unknown\Documents\LPCWorkspace\lpc_chip_175x_6x\Debug\liblpc_chip_175x_6x.a(i2c_17xx_40xx.o)
 .debug_aranges
                0x000008d8       0x30 C:\Users\unknown\Documents\LPCWorkspace\lpc_chip_175x_6x\Debug\liblpc_chip_175x_6x.a(iocon_17xx_40xx.o)
 .debug_aranges
                0x00000908       0x60 C:\Users\unknown\Documents\LPCWorkspace\lpc_chip_175x_6x\Debug\liblpc_chip_175x_6x.a(sysinit_17xx_40xx.o)
 .debug_aranges
                0x00000968       0x40 C:\Users\unknown\Documents\LPCWorkspace\lpc_chip_175x_6x\Debug\liblpc_chip_175x_6x.a(timer_17xx_40xx.o)

.debug_ranges   0x00000000      0x8a8
 .debug_ranges  0x00000000       0x30 ./freeRTOS/src/FreeRTOSCommonHooks.o
 .debug_ranges  0x00000030       0x18 ./freeRTOS/src/heap_3.o
 .debug_ranges  0x00000048       0x30 ./freeRTOS/src/list.o
 .debug_ranges  0x00000078       0x68 ./freeRTOS/src/port.o
 .debug_ranges  0x000000e0      0x100 ./freeRTOS/src/queue.o
 .debug_ranges  0x000001e0      0x1d8 ./freeRTOS/src/tasks.o
 .debug_ranges  0x000003b8      0x118 ./Example/src/FRTOS.o
 .debug_ranges  0x000004d0       0x70 ./Example/src/cr_startup_lpc175x_6x.o
 .debug_ranges  0x00000540       0x10 ./Example/src/sysinit.o
 .debug_ranges  0x00000550       0x78 C:\Users\unknown\Documents\LPCWorkspace\lpc_chip_175x_6x\Debug\liblpc_chip_175x_6x.a(adc_17xx_40xx.o)
 .debug_ranges  0x000005c8       0x28 C:\Users\unknown\Documents\LPCWorkspace\lpc_chip_175x_6x\Debug\liblpc_chip_175x_6x.a(chip_17xx_40xx.o)
 .debug_ranges  0x000005f0      0x110 C:\Users\unknown\Documents\LPCWorkspace\lpc_chip_175x_6x\Debug\liblpc_chip_175x_6x.a(clock_17xx_40xx.o)
 .debug_ranges  0x00000700      0x108 C:\Users\unknown\Documents\LPCWorkspace\lpc_chip_175x_6x\Debug\liblpc_chip_175x_6x.a(i2c_17xx_40xx.o)
 .debug_ranges  0x00000808       0x20 C:\Users\unknown\Documents\LPCWorkspace\lpc_chip_175x_6x\Debug\liblpc_chip_175x_6x.a(iocon_17xx_40xx.o)
 .debug_ranges  0x00000828       0x50 C:\Users\unknown\Documents\LPCWorkspace\lpc_chip_175x_6x\Debug\liblpc_chip_175x_6x.a(sysinit_17xx_40xx.o)
 .debug_ranges  0x00000878       0x30 C:\Users\unknown\Documents\LPCWorkspace\lpc_chip_175x_6x\Debug\liblpc_chip_175x_6x.a(timer_17xx_40xx.o)

.debug_macro    0x00000000     0x6501
 .debug_macro   0x00000000      0x24f ./freeRTOS/src/FreeRTOSCommonHooks.o
 .debug_macro   0x0000024f      0x898 ./freeRTOS/src/FreeRTOSCommonHooks.o
 .debug_macro   0x00000ae7       0x10 ./freeRTOS/src/FreeRTOSCommonHooks.o
 .debug_macro   0x00000af7      0x12d ./freeRTOS/src/FreeRTOSCommonHooks.o
 .debug_macro   0x00000c24       0x16 ./freeRTOS/src/FreeRTOSCommonHooks.o
 .debug_macro   0x00000c3a      0x5b2 ./freeRTOS/src/FreeRTOSCommonHooks.o
 .debug_macro   0x000011ec       0xe8 ./freeRTOS/src/FreeRTOSCommonHooks.o
 .debug_macro   0x000012d4      0x168 ./freeRTOS/src/FreeRTOSCommonHooks.o
 .debug_macro   0x0000143c       0xe4 ./freeRTOS/src/FreeRTOSCommonHooks.o
 .debug_macro   0x00001520       0x10 ./freeRTOS/src/FreeRTOSCommonHooks.o
 .debug_macro   0x00001530       0x1f ./freeRTOS/src/FreeRTOSCommonHooks.o
 .debug_macro   0x0000154f      0x3f3 ./freeRTOS/src/FreeRTOSCommonHooks.o
 .debug_macro   0x00001942       0xc0 ./freeRTOS/src/FreeRTOSCommonHooks.o
 .debug_macro   0x00001a02       0x8c ./freeRTOS/src/FreeRTOSCommonHooks.o
 .debug_macro   0x00001a8e       0x22 ./freeRTOS/src/FreeRTOSCommonHooks.o
 .debug_macro   0x00001ab0       0x74 ./freeRTOS/src/FreeRTOSCommonHooks.o
 .debug_macro   0x00001b24       0x10 ./freeRTOS/src/FreeRTOSCommonHooks.o
 .debug_macro   0x00001b34       0x2d ./freeRTOS/src/FreeRTOSCommonHooks.o
 .debug_macro   0x00001b61       0x3a ./freeRTOS/src/FreeRTOSCommonHooks.o
 .debug_macro   0x00001b9b       0x2d ./freeRTOS/src/FreeRTOSCommonHooks.o
 .debug_macro   0x00001bc8      0xbb1 ./freeRTOS/src/FreeRTOSCommonHooks.o
 .debug_macro   0x00002779      0x22c ./freeRTOS/src/FreeRTOSCommonHooks.o
 .debug_macro   0x000029a5       0x42 ./freeRTOS/src/FreeRTOSCommonHooks.o
 .debug_macro   0x000029e7       0x52 ./freeRTOS/src/FreeRTOSCommonHooks.o
 .debug_macro   0x00002a39       0x78 ./freeRTOS/src/FreeRTOSCommonHooks.o
 .debug_macro   0x00002ab1       0x82 ./freeRTOS/src/FreeRTOSCommonHooks.o
 .debug_macro   0x00002b33      0x48c ./freeRTOS/src/FreeRTOSCommonHooks.o
 .debug_macro   0x00002fbf       0x34 ./freeRTOS/src/FreeRTOSCommonHooks.o
 .debug_macro   0x00002ff3      0x4c5 ./freeRTOS/src/FreeRTOSCommonHooks.o
 .debug_macro   0x000034b8      0x1b7 ./freeRTOS/src/FreeRTOSCommonHooks.o
 .debug_macro   0x0000366f       0x10 ./freeRTOS/src/FreeRTOSCommonHooks.o
 .debug_macro   0x0000367f      0x21b ./freeRTOS/src/FreeRTOSCommonHooks.o
 .debug_macro   0x0000389a      0x1b9 ./freeRTOS/src/FreeRTOSCommonHooks.o
 .debug_macro   0x00003a53       0x40 ./freeRTOS/src/FreeRTOSCommonHooks.o
 .debug_macro   0x00003a93       0x22 ./freeRTOS/src/FreeRTOSCommonHooks.o
 .debug_macro   0x00003ab5      0x162 ./freeRTOS/src/FreeRTOSCommonHooks.o
 .debug_macro   0x00003c17       0x94 ./freeRTOS/src/FreeRTOSCommonHooks.o
 .debug_macro   0x00003cab       0xb8 ./freeRTOS/src/FreeRTOSCommonHooks.o
 .debug_macro   0x00003d63       0x4c ./freeRTOS/src/FreeRTOSCommonHooks.o
 .debug_macro   0x00003daf       0x16 ./freeRTOS/src/FreeRTOSCommonHooks.o
 .debug_macro   0x00003dc5      0x328 ./freeRTOS/src/FreeRTOSCommonHooks.o
 .debug_macro   0x000040ed       0x49 ./freeRTOS/src/FreeRTOSCommonHooks.o
 .debug_macro   0x00004136       0x16 ./freeRTOS/src/FreeRTOSCommonHooks.o
 .debug_macro   0x0000414c       0xca ./freeRTOS/src/FreeRTOSCommonHooks.o
 .debug_macro   0x00004216       0x11 ./freeRTOS/src/FreeRTOSCommonHooks.o
 .debug_macro   0x00004227       0xd4 ./freeRTOS/src/heap_3.o
 .debug_macro   0x000042fb       0xb9 ./freeRTOS/src/list.o
 .debug_macro   0x000043b4      0x159 ./freeRTOS/src/port.o
 .debug_macro   0x0000450d      0x122 ./freeRTOS/src/queue.o
 .debug_macro   0x0000462f       0x94 ./freeRTOS/src/queue.o
 .debug_macro   0x000046c3      0x185 ./freeRTOS/src/tasks.o
 .debug_macro   0x00004848       0x11 ./freeRTOS/src/tasks.o
 .debug_macro   0x00004859      0x306 ./Example/src/FRTOS.o
 .debug_macro   0x00004b5f       0x7b ./Example/src/FRTOS.o
 .debug_macro   0x00004bda       0x18 ./Example/src/FRTOS.o
 .debug_macro   0x00004bf2       0x10 ./Example/src/FRTOS.o
 .debug_macro   0x00004c02       0xe8 ./Example/src/FRTOS.o
 .debug_macro   0x00004cea       0x78 ./Example/src/FRTOS.o
 .debug_macro   0x00004d62       0x82 ./Example/src/FRTOS.o
 .debug_macro   0x00004de4       0x1d ./Example/src/cr_startup_lpc175x_6x.o
 .debug_macro   0x00004e01      0x1cd ./Example/src/sysinit.o
 .debug_macro   0x00004fce      0x1cd C:\Users\unknown\Documents\LPCWorkspace\lpc_chip_175x_6x\Debug\liblpc_chip_175x_6x.a(adc_17xx_40xx.o)
 .debug_macro   0x0000519b      0x886 C:\Users\unknown\Documents\LPCWorkspace\lpc_chip_175x_6x\Debug\liblpc_chip_175x_6x.a(adc_17xx_40xx.o)
 .debug_macro   0x00005a21      0x1cd C:\Users\unknown\Documents\LPCWorkspace\lpc_chip_175x_6x\Debug\liblpc_chip_175x_6x.a(chip_17xx_40xx.o)
 .debug_macro   0x00005bee      0x1cd C:\Users\unknown\Documents\LPCWorkspace\lpc_chip_175x_6x\Debug\liblpc_chip_175x_6x.a(clock_17xx_40xx.o)
 .debug_macro   0x00005dbb      0x1df C:\Users\unknown\Documents\LPCWorkspace\lpc_chip_175x_6x\Debug\liblpc_chip_175x_6x.a(i2c_17xx_40xx.o)
 .debug_macro   0x00005f9a      0x1cd C:\Users\unknown\Documents\LPCWorkspace\lpc_chip_175x_6x\Debug\liblpc_chip_175x_6x.a(iocon_17xx_40xx.o)
 .debug_macro   0x00006167      0x1cd C:\Users\unknown\Documents\LPCWorkspace\lpc_chip_175x_6x\Debug\liblpc_chip_175x_6x.a(sysinit_17xx_40xx.o)
 .debug_macro   0x00006334      0x1cd C:\Users\unknown\Documents\LPCWorkspace\lpc_chip_175x_6x\Debug\liblpc_chip_175x_6x.a(timer_17xx_40xx.o)

.debug_line     0x00000000     0x5256
 .debug_line    0x00000000      0x5a1 ./freeRTOS/src/FreeRTOSCommonHooks.o
 .debug_line    0x000005a1      0x23f ./freeRTOS/src/heap_3.o
 .debug_line    0x000007e0      0x28d ./freeRTOS/src/list.o
 .debug_line    0x00000a6d      0x366 ./freeRTOS/src/port.o
 .debug_line    0x00000dd3      0x685 ./freeRTOS/src/queue.o
 .debug_line    0x00001458      0xbcb ./freeRTOS/src/tasks.o
 .debug_line    0x00002023      0x8bd ./Example/src/FRTOS.o
 .debug_line    0x000028e0       0xdd ./Example/src/cr_startup_lpc175x_6x.o
 .debug_line    0x000029bd      0x401 ./Example/src/sysinit.o
 .debug_line    0x00002dbe      0x521 C:\Users\unknown\Documents\LPCWorkspace\lpc_chip_175x_6x\Debug\liblpc_chip_175x_6x.a(adc_17xx_40xx.o)
 .debug_line    0x000032df      0x449 C:\Users\unknown\Documents\LPCWorkspace\lpc_chip_175x_6x\Debug\liblpc_chip_175x_6x.a(chip_17xx_40xx.o)
 .debug_line    0x00003728      0x6c5 C:\Users\unknown\Documents\LPCWorkspace\lpc_chip_175x_6x\Debug\liblpc_chip_175x_6x.a(clock_17xx_40xx.o)
 .debug_line    0x00003ded      0x71b C:\Users\unknown\Documents\LPCWorkspace\lpc_chip_175x_6x\Debug\liblpc_chip_175x_6x.a(i2c_17xx_40xx.o)
 .debug_line    0x00004508      0x435 C:\Users\unknown\Documents\LPCWorkspace\lpc_chip_175x_6x\Debug\liblpc_chip_175x_6x.a(iocon_17xx_40xx.o)
 .debug_line    0x0000493d      0x4bf C:\Users\unknown\Documents\LPCWorkspace\lpc_chip_175x_6x\Debug\liblpc_chip_175x_6x.a(sysinit_17xx_40xx.o)
 .debug_line    0x00004dfc      0x45a C:\Users\unknown\Documents\LPCWorkspace\lpc_chip_175x_6x\Debug\liblpc_chip_175x_6x.a(timer_17xx_40xx.o)

.debug_str      0x00000000    0x19ef1
 .debug_str     0x00000000    0x13a4e ./freeRTOS/src/FreeRTOSCommonHooks.o
                              0x13b4d (size before relaxing)
 .debug_str     0x00013a4e      0x103 ./freeRTOS/src/heap_3.o
                               0x723e (size before relaxing)
 .debug_str     0x00013b51      0x139 ./freeRTOS/src/list.o
                               0x6d57 (size before relaxing)
 .debug_str     0x00013c8a      0x76a ./freeRTOS/src/port.o
                               0x793a (size before relaxing)
 .debug_str     0x000143f4      0xf75 ./freeRTOS/src/queue.o
                               0x82d3 (size before relaxing)
 .debug_str     0x00015369     0x1b51 ./freeRTOS/src/tasks.o
                               0x9031 (size before relaxing)
 .debug_str     0x00016eba     0x1992 ./Example/src/FRTOS.o
                              0x15c23 (size before relaxing)
 .debug_str     0x0001884c      0x19f ./Example/src/cr_startup_lpc175x_6x.o
                               0x26b3 (size before relaxing)
 .debug_str     0x000189eb       0x23 ./Example/src/sysinit.o
                              0x1073d (size before relaxing)
 .debug_str     0x00018a0e      0x527 C:\Users\unknown\Documents\LPCWorkspace\lpc_chip_175x_6x\Debug\liblpc_chip_175x_6x.a(adc_17xx_40xx.o)
                              0x10ded (size before relaxing)
 .debug_str     0x00018f35      0x16b C:\Users\unknown\Documents\LPCWorkspace\lpc_chip_175x_6x\Debug\liblpc_chip_175x_6x.a(chip_17xx_40xx.o)
                              0x10b4a (size before relaxing)
 .debug_str     0x000190a0      0x623 C:\Users\unknown\Documents\LPCWorkspace\lpc_chip_175x_6x\Debug\liblpc_chip_175x_6x.a(clock_17xx_40xx.o)
                              0x111b8 (size before relaxing)
 .debug_str     0x000196c3      0x59f C:\Users\unknown\Documents\LPCWorkspace\lpc_chip_175x_6x\Debug\liblpc_chip_175x_6x.a(i2c_17xx_40xx.o)
                              0x111c8 (size before relaxing)
 .debug_str     0x00019c62       0x9f C:\Users\unknown\Documents\LPCWorkspace\lpc_chip_175x_6x\Debug\liblpc_chip_175x_6x.a(iocon_17xx_40xx.o)
                              0x10635 (size before relaxing)
 .debug_str     0x00019d01       0xc4 C:\Users\unknown\Documents\LPCWorkspace\lpc_chip_175x_6x\Debug\liblpc_chip_175x_6x.a(sysinit_17xx_40xx.o)
                              0x1081d (size before relaxing)
 .debug_str     0x00019dc5      0x12c C:\Users\unknown\Documents\LPCWorkspace\lpc_chip_175x_6x\Debug\liblpc_chip_175x_6x.a(timer_17xx_40xx.o)
                              0x10966 (size before relaxing)

.comment        0x00000000       0xdc
 .comment       0x00000000       0x6e ./freeRTOS/src/FreeRTOSCommonHooks.o
                                 0x6f (size before relaxing)
 .comment       0x0000006e       0x6f ./freeRTOS/src/heap_3.o
 .comment       0x0000006e       0x6f ./freeRTOS/src/list.o
 .comment       0x0000006e       0x6f ./freeRTOS/src/port.o
 .comment       0x0000006e       0x6f ./freeRTOS/src/queue.o
 .comment       0x0000006e       0x6f ./freeRTOS/src/tasks.o
 .comment       0x0000006e       0x6f ./Example/src/FRTOS.o
 .comment       0x0000006e       0x6f ./Example/src/cr_startup_lpc175x_6x.o
 .comment       0x0000006e       0x6f ./Example/src/sysinit.o
 .comment       0x0000006e       0x6f C:\Users\unknown\Documents\LPCWorkspace\lpc_chip_175x_6x\Debug\liblpc_chip_175x_6x.a(adc_17xx_40xx.o)
 .comment       0x0000006e       0x6f C:\Users\unknown\Documents\LPCWorkspace\lpc_chip_175x_6x\Debug\liblpc_chip_175x_6x.a(chip_17xx_40xx.o)
 .comment       0x0000006e       0x6f C:\Users\unknown\Documents\LPCWorkspace\lpc_chip_175x_6x\Debug\liblpc_chip_175x_6x.a(clock_17xx_40xx.o)
 .comment       0x0000006e       0x6f C:\Users\unknown\Documents\LPCWorkspace\lpc_chip_175x_6x\Debug\liblpc_chip_175x_6x.a(i2c_17xx_40xx.o)
 .comment       0x0000006e       0x6f C:\Users\unknown\Documents\LPCWorkspace\lpc_chip_175x_6x\Debug\liblpc_chip_175x_6x.a(iocon_17xx_40xx.o)
 .comment       0x0000006e       0x6f C:\Users\unknown\Documents\LPCWorkspace\lpc_chip_175x_6x\Debug\liblpc_chip_175x_6x.a(sysinit_17xx_40xx.o)
 .comment       0x0000006e       0x6f C:\Users\unknown\Documents\LPCWorkspace\lpc_chip_175x_6x\Debug\liblpc_chip_175x_6x.a(timer_17xx_40xx.o)
 .comment       0x0000006e       0x6e c:/nxp/lpcxpresso_8.2.2_650/lpcxpresso/tools/bin/../lib/gcc/arm-none-eabi/5.4.1/../../../../arm-none-eabi/lib/armv7-m\libcr_semihost.a(_cr__main.o)
                                 0x6f (size before relaxing)
 .comment       0x000000dc       0x6f c:/nxp/lpcxpresso_8.2.2_650/lpcxpresso/tools/bin/../lib/gcc/arm-none-eabi/5.4.1/../../../../arm-none-eabi/lib/armv7-m\libcr_c.a(memcpy.o)
 .comment       0x000000dc       0x6f c:/nxp/lpcxpresso_8.2.2_650/lpcxpresso/tools/bin/../lib/gcc/arm-none-eabi/5.4.1/../../../../arm-none-eabi/lib/armv7-m\libcr_c.a(memset.o)
 .comment       0x000000dc       0x6f c:/nxp/lpcxpresso_8.2.2_650/lpcxpresso/tools/bin/../lib/gcc/arm-none-eabi/5.4.1/../../../../arm-none-eabi/lib/armv7-m\libcr_c.a(alloc.o)
 .comment       0x000000dc       0x6f c:/nxp/lpcxpresso_8.2.2_650/lpcxpresso/tools/bin/../lib/gcc/arm-none-eabi/5.4.1/../../../../arm-none-eabi/lib/armv7-m\libcr_c.a(initio.o)
 .comment       0x000000dc       0x6f c:/nxp/lpcxpresso_8.2.2_650/lpcxpresso/tools/bin/../lib/gcc/arm-none-eabi/5.4.1/../../../../arm-none-eabi/lib/armv7-m\libcr_c.a(setvbuf.o)
 .comment       0x000000dc       0x6f c:/nxp/lpcxpresso_8.2.2_650/lpcxpresso/tools/bin/../lib/gcc/arm-none-eabi/5.4.1/../../../../arm-none-eabi/lib/armv7-m\libcr_c.a(stdio.o)
 .comment       0x000000dc       0x6f c:/nxp/lpcxpresso_8.2.2_650/lpcxpresso/tools/bin/../lib/gcc/arm-none-eabi/5.4.1/../../../../arm-none-eabi/lib/armv7-m\libcr_c.a(__init_alloc.o)
 .comment       0x000000dc       0x6f c:/nxp/lpcxpresso_8.2.2_650/lpcxpresso/tools/bin/../lib/gcc/arm-none-eabi/5.4.1/../../../../arm-none-eabi/lib/armv7-m\libcr_c.a(_cr_sbrk.o)
 .comment       0x000000dc       0x6f c:/nxp/lpcxpresso_8.2.2_650/lpcxpresso/tools/bin/../lib/gcc/arm-none-eabi/5.4.1/../../../../arm-none-eabi/lib/armv7-m\libcr_c.a(_deferredlazyseek.o)
 .comment       0x000000dc       0x6f c:/nxp/lpcxpresso_8.2.2_650/lpcxpresso/tools/bin/../lib/gcc/arm-none-eabi/5.4.1/../../../../arm-none-eabi/lib/armv7-m\libcr_c.a(_fdopen.o)
 .comment       0x000000dc       0x6f c:/nxp/lpcxpresso_8.2.2_650/lpcxpresso/tools/bin/../lib/gcc/arm-none-eabi/5.4.1/../../../../arm-none-eabi/lib/armv7-m\libcr_c.a(_fflush.o)
 .comment       0x000000dc       0x6f c:/nxp/lpcxpresso_8.2.2_650/lpcxpresso/tools/bin/../lib/gcc/arm-none-eabi/5.4.1/../../../../arm-none-eabi/lib/armv7-m\libcr_c.a(_writebuf.o)
 .comment       0x000000dc       0x6f c:/nxp/lpcxpresso_8.2.2_650/lpcxpresso/tools/bin/../lib/gcc/arm-none-eabi/5.4.1/../../../../arm-none-eabi/lib/armv7-m\libcr_c.a(errno.o)
 .comment       0x000000dc       0x6f c:/nxp/lpcxpresso_8.2.2_650/lpcxpresso/tools/bin/../lib/gcc/arm-none-eabi/5.4.1/../../../../arm-none-eabi/lib/armv7-m\libcr_c.a(fclose.o)
 .comment       0x000000dc       0x6f c:/nxp/lpcxpresso_8.2.2_650/lpcxpresso/tools/bin/../lib/gcc/arm-none-eabi/5.4.1/../../../../arm-none-eabi/lib/armv7-m\libcr_c.a(fflush.o)
 .comment       0x000000dc       0x6f c:/nxp/lpcxpresso_8.2.2_650/lpcxpresso/tools/bin/../lib/gcc/arm-none-eabi/5.4.1/../../../../arm-none-eabi/lib/armv7-m\libcr_c.a(fseek.o)
 .comment       0x000000dc       0x6f c:/nxp/lpcxpresso_8.2.2_650/lpcxpresso/tools/bin/../lib/gcc/arm-none-eabi/5.4.1/../../../../arm-none-eabi/lib/armv7-m\libcr_c.a(ftell.o)
 .comment       0x000000dc       0x6f c:/nxp/lpcxpresso_8.2.2_650/lpcxpresso/tools/bin/../lib/gcc/arm-none-eabi/5.4.1/../../../../arm-none-eabi/lib/armv7-m\libcr_c.a(remove.o)
 .comment       0x000000dc       0x6f c:/nxp/lpcxpresso_8.2.2_650/lpcxpresso/tools/bin/../lib/gcc/arm-none-eabi/5.4.1/../../../../arm-none-eabi/lib/armv7-m\libcr_c.a(strlen.o)
 .comment       0x000000dc       0x6f c:/nxp/lpcxpresso_8.2.2_650/lpcxpresso/tools/bin/../lib/gcc/arm-none-eabi/5.4.1/../../../../arm-none-eabi/lib/armv7-m\libcr_c.a(_cr_check_heap.o)
 .comment       0x000000dc       0x6f c:/nxp/lpcxpresso_8.2.2_650/lpcxpresso/tools/bin/../lib/gcc/arm-none-eabi/5.4.1/../../../../arm-none-eabi/lib/armv7-m\libcr_c.a(_do_fflush.o)

.ARM.attributes
                0x00000000       0x31
 .ARM.attributes
                0x00000000       0x33 ./freeRTOS/src/FreeRTOSCommonHooks.o
 .ARM.attributes
                0x00000033       0x33 ./freeRTOS/src/heap_3.o
 .ARM.attributes
                0x00000066       0x33 ./freeRTOS/src/list.o
 .ARM.attributes
                0x00000099       0x33 ./freeRTOS/src/port.o
 .ARM.attributes
                0x000000cc       0x33 ./freeRTOS/src/queue.o
 .ARM.attributes
                0x000000ff       0x33 ./freeRTOS/src/tasks.o
 .ARM.attributes
                0x00000132       0x33 ./Example/src/FRTOS.o
 .ARM.attributes
                0x00000165       0x33 ./Example/src/cr_startup_lpc175x_6x.o
 .ARM.attributes
                0x00000198       0x33 ./Example/src/sysinit.o
 .ARM.attributes
                0x000001cb       0x33 C:\Users\unknown\Documents\LPCWorkspace\lpc_chip_175x_6x\Debug\liblpc_chip_175x_6x.a(adc_17xx_40xx.o)
 .ARM.attributes
                0x000001fe       0x33 C:\Users\unknown\Documents\LPCWorkspace\lpc_chip_175x_6x\Debug\liblpc_chip_175x_6x.a(chip_17xx_40xx.o)
 .ARM.attributes
                0x00000231       0x33 C:\Users\unknown\Documents\LPCWorkspace\lpc_chip_175x_6x\Debug\liblpc_chip_175x_6x.a(clock_17xx_40xx.o)
 .ARM.attributes
                0x00000264       0x33 C:\Users\unknown\Documents\LPCWorkspace\lpc_chip_175x_6x\Debug\liblpc_chip_175x_6x.a(i2c_17xx_40xx.o)
 .ARM.attributes
                0x00000297       0x33 C:\Users\unknown\Documents\LPCWorkspace\lpc_chip_175x_6x\Debug\liblpc_chip_175x_6x.a(iocon_17xx_40xx.o)
 .ARM.attributes
                0x000002ca       0x33 C:\Users\unknown\Documents\LPCWorkspace\lpc_chip_175x_6x\Debug\liblpc_chip_175x_6x.a(sysinit_17xx_40xx.o)
 .ARM.attributes
                0x000002fd       0x33 C:\Users\unknown\Documents\LPCWorkspace\lpc_chip_175x_6x\Debug\liblpc_chip_175x_6x.a(timer_17xx_40xx.o)
 .ARM.attributes
                0x00000330       0x33 c:/nxp/lpcxpresso_8.2.2_650/lpcxpresso/tools/bin/../lib/gcc/arm-none-eabi/5.4.1/../../../../arm-none-eabi/lib/armv7-m\libcr_semihost.a(_cr__main.o)
 .ARM.attributes
                0x00000363       0x33 c:/nxp/lpcxpresso_8.2.2_650/lpcxpresso/tools/bin/../lib/gcc/arm-none-eabi/5.4.1/../../../../arm-none-eabi/lib/armv7-m\libcr_c.a(memcpy.o)
 .ARM.attributes
                0x00000396       0x33 c:/nxp/lpcxpresso_8.2.2_650/lpcxpresso/tools/bin/../lib/gcc/arm-none-eabi/5.4.1/../../../../arm-none-eabi/lib/armv7-m\libcr_c.a(memset.o)
 .ARM.attributes
                0x000003c9       0x33 c:/nxp/lpcxpresso_8.2.2_650/lpcxpresso/tools/bin/../lib/gcc/arm-none-eabi/5.4.1/../../../../arm-none-eabi/lib/armv7-m\libcr_c.a(alloc.o)
 .ARM.attributes
                0x000003fc       0x33 c:/nxp/lpcxpresso_8.2.2_650/lpcxpresso/tools/bin/../lib/gcc/arm-none-eabi/5.4.1/../../../../arm-none-eabi/lib/armv7-m\libcr_c.a(initio.o)
 .ARM.attributes
                0x0000042f       0x33 c:/nxp/lpcxpresso_8.2.2_650/lpcxpresso/tools/bin/../lib/gcc/arm-none-eabi/5.4.1/../../../../arm-none-eabi/lib/armv7-m\libcr_c.a(setvbuf.o)
 .ARM.attributes
                0x00000462       0x33 c:/nxp/lpcxpresso_8.2.2_650/lpcxpresso/tools/bin/../lib/gcc/arm-none-eabi/5.4.1/../../../../arm-none-eabi/lib/armv7-m\libcr_c.a(stdio.o)
 .ARM.attributes
                0x00000495       0x33 c:/nxp/lpcxpresso_8.2.2_650/lpcxpresso/tools/bin/../lib/gcc/arm-none-eabi/5.4.1/../../../../arm-none-eabi/lib/armv7-m\libcr_c.a(__init_alloc.o)
 .ARM.attributes
                0x000004c8       0x33 c:/nxp/lpcxpresso_8.2.2_650/lpcxpresso/tools/bin/../lib/gcc/arm-none-eabi/5.4.1/../../../../arm-none-eabi/lib/armv7-m\libcr_c.a(_cr_sbrk.o)
 .ARM.attributes
                0x000004fb       0x33 c:/nxp/lpcxpresso_8.2.2_650/lpcxpresso/tools/bin/../lib/gcc/arm-none-eabi/5.4.1/../../../../arm-none-eabi/lib/armv7-m\libcr_c.a(_deferredlazyseek.o)
 .ARM.attributes
                0x0000052e       0x33 c:/nxp/lpcxpresso_8.2.2_650/lpcxpresso/tools/bin/../lib/gcc/arm-none-eabi/5.4.1/../../../../arm-none-eabi/lib/armv7-m\libcr_c.a(_fdopen.o)
 .ARM.attributes
                0x00000561       0x33 c:/nxp/lpcxpresso_8.2.2_650/lpcxpresso/tools/bin/../lib/gcc/arm-none-eabi/5.4.1/../../../../arm-none-eabi/lib/armv7-m\libcr_c.a(_fflush.o)
 .ARM.attributes
                0x00000594       0x33 c:/nxp/lpcxpresso_8.2.2_650/lpcxpresso/tools/bin/../lib/gcc/arm-none-eabi/5.4.1/../../../../arm-none-eabi/lib/armv7-m\libcr_c.a(_writebuf.o)
 .ARM.attributes
                0x000005c7       0x33 c:/nxp/lpcxpresso_8.2.2_650/lpcxpresso/tools/bin/../lib/gcc/arm-none-eabi/5.4.1/../../../../arm-none-eabi/lib/armv7-m\libcr_c.a(errno.o)
 .ARM.attributes
                0x000005fa       0x33 c:/nxp/lpcxpresso_8.2.2_650/lpcxpresso/tools/bin/../lib/gcc/arm-none-eabi/5.4.1/../../../../arm-none-eabi/lib/armv7-m\libcr_c.a(fclose.o)
 .ARM.attributes
                0x0000062d       0x33 c:/nxp/lpcxpresso_8.2.2_650/lpcxpresso/tools/bin/../lib/gcc/arm-none-eabi/5.4.1/../../../../arm-none-eabi/lib/armv7-m\libcr_c.a(fflush.o)
 .ARM.attributes
                0x00000660       0x33 c:/nxp/lpcxpresso_8.2.2_650/lpcxpresso/tools/bin/../lib/gcc/arm-none-eabi/5.4.1/../../../../arm-none-eabi/lib/armv7-m\libcr_c.a(fseek.o)
 .ARM.attributes
                0x00000693       0x33 c:/nxp/lpcxpresso_8.2.2_650/lpcxpresso/tools/bin/../lib/gcc/arm-none-eabi/5.4.1/../../../../arm-none-eabi/lib/armv7-m\libcr_c.a(ftell.o)
 .ARM.attributes
                0x000006c6       0x33 c:/nxp/lpcxpresso_8.2.2_650/lpcxpresso/tools/bin/../lib/gcc/arm-none-eabi/5.4.1/../../../../arm-none-eabi/lib/armv7-m\libcr_c.a(remove.o)
 .ARM.attributes
                0x000006f9       0x33 c:/nxp/lpcxpresso_8.2.2_650/lpcxpresso/tools/bin/../lib/gcc/arm-none-eabi/5.4.1/../../../../arm-none-eabi/lib/armv7-m\libcr_c.a(strlen.o)
 .ARM.attributes
                0x0000072c       0x33 c:/nxp/lpcxpresso_8.2.2_650/lpcxpresso/tools/bin/../lib/gcc/arm-none-eabi/5.4.1/../../../../arm-none-eabi/lib/armv7-m\libcr_c.a(_cr_check_heap.o)
 .ARM.attributes
                0x0000075f       0x33 c:/nxp/lpcxpresso_8.2.2_650/lpcxpresso/tools/bin/../lib/gcc/arm-none-eabi/5.4.1/../../../../arm-none-eabi/lib/armv7-m\libcr_c.a(_do_fflush.o)
 .ARM.attributes
                0x00000792       0x21 c:/nxp/lpcxpresso_8.2.2_650/lpcxpresso/tools/bin/../lib/gcc/arm-none-eabi/5.4.1/armv7-m\libcr_eabihelpers.a(memcpy.o)
 .ARM.attributes
                0x000007b3       0x21 c:/nxp/lpcxpresso_8.2.2_650/lpcxpresso/tools/bin/../lib/gcc/arm-none-eabi/5.4.1/../../../../arm-none-eabi/lib/armv7-m\libcr_semihost.a(__sys_appexit.o)
 .ARM.attributes
                0x000007d4       0x21 c:/nxp/lpcxpresso_8.2.2_650/lpcxpresso/tools/bin/../lib/gcc/arm-none-eabi/5.4.1/../../../../arm-none-eabi/lib/armv7-m\libcr_semihost.a(__sys_close.o)
 .ARM.attributes
                0x000007f5       0x21 c:/nxp/lpcxpresso_8.2.2_650/lpcxpresso/tools/bin/../lib/gcc/arm-none-eabi/5.4.1/../../../../arm-none-eabi/lib/armv7-m\libcr_semihost.a(__sys_flen.o)
 .ARM.attributes
                0x00000816       0x21 c:/nxp/lpcxpresso_8.2.2_650/lpcxpresso/tools/bin/../lib/gcc/arm-none-eabi/5.4.1/../../../../arm-none-eabi/lib/armv7-m\libcr_semihost.a(__sys_istty.o)
 .ARM.attributes
                0x00000837       0x21 c:/nxp/lpcxpresso_8.2.2_650/lpcxpresso/tools/bin/../lib/gcc/arm-none-eabi/5.4.1/../../../../arm-none-eabi/lib/armv7-m\libcr_semihost.a(__sys_remove.o)
 .ARM.attributes
                0x00000858       0x21 c:/nxp/lpcxpresso_8.2.2_650/lpcxpresso/tools/bin/../lib/gcc/arm-none-eabi/5.4.1/../../../../arm-none-eabi/lib/armv7-m\libcr_semihost.a(__sys_seek.o)
 .ARM.attributes
                0x00000879       0x21 c:/nxp/lpcxpresso_8.2.2_650/lpcxpresso/tools/bin/../lib/gcc/arm-none-eabi/5.4.1/../../../../arm-none-eabi/lib/armv7-m\libcr_semihost.a(__sys_tmpnam.o)
 .ARM.attributes
                0x0000089a       0x21 c:/nxp/lpcxpresso_8.2.2_650/lpcxpresso/tools/bin/../lib/gcc/arm-none-eabi/5.4.1/../../../../arm-none-eabi/lib/armv7-m\libcr_semihost.a(__sys_write.o)

.debug_frame    0x00000000     0x253c
 .debug_frame   0x00000000       0xb4 ./freeRTOS/src/FreeRTOSCommonHooks.o
 .debug_frame   0x000000b4       0x58 ./freeRTOS/src/heap_3.o
 .debug_frame   0x0000010c       0xd8 ./freeRTOS/src/list.o
 .debug_frame   0x000001e4      0x178 ./freeRTOS/src/port.o
 .debug_frame   0x0000035c      0x498 ./freeRTOS/src/queue.o
 .debug_frame   0x000007f4      0x864 ./freeRTOS/src/tasks.o
 .debug_frame   0x00001058      0x4cc ./Example/src/FRTOS.o
 .debug_frame   0x00001524      0x170 ./Example/src/cr_startup_lpc175x_6x.o
 .debug_frame   0x00001694       0x34 ./Example/src/sysinit.o
 .debug_frame   0x000016c8      0x218 C:\Users\unknown\Documents\LPCWorkspace\lpc_chip_175x_6x\Debug\liblpc_chip_175x_6x.a(adc_17xx_40xx.o)
 .debug_frame   0x000018e0       0x88 C:\Users\unknown\Documents\LPCWorkspace\lpc_chip_175x_6x\Debug\liblpc_chip_175x_6x.a(chip_17xx_40xx.o)
 .debug_frame   0x00001968      0x490 C:\Users\unknown\Documents\LPCWorkspace\lpc_chip_175x_6x\Debug\liblpc_chip_175x_6x.a(clock_17xx_40xx.o)
 .debug_frame   0x00001df8      0x4c8 C:\Users\unknown\Documents\LPCWorkspace\lpc_chip_175x_6x\Debug\liblpc_chip_175x_6x.a(i2c_17xx_40xx.o)
 .debug_frame   0x000022c0       0x80 C:\Users\unknown\Documents\LPCWorkspace\lpc_chip_175x_6x\Debug\liblpc_chip_175x_6x.a(iocon_17xx_40xx.o)
 .debug_frame   0x00002340      0x12c C:\Users\unknown\Documents\LPCWorkspace\lpc_chip_175x_6x\Debug\liblpc_chip_175x_6x.a(sysinit_17xx_40xx.o)
 .debug_frame   0x0000246c       0xd0 C:\Users\unknown\Documents\LPCWorkspace\lpc_chip_175x_6x\Debug\liblpc_chip_175x_6x.a(timer_17xx_40xx.o)
